ARM Linker, 5.03 [Build 24] [MDK-ARM Standard]

==============================================================================

Section Cross References

    startup_stm32f10x_md.o(RESET) refers to startup_stm32f10x_md.o(STACK) for __initial_sp
    startup_stm32f10x_md.o(RESET) refers to startup_stm32f10x_md.o(.text) for Reset_Handler
    startup_stm32f10x_md.o(RESET) refers to rtc.o(i.RTC_IRQHandler) for RTC_IRQHandler
    startup_stm32f10x_md.o(RESET) refers to time2.o(i.TIM2_IRQHandler) for TIM2_IRQHandler
    startup_stm32f10x_md.o(RESET) refers to time3.o(i.TIM3_IRQHandler) for TIM3_IRQHandler
    startup_stm32f10x_md.o(RESET) refers to time4.o(i.TIM4_IRQHandler) for TIM4_IRQHandler
    startup_stm32f10x_md.o(RESET) refers to usart1_driver.o(i.USART1_IRQHandler) for USART1_IRQHandler
    startup_stm32f10x_md.o(.text) refers to system_stm32f10x.o(i.SystemInit) for SystemInit
    startup_stm32f10x_md.o(.text) refers to entry.o(.ARM.Collect$$$$00000000) for __main
    stm32f10x_adc.o(i.ADC_DeInit) refers to stm32f10x_rcc.o(i.RCC_APB2PeriphResetCmd) for RCC_APB2PeriphResetCmd
    stm32f10x_bkp.o(i.BKP_DeInit) refers to stm32f10x_rcc.o(i.RCC_BackupResetCmd) for RCC_BackupResetCmd
    stm32f10x_can.o(i.CAN_DeInit) refers to stm32f10x_rcc.o(i.RCC_APB1PeriphResetCmd) for RCC_APB1PeriphResetCmd
    stm32f10x_can.o(i.CAN_GetITStatus) refers to stm32f10x_can.o(i.CheckITStatus) for CheckITStatus
    stm32f10x_can.o(i.CAN_Receive) refers to stm32f10x_can.o(i.CAN_FIFORelease) for CAN_FIFORelease
    stm32f10x_cec.o(i.CEC_DeInit) refers to stm32f10x_rcc.o(i.RCC_APB1PeriphResetCmd) for RCC_APB1PeriphResetCmd
    stm32f10x_dac.o(i.DAC_DeInit) refers to stm32f10x_rcc.o(i.RCC_APB1PeriphResetCmd) for RCC_APB1PeriphResetCmd
    stm32f10x_flash.o(i.FLASH_EnableWriteProtection) refers to stm32f10x_flash.o(i.FLASH_WaitForLastOperation) for FLASH_WaitForLastOperation
    stm32f10x_flash.o(i.FLASH_EraseAllBank1Pages) refers to stm32f10x_flash.o(i.FLASH_WaitForLastBank1Operation) for FLASH_WaitForLastBank1Operation
    stm32f10x_flash.o(i.FLASH_EraseAllPages) refers to stm32f10x_flash.o(i.FLASH_WaitForLastOperation) for FLASH_WaitForLastOperation
    stm32f10x_flash.o(i.FLASH_EraseOptionBytes) refers to stm32f10x_flash.o(i.FLASH_GetReadOutProtectionStatus) for FLASH_GetReadOutProtectionStatus
    stm32f10x_flash.o(i.FLASH_EraseOptionBytes) refers to stm32f10x_flash.o(i.FLASH_WaitForLastOperation) for FLASH_WaitForLastOperation
    stm32f10x_flash.o(i.FLASH_ErasePage) refers to stm32f10x_flash.o(i.FLASH_WaitForLastOperation) for FLASH_WaitForLastOperation
    stm32f10x_flash.o(i.FLASH_ProgramHalfWord) refers to stm32f10x_flash.o(i.FLASH_WaitForLastOperation) for FLASH_WaitForLastOperation
    stm32f10x_flash.o(i.FLASH_ProgramOptionByteData) refers to stm32f10x_flash.o(i.FLASH_WaitForLastOperation) for FLASH_WaitForLastOperation
    stm32f10x_flash.o(i.FLASH_ProgramWord) refers to stm32f10x_flash.o(i.FLASH_WaitForLastOperation) for FLASH_WaitForLastOperation
    stm32f10x_flash.o(i.FLASH_ReadOutProtection) refers to stm32f10x_flash.o(i.FLASH_WaitForLastOperation) for FLASH_WaitForLastOperation
    stm32f10x_flash.o(i.FLASH_UserOptionByteConfig) refers to stm32f10x_flash.o(i.FLASH_WaitForLastOperation) for FLASH_WaitForLastOperation
    stm32f10x_flash.o(i.FLASH_WaitForLastBank1Operation) refers to stm32f10x_flash.o(i.FLASH_GetBank1Status) for FLASH_GetBank1Status
    stm32f10x_flash.o(i.FLASH_WaitForLastOperation) refers to stm32f10x_flash.o(i.FLASH_GetBank1Status) for FLASH_GetBank1Status
    stm32f10x_gpio.o(i.GPIO_AFIODeInit) refers to stm32f10x_rcc.o(i.RCC_APB2PeriphResetCmd) for RCC_APB2PeriphResetCmd
    stm32f10x_gpio.o(i.GPIO_DeInit) refers to stm32f10x_rcc.o(i.RCC_APB2PeriphResetCmd) for RCC_APB2PeriphResetCmd
    stm32f10x_i2c.o(i.I2C_DeInit) refers to stm32f10x_rcc.o(i.RCC_APB1PeriphResetCmd) for RCC_APB1PeriphResetCmd
    stm32f10x_i2c.o(i.I2C_Init) refers to stm32f10x_rcc.o(i.RCC_GetClocksFreq) for RCC_GetClocksFreq
    stm32f10x_pwr.o(i.PWR_DeInit) refers to stm32f10x_rcc.o(i.RCC_APB1PeriphResetCmd) for RCC_APB1PeriphResetCmd
    stm32f10x_rcc.o(i.RCC_GetClocksFreq) refers to stm32f10x_rcc.o(.data) for .data
    stm32f10x_rcc.o(i.RCC_WaitForHSEStartUp) refers to stm32f10x_rcc.o(i.RCC_GetFlagStatus) for RCC_GetFlagStatus
    stm32f10x_rtc.o(i.RTC_SetAlarm) refers to stm32f10x_rtc.o(i.RTC_EnterConfigMode) for RTC_EnterConfigMode
    stm32f10x_rtc.o(i.RTC_SetAlarm) refers to stm32f10x_rtc.o(i.RTC_ExitConfigMode) for RTC_ExitConfigMode
    stm32f10x_rtc.o(i.RTC_SetCounter) refers to stm32f10x_rtc.o(i.RTC_EnterConfigMode) for RTC_EnterConfigMode
    stm32f10x_rtc.o(i.RTC_SetCounter) refers to stm32f10x_rtc.o(i.RTC_ExitConfigMode) for RTC_ExitConfigMode
    stm32f10x_rtc.o(i.RTC_SetPrescaler) refers to stm32f10x_rtc.o(i.RTC_EnterConfigMode) for RTC_EnterConfigMode
    stm32f10x_rtc.o(i.RTC_SetPrescaler) refers to stm32f10x_rtc.o(i.RTC_ExitConfigMode) for RTC_ExitConfigMode
[...]
    Libraries\STM32F10x_StdPeriph_Driver\src\stm32f10x_gpio.c 0x00000000   Number         0  stm32f10x_gpio.o ABSOLUTE
    Libraries\STM32F10x_StdPeriph_Driver\src\stm32f10x_i2c.c 0x00000000   Number         0  stm32f10x_i2c.o ABSOLUTE
    Libraries\STM32F10x_StdPeriph_Driver\src\stm32f10x_iwdg.c 0x00000000   Number         0  stm32f10x_iwdg.o ABSOLUTE
    Libraries\STM32F10x_StdPeriph_Driver\src\stm32f10x_pwr.c 0x00000000   Number         0  stm32f10x_pwr.o ABSOLUTE
    Libraries\STM32F10x_StdPeriph_Driver\src\stm32f10x_rcc.c 0x00000000   Number         0  stm32f10x_rcc.o ABSOLUTE
    Libraries\STM32F10x_StdPeriph_Driver\src\stm32f10x_rtc.c 0x00000000   Number         0  stm32f10x_rtc.o ABSOLUTE
    Libraries\STM32F10x_StdPeriph_Driver\src\stm32f10x_sdio.c 0x00000000   Number         0  stm32f10x_sdio.o ABSOLUTE
    Libraries\STM32F10x_StdPeriph_Driver\src\stm32f10x_spi.c 0x00000000   Number         0  stm32f10x_spi.o ABSOLUTE
    Libraries\STM32F10x_StdPeriph_Driver\src\stm32f10x_tim.c 0x00000000   Number         0  stm32f10x_tim.o ABSOLUTE
    Libraries\STM32F10x_StdPeriph_Driver\src\stm32f10x_usart.c 0x00000000   Number         0  stm32f10x_usart.o ABSOLUTE
    Libraries\STM32F10x_StdPeriph_Driver\src\stm32f10x_wwdg.c 0x00000000   Number         0  stm32f10x_wwdg.o ABSOLUTE
    Libraries\\CMSIS\\CM3\\CoreSupport\\core_cm3.c 0x00000000   Number         0  core_cm3.o ABSOLUTE
    SRC\App\ADC.c                            0x00000000   Number         0  adc.o ABSOLUTE
    SRC\App\Common.c                         0x00000000   Number         0  common.o ABSOLUTE
    SRC\App\DS18B20.c                        0x00000000   Number         0  ds18b20.o ABSOLUTE
    SRC\App\Fire_control.c                   0x00000000   Number         0  fire_control.o ABSOLUTE
    SRC\App\Time2.c                          0x00000000   Number         0  time2.o ABSOLUTE
    SRC\App\Time3.c                          0x00000000   Number         0  time3.o ABSOLUTE
    SRC\App\Time4.c                          0x00000000   Number         0  time4.o ABSOLUTE
    SRC\App\algo.c                           0x00000000   Number         0  algo.o ABSOLUTE
    SRC\App\chip_uid.c                       0x00000000   Number         0  chip_uid.o ABSOLUTE
    SRC\App\data_backup.c                    0x00000000   Number         0  data_backup.o ABSOLUTE
    SRC\App\encryptAlog.c                    0x00000000   Number         0  encryptalog.o ABSOLUTE
    SRC\App\key.c                            0x00000000   Number         0  key.o ABSOLUTE
    SRC\App\main.c                           0x00000000   Number         0  main.o ABSOLUTE
    SRC\App\usart1_data.c                    0x00000000   Number         0  usart1_data.o ABSOLUTE
    SRC\App\usart2_data.c                    0x00000000   Number         0  usart2_data.o ABSOLUTE
    SRC\Drives\Beep.c                        0x00000000   Number         0  beep.o ABSOLUTE
    SRC\Drives\LED.c                         0x00000000   Number         0  led.o ABSOLUTE
    SRC\Drives\RS485.c                       0x00000000   Number         0  rs485.o ABSOLUTE
    SRC\Drives\RTC.c                         0x00000000   Number         0  rtc.o ABSOLUTE
    SRC\Drives\can.c                         0x00000000   Number         0  can.o ABSOLUTE
    SRC\Drives\delay.c                       0x00000000   Number         0  delay.o ABSOLUTE
    SRC\Drives\flash.c                       0x00000000   Number         0  flash.o ABSOLUTE
    SRC\Drives\usart1_driver.c               0x00000000   Number         0  usart1_driver.o ABSOLUTE
    SRC\Drives\usart2_driver.c               0x00000000   Number         0  usart2_driver.o ABSOLUTE
    cdcmple.s                                0x00000000   Number         0  cdcmple.o ABSOLUTE
    cdrcmple.s                               0x00000000   Number         0  cdrcmple.o ABSOLUTE
    dc.s                                     0x00000000   Number         0  dc.o ABSOLUTE
    handlers.s                               0x00000000   Number         0  handlers.o ABSOLUTE
    init.s                                   0x00000000   Number         0  init.o ABSOLUTE
    RESET                                    0x08000000   Section      236  startup_stm32f10x_md.o(RESET)
    .ARM.Collect$$$$00000000                 0x080000ec   Section        0  entry.o(.ARM.Collect$$$$00000000)
    .ARM.Collect$$$$00000001                 0x080000ec   Section        4  entry2.o(.ARM.Collect$$$$00000001)
    .ARM.Collect$$$$00000004                 0x080000f0   Section        4  entry5.o(.ARM.Collect$$$$00000004)
    .ARM.Collect$$$$00000008                 0x080000f4   Section        0  entry7b.o(.ARM.Collect$$$$00000008)
    .ARM.Collect$$$$0000000A                 0x080000f4   Section        0  entry8b.o(.ARM.Collect$$$$0000000A)
    .ARM.Collect$$$$0000000B                 0x080000f4   Section        8  entry9a.o(.ARM.Collect$$$$0000000B)
    .ARM.Collect$$$$0000000D                 0x080000fc   Section        0  entry10a.o(.ARM.Collect$$$$0000000D)
    .ARM.Collect$$$$0000000F                 0x080000fc   Section        0  entry11a.o(.ARM.Collect$$$$0000000F)
    .ARM.Collect$$$$00002712                 0x080000fc   Section        4  entry2.o(.ARM.Collect$$$$00002712)
    __lit__00000000                          0x080000fc   Data           4  entry2.o(.ARM.Collect$$$$00002712)
    .text                                    0x08000100   Section       36  startup_stm32f10x_md.o(.text)
    .text                                    0x08000124   Section        0  rand.o(.text)
    .text                                    0x08000148   Section        0  memcpya.o(.text)
    .text                                    0x0800016c   Section        0  memseta.o(.text)
    .text                                    0x08000190   Section        0  strlen.o(.text)
    .text                                    0x0800019e   Section        0  dadd.o(.text)
    .text                                    0x080002ec   Section        0  dmul.o(.text)
    .text                                    0x080003d0   Section        0  dscalb.o(.text)
    .text                                    0x080003fe   Section        0  ffltui.o(.text)
    .text                                    0x08000408   Section        0  dflti.o(.text)
    .text                                    0x0800042a   Section        0  dfltui.o(.text)
    .text                                    0x08000444   Section        0  dfixi.o(.text)
    .text                                    0x08000482   Section        0  dfixui.o(.text)
    .text                                    0x080004b4   Section        0  f2d.o(.text)
    .text                                    0x080004dc   Section       40  cdcmple.o(.text)
    .text                                    0x08000504   Section       40  cdrcmple.o(.text)
    .text                                    0x0800052c   Section        0  llshl.o(.text)
    .text                                    0x0800054a   Section        0  llushr.o(.text)
    .text                                    0x0800056a   Section        0  llsshr.o(.text)
    .text                                    0x0800058e   Section        0  iusefp.o(.text)
    .text                                    0x0800058e   Section        0  fepilogue.o(.text)
    .text                                    0x080005fa   Section        0  depilogue.o(.text)
    .text                                    0x080006b8   Section       36  init.o(.text)
    .text                                    0x080006dc   Section        0  __dczerorl2.o(.text)
    i.ADC_Cmd                                0x08000738   Section        0  stm32f10x_adc.o(i.ADC_Cmd)
    i.ADC_DMACmd                             0x0800074c   Section        0  stm32f10x_adc.o(i.ADC_DMACmd)
    i.ADC_GetCalibrationStatus               0x08000760   Section        0  stm32f10x_adc.o(i.ADC_GetCalibrationStatus)
    i.ADC_GetConversionValue                 0x0800076e   Section        0  stm32f10x_adc.o(i.ADC_GetConversionValue)
    i.ADC_GetResetCalibrationStatus          0x08000774   Section        0  stm32f10x_adc.o(i.ADC_GetResetCalibrationStatus)
    i.ADC_Init                               0x08000784   Section        0  stm32f10x_adc.o(i.ADC_Init)
    i.ADC_RegularChannelConfig               0x080007cc   Section        0  stm32f10x_adc.o(i.ADC_RegularChannelConfig)
    i.ADC_ResetCalibration                   0x08000840   Section        0  stm32f10x_adc.o(i.ADC_ResetCalibration)
    i.ADC_SoftwareStartConvCmd               0x0800084a   Section        0  stm32f10x_adc.o(i.ADC_SoftwareStartConvCmd)
    i.ADC_StartCalibration                   0x0800085e   Section        0  stm32f10x_adc.o(i.ADC_StartCalibration)
    i.BKP_DeInit                             0x08000868   Section        0  stm32f10x_bkp.o(i.BKP_DeInit)
    i.BKP_ReadBackupRegister                 0x0800087c   Section        0  stm32f10x_bkp.o(i.BKP_ReadBackupRegister)
    i.BKP_WriteBackupRegister                0x0800088c   Section        0  stm32f10x_bkp.o(i.BKP_WriteBackupRegister)
    i.Beep_reverse                           0x0800089c   Section        0  beep.o(i.Beep_reverse)
    i.CMP_Encrypted_ID                       0x080008ac   Section        0  encryptalog.o(i.CMP_Encrypted_ID)
    i.CancelalarmKEY                         0x080008fc   Section        0  key.o(i.CancelalarmKEY)
    i.Cancelalarm_detection                  0x08000970   Section        0  key.o(i.Cancelalarm_detection)
    i.ConvCalendarToSecTime                  0x080009b4   Section        0  rtc.o(i.ConvCalendarToSecTime)
    i.DMA_Cmd                                0x080009d4   Section        0  stm32f10x_dma.o(i.DMA_Cmd)
    i.DMA_DeInit                             0x080009e8   Section        0  stm32f10x_dma.o(i.DMA_DeInit)
    i.DMA_Init                               0x08000ac8   Section        0  stm32f10x_dma.o(i.DMA_Init)
    i.DS18B20_Check                          0x08000b04   Section        0  ds18b20.o(i.DS18B20_Check)
    i.DS18B20_GPIO                           0x08000b7c   Section        0  ds18b20.o(i.DS18B20_GPIO)
    i.DS18B20_Get_Temp                       0x08000ba8   Section        0  ds18b20.o(i.DS18B20_Get_Temp)
    i.DS18B20_Read_Bit                       0x08000c10   Section        0  ds18b20.o(i.DS18B20_Read_Bit)
    i.DS18B20_Read_Byte                      0x08000c74   Section        0  ds18b20.o(i.DS18B20_Read_Byte)
    i.DS18B20_Rst                            0x08000c94   Section        0  ds18b20.o(i.DS18B20_Rst)
    i.DS18B20_Start                          0x08000cd4   Section        0  ds18b20.o(i.DS18B20_Start)
    i.DS18B20_Write_Byte                     0x08000cf0   Section        0  ds18b20.o(i.DS18B20_Write_Byte)
    i.FLASH_ClearFlag                        0x08000d60   Section        0  stm32f10x_flash.o(i.FLASH_ClearFlag)
    i.FLASH_ErasePage                        0x08000d6c   Section        0  stm32f10x_flash.o(i.FLASH_ErasePage)
    i.FLASH_GetBank1Status                   0x08000dac   Section        0  stm32f10x_flash.o(i.FLASH_GetBank1Status)
    i.FLASH_Lock                             0x08000dd4   Section        0  stm32f10x_flash.o(i.FLASH_Lock)
    i.FLASH_ProgramWord                      0x08000de4   Section        0  stm32f10x_flash.o(i.FLASH_ProgramWord)
    i.FLASH_Unlock                           0x08000e38   Section        0  stm32f10x_flash.o(i.FLASH_Unlock)
    i.FLASH_WaitForLastOperation             0x08000e50   Section        0  stm32f10x_flash.o(i.FLASH_WaitForLastOperation)
    i.Fire_init                              0x08000e74   Section        0  fire_control.o(i.Fire_init)
    i.Fire_off                               0x08000ea4   Section        0  fire_control.o(i.Fire_off)
    i.Fire_on                                0x08000eb0   Section        0  fire_control.o(i.Fire_on)
    i.Formula_11                             0x08000ebc   Section        0  encryptalog.o(i.Formula_11)
    i.GPIO_Init                              0x08000f10   Section        0  stm32f10x_gpio.o(i.GPIO_Init)
    i.GPIO_ReadInputDataBit                  0x08000fae   Section        0  stm32f10x_gpio.o(i.GPIO_ReadInputDataBit)
    i.GPIO_ResetBits                         0x08000fbc   Section        0  stm32f10x_gpio.o(i.GPIO_ResetBits)
    i.GPIO_SetBits                           0x08000fc0   Section        0  stm32f10x_gpio.o(i.GPIO_SetBits)
    i.GetCheckCode_SUM_NOT                   0x08000fc4   Section        0  common.o(i.GetCheckCode_SUM_NOT)
    i.LED0_init                              0x08000fe0   Section        0  led.o(i.LED0_init)
    i.LED0_reverse                           0x0800100c   Section        0  led.o(i.LED0_reverse)
    i.LED1_init                              0x0800101c   Section        0  led.o(i.LED1_init)
    i.LED1_reverse                           0x08001048   Section        0  led.o(i.LED1_reverse)
    i.LED_init                               0x08001058   Section        0  led.o(i.LED_init)
    i.Led0_Turn_on                           0x08001068   Section        0  led.o(i.Led0_Turn_on)
    i.Led1_Turn_off                          0x08001078   Section        0  led.o(i.Led1_Turn_off)
    i.Led1_Turn_on                           0x08001088   Section        0  led.o(i.Led1_Turn_on)
    i.NVIC_Configuration                     0x08001098   Section        0  time4.o(i.NVIC_Configuration)
    i.NVIC_Init                              0x080010c4   Section        0  misc.o(i.NVIC_Init)
    i.NVIC_PriorityGroupConfig               0x08001128   Section        0  misc.o(i.NVIC_PriorityGroupConfig)
    i.OUT_FIRE_detection                     0x0800113c   Section        0  key.o(i.OUT_FIRE_detection)
    i.OutfireKEY                             0x080011b0   Section        0  key.o(i.OutfireKEY)
    i.PWR_BackupAccessCmd                    0x08001224   Section        0  stm32f10x_pwr.o(i.PWR_BackupAccessCmd)
    i.RCC_AHBPeriphClockCmd                  0x08001230   Section        0  stm32f10x_rcc.o(i.RCC_AHBPeriphClockCmd)
    i.RCC_APB1PeriphClockCmd                 0x08001248   Section        0  stm32f10x_rcc.o(i.RCC_APB1PeriphClockCmd)
    i.RCC_APB2PeriphClockCmd                 0x08001260   Section        0  stm32f10x_rcc.o(i.RCC_APB2PeriphClockCmd)
    i.RCC_BackupResetCmd                     0x08001278   Section        0  stm32f10x_rcc.o(i.RCC_BackupResetCmd)
    i.RCC_GetClocksFreq                      0x08001284   Section        0  stm32f10x_rcc.o(i.RCC_GetClocksFreq)
    i.RCC_GetFlagStatus                      0x08001318   Section        0  stm32f10x_rcc.o(i.RCC_GetFlagStatus)
    i.RCC_LSEConfig                          0x08001348   Section        0  stm32f10x_rcc.o(i.RCC_LSEConfig)
    i.RCC_RTCCLKCmd                          0x08001368   Section        0  stm32f10x_rcc.o(i.RCC_RTCCLKCmd)
    i.RCC_RTCCLKConfig                       0x08001374   Section        0  stm32f10x_rcc.o(i.RCC_RTCCLKConfig)
    i.RTC_ClearITPendingBit                  0x08001384   Section        0  stm32f10x_rtc.o(i.RTC_ClearITPendingBit)
    i.RTC_Configuration                      0x08001394   Section        0  rtc.o(i.RTC_Configuration)
    i.RTC_EnterConfigMode                    0x080013ec   Section        0  stm32f10x_rtc.o(i.RTC_EnterConfigMode)
    i.RTC_ExitConfigMode                     0x080013fc   Section        0  stm32f10x_rtc.o(i.RTC_ExitConfigMode)
    i.RTC_GetCounter                         0x0800140c   Section        0  stm32f10x_rtc.o(i.RTC_GetCounter)
    i.RTC_GetITStatus                        0x08001420   Section        0  stm32f10x_rtc.o(i.RTC_GetITStatus)
    i.RTC_IRQHandler                         0x08001440   Section        0  rtc.o(i.RTC_IRQHandler)
    i.RTC_ITConfig                           0x08001460   Section        0  stm32f10x_rtc.o(i.RTC_ITConfig)
    i.RTC_NVIC_Configuration                 0x08001478   Section        0  rtc.o(i.RTC_NVIC_Configuration)
    i.RTC_SetCounter                         0x080014a0   Section        0  stm32f10x_rtc.o(i.RTC_SetCounter)
    i.RTC_SetPrescaler                       0x080014c0   Section        0  stm32f10x_rtc.o(i.RTC_SetPrescaler)
    i.RTC_WaitForLastTask                    0x080014e0   Section        0  stm32f10x_rtc.o(i.RTC_WaitForLastTask)
    i.RTC_WaitForSynchro                     0x080014f0   Section        0  stm32f10x_rtc.o(i.RTC_WaitForSynchro)
    i.Read_UID                               0x08001508   Section        0  encryptalog.o(i.Read_UID)
    i.STM32_CMP_Encrypted_ID                 0x08001538   Section        0  chip_uid.o(i.STM32_CMP_Encrypted_ID)
    i.STM32_Encrypted_ID                     0x080015a0   Section        0  chip_uid.o(i.STM32_Encrypted_ID)
    i.STM32_Read_ID                          0x080015c4   Section        0  chip_uid.o(i.STM32_Read_ID)
    i.SecTime                                0x080015f4   Section        0  rtc.o(i.SecTime)
    i.SetSysClockTo72                        0x08001680   Section        0  system_stm32f10x.o(i.SetSysClockTo72)
    SetSysClockTo72                          0x08001681   Thumb Code   160  system_stm32f10x.o(i.SetSysClockTo72)
    i.SystemInit                             0x08001728   Section        0  system_stm32f10x.o(i.SystemInit)
    i.TIM2_IRQHandler                        0x08001768   Section        0  time2.o(i.TIM2_IRQHandler)
    i.TIM2_Init                              0x0800178e   Section        0  time2.o(i.TIM2_Init)
    i.TIM3_IRQHandler                        0x080017e4   Section        0  time3.o(i.TIM3_IRQHandler)
    i.TIM3_Init                              0x0800180c   Section        0  time3.o(i.TIM3_Init)
    i.TIM3_handle                            0x0800185c   Section        0  time3.o(i.TIM3_handle)
    i.TIM4_Configuration                     0x080018a4   Section        0  time4.o(i.TIM4_Configuration)
    i.TIM4_IRQHandler                        0x080018f0   Section        0  time4.o(i.TIM4_IRQHandler)
    i.TIM_ClearITPendingBit                  0x0800191c   Section        0  stm32f10x_tim.o(i.TIM_ClearITPendingBit)
    i.TIM_Cmd                                0x08001922   Section        0  stm32f10x_tim.o(i.TIM_Cmd)
    i.TIM_GetITStatus                        0x08001936   Section        0  stm32f10x_tim.o(i.TIM_GetITStatus)
    i.TIM_ITConfig                           0x0800194e   Section        0  stm32f10x_tim.o(i.TIM_ITConfig)
    i.TIM_TimeBaseInit                       0x08001960   Section        0  stm32f10x_tim.o(i.TIM_TimeBaseInit)
    i.Time_GetUnixTime                       0x080019fc   Section        0  rtc.o(i.Time_GetUnixTime)
    i.USART1_IRQHandler                      0x08001a00   Section        0  usart1_driver.o(i.USART1_IRQHandler)
    i.USART_ClearFlag                        0x08001a34   Section        0  stm32f10x_usart.o(i.USART_ClearFlag)
    i.USART_ClearITPendingBit                0x08001a3a   Section        0  stm32f10x_usart.o(i.USART_ClearITPendingBit)
    i.USART_Cmd                              0x08001a46   Section        0  stm32f10x_usart.o(i.USART_Cmd)
    i.USART_GetFlagStatus                    0x08001a5a   Section        0  stm32f10x_usart.o(i.USART_GetFlagStatus)
    i.USART_GetITStatus                      0x08001a68   Section        0  stm32f10x_usart.o(i.USART_GetITStatus)
    i.USART_ITConfig                         0x08001aa6   Section        0  stm32f10x_usart.o(i.USART_ITConfig)
    i.USART_Init                             0x08001ad8   Section        0  stm32f10x_usart.o(i.USART_Init)
    i.USART_ReceiveData                      0x08001b8c   Section        0  stm32f10x_usart.o(i.USART_ReceiveData)
    i.USART_SendData                         0x08001b94   Section        0  stm32f10x_usart.o(i.USART_SendData)
    i.__scatterload_copy                     0x08001b9c   Section       14  handlers.o(i.__scatterload_copy)
    i.__scatterload_null                     0x08001baa   Section        2  handlers.o(i.__scatterload_null)
    i.__scatterload_zeroinit                 0x08001bac   Section       14  handlers.o(i.__scatterload_zeroinit)
    i.alarm_led                              0x08001bbc   Section        0  fire_control.o(i.alarm_led)
    i.algo_processing                        0x08001c28   Section        0  algo.o(i.algo_processing)
    i.algorithm_deal                         0x08001e0c   Section        0  algo.o(i.algorithm_deal)
    i.auto_force_action                      0x08001ec0   Section        0  algo.o(i.auto_force_action)
    i.backup_begin                           0x08001f00   Section        0  data_backup.o(i.backup_begin)
    i.backup_buffer_handle                   0x08001f2c   Section        0  data_backup.o(i.backup_buffer_handle)
    i.backup_end                             0x08001f60   Section        0  data_backup.o(i.backup_end)
    i.beep_init                              0x08001fd0   Section        0  beep.o(i.beep_init)
    i.beep_off                               0x08002004   Section        0  beep.o(i.beep_off)
    i.beep_on                                0x08002010   Section        0  beep.o(i.beep_on)
    i.changeUID                              0x0800201c   Section        0  encryptalog.o(i.changeUID)
    i.clear_backups                          0x08002058   Section        0  data_backup.o(i.clear_backups)
    i.clear_flash                            0x08002090   Section        0  flash.o(i.clear_flash)
    i.delay                                  0x080020b4   Section        0  led.o(i.delay)
    i.delay_init                             0x080020bc   Section        0  delay.o(i.delay_init)
    delay_init                               0x080020bd   Thumb Code    26  delay.o(i.delay_init)
    i.delay_ms                               0x080020dc   Section        0  delay.o(i.delay_ms)
    delay_ms                                 0x080020dd   Thumb Code    46  delay.o(i.delay_ms)
    i.delay_seconds                          0x08002110   Section        0  delay.o(i.delay_seconds)
    delay_seconds                            0x08002111   Thumb Code    28  delay.o(i.delay_seconds)
    i.delay_us                               0x0800212c   Section        0  delay.o(i.delay_us)
    delay_us                                 0x0800212d   Thumb Code    36  delay.o(i.delay_us)
    i.feed_back                              0x08002154   Section        0  usart1_data.o(i.feed_back)
    i.get_all_sensor_value                   0x08002184   Section        0  adc.o(i.get_all_sensor_value)
    i.get_id_u8                              0x0800225c   Section        0  encryptalog.o(i.get_id_u8)
    i.get_u8_id                              0x080022aa   Section        0  chip_uid.o(i.get_u8_id)
    i.init_ad                                0x080022f8   Section        0  adc.o(i.init_ad)
    i.key_GPIO_Configuration                 0x08002418   Section        0  key.o(i.key_GPIO_Configuration)
    i.main                                   0x08002460   Section        0  main.o(i.main)
    i.read_backups                           0x080024ac   Section        0  data_backup.o(i.read_backups)
    i.read_last_backup_time                  0x080024e4   Section        0  data_backup.o(i.read_last_backup_time)
    i.read_words_from_flash                  0x080024f8   Section        0  flash.o(i.read_words_from_flash)
    i.rtc_init                               0x08002512   Section        0  rtc.o(i.rtc_init)
    i.save_words_to_flash                    0x08002520   Section        0  flash.o(i.save_words_to_flash)
    i.sensor_level_detect                    0x0800256c   Section        0  algo.o(i.sensor_level_detect)
    i.start_rct                              0x08002750   Section        0  rtc.o(i.start_rct)
    i.sysRandPuzzle                          0x080027c0   Section        0  chip_uid.o(i.sysRandPuzzle)
    i.sys_fault_handle                       0x080027f4   Section        0  algo.o(i.sys_fault_handle)
    i.sys_hw_init                            0x08002948   Section        0  main.o(i.sys_hw_init)
    i.sys_level_detect                       0x080029c8   Section        0  algo.o(i.sys_level_detect)
    i.timer2_init                            0x08002a94   Section        0  time2.o(i.timer2_init)
    i.timer3_init                            0x08002ac0   Section        0  time3.o(i.timer3_init)
    i.timer4_init                            0x08002aec   Section        0  time4.o(i.timer4_init)
    i.u32_to_u8_buf                          0x08002afc   Section        0  data_backup.o(i.u32_to_u8_buf)
    i.usart1_get_input                       0x08002b38   Section        0  usart1_driver.o(i.usart1_get_input)
    usart1_get_input                         0x08002b39   Thumb Code    60  usart1_driver.o(i.usart1_get_input)
    i.usart1_init                            0x08002b7c   Section        0  usart1_driver.o(i.usart1_init)
    usart1_init                              0x08002b7d   Thumb Code   170  usart1_driver.o(i.usart1_init)
    i.usart1_make_frame                      0x08002c30   Section        0  usart1_data.o(i.usart1_make_frame)
    i.usart1_packet_analy                    0x08002d48   Section        0  usart1_data.o(i.usart1_packet_analy)
    i.usart1_packet_detect                   0x08002de8   Section        0  usart1_data.o(i.usart1_packet_detect)
    i.usart1_put_bytes                       0x08002e78   Section        0  usart1_driver.o(i.usart1_put_bytes)
    usart1_put_bytes                         0x08002e79   Thumb Code    54  usart1_driver.o(i.usart1_put_bytes)
    i.usart1_put_str                         0x08002eb4   Section        0  usart1_driver.o(i.usart1_put_str)
    usart1_put_str                           0x08002eb5   Thumb Code    48  usart1_driver.o(i.usart1_put_str)
    i.voltage_CO                             0x08002ee8   Section        0  adc.o(i.voltage_CO)
    i.voltage_smog                           0x08002f1c   Section        0  adc.o(i.voltage_smog)
    .constdata                               0x08002f50   Section      136  algo.o(.constdata)
    .constdata                               0x08002fd8   Section       28  rtc.o(.constdata)
    leap_year                                0x08002fd8   Data           4  rtc.o(.constdata)
    month_days                               0x08002fdc   Data          12  rtc.o(.constdata)
    month_days                               0x08002fe8   Data          12  rtc.o(.constdata)
    .data                                    0x20000000   Section       20  stm32f10x_rcc.o(.data)
    ADCPrescTable                            0x20000000   Data           4  stm32f10x_rcc.o(.data)
    APBAHBPrescTable                         0x20000004   Data          16  stm32f10x_rcc.o(.data)
    .data                                    0x20000014   Section        4  main.o(.data)
    .data                                    0x20000018   Section        1  ds18b20.o(.data)
    .data                                    0x20000020   Section       64  algo.o(.data)
    i_number                                 0x20000022   Data           2  algo.o(.data)
    last_t                                   0x20000028   Data           8  algo.o(.data)
    sys_interf_detect                        0x20000030   Data          48  algo.o(.data)
    .data                                    0x20000060   Section        1  fire_control.o(.data)
    alarm_temp                               0x20000060   Data           1  fire_control.o(.data)
    .data                                    0x20000064   Section        8  key.o(.data)
    .data                                    0x2000006c   Section        2  data_backup.o(.data)
    .data                                    0x2000006e   Section        1  data_backup.o(.data)
    .data                                    0x20000070   Section       24  chip_uid.o(.data)
    .data                                    0x20000088   Section        4  time3.o(.data)
    .data                                    0x2000008c   Section       12  time3.o(.data)
    .data                                    0x20000098   Section        4  encryptalog.o(.data)
    .data                                    0x2000009c   Section       24  encryptalog.o(.data)
    .data                                    0x200000b4   Section        4  delay.o(.data)
    fac_us                                   0x200000b4   Data           1  delay.o(.data)
    fac_ms                                   0x200000b6   Data           2  delay.o(.data)
    .data                                    0x200000b8   Section       20  delay.o(.data)
    .data                                    0x200000cc   Section      796  usart1_driver.o(.data)
    .data                                    0x200003e8   Section        1  flash.o(.data)
    .data                                    0x200003ec   Section       40  rtc.o(.data)
    .data                                    0x20000414   Section        4  rand.o(.data)
    _rand_state                              0x20000414   Data           4  rand.o(.data)
    .bss                                     0x20000418   Section       21  main.o(.bss)
    .bss                                     0x2000042e   Section       30  adc.o(.bss)
    .bss                                     0x20000450   Section     1312  algo.o(.bss)
    ld                                       0x20000918   Data          24  algo.o(.bss)
    .bss                                     0x20000970   Section      100  data_backup.o(.bss)
    .bss                                     0x200009d4   Section       24  encryptalog.o(.bss)
    STACK                                    0x200009f0   Section     1024  startup_stm32f10x_md.o(STACK)

    Global Symbols

    Symbol Name                              Value     Ov Type        Size  Object(Section)

    BuildAttributes$$THM_ISAv4$P$D$K$B$S$PE$A:L22UL41UL21$X:L11$S22US41US21$IEEE1$IW$USESV6$~STKCKD$USESV7$~SHL$OTIME$ROPI$EBA8$MICROLIB$REQ8$PRES8$EABIv2 0x00000000   Number         0  anon$$obj.o ABSOLUTE
    __ARM_use_no_argv                        0x00000000   Number         0  main.o ABSOLUTE
    _printf_a                                0x00000000   Number         0  stubs.o ABSOLUTE
    _printf_c                                0x00000000   Number         0  stubs.o ABSOLUTE
    _printf_charcount                        0x00000000   Number         0  stubs.o ABSOLUTE
    _printf_d                                0x00000000   Number         0  stubs.o ABSOLUTE
    _printf_e                                0x00000000   Number         0  stubs.o ABSOLUTE
    _printf_f                                0x00000000   Number         0  stubs.o ABSOLUTE
    _printf_flags                            0x00000000   Number         0  stubs.o ABSOLUTE
    _printf_fp_dec                           0x00000000   Number         0  stubs.o ABSOLUTE
    _printf_fp_hex                           0x00000000   Number         0  stubs.o ABSOLUTE
    _printf_g                                0x00000000   Number         0  stubs.o ABSOLUTE
    _printf_i                                0x00000000   Number         0  stubs.o ABSOLUTE
    _printf_int_dec                          0x00000000   Number         0  stubs.o ABSOLUTE
    _printf_l                                0x00000000   Number         0  stubs.o ABSOLUTE
    _printf_lc                               0x00000000   Number         0  stubs.o ABSOLUTE
    _printf_ll                               0x00000000   Number         0  stubs.o ABSOLUTE
    _printf_lld                              0x00000000   Number         0  stubs.o ABSOLUTE
    _printf_lli                              0x00000000   Number         0  stubs.o ABSOLUTE
    _printf_llo                              0x00000000   Number         0  stubs.o ABSOLUTE
    _printf_llu                              0x00000000   Number         0  stubs.o ABSOLUTE
    _printf_llx                              0x00000000   Number         0  stubs.o ABSOLUTE
    _printf_longlong_dec                     0x00000000   Number         0  stubs.o ABSOLUTE
    _printf_longlong_hex                     0x00000000   Number         0  stubs.o ABSOLUTE
    _printf_longlong_oct                     0x00000000   Number         0  stubs.o ABSOLUTE
    _printf_ls                               0x00000000   Number         0  stubs.o ABSOLUTE
    _printf_mbtowc                           0x00000000   Number         0  stubs.o ABSOLUTE
    _printf_n                                0x00000000   Number         0  stubs.o ABSOLUTE
    _printf_o                                0x00000000   Number         0  stubs.o ABSOLUTE
    _printf_p                                0x00000000   Number         0  stubs.o ABSOLUTE
    _printf_percent                          0x00000000   Number         0  stubs.o ABSOLUTE
    _printf_pre_padding                      0x00000000   Number         0  stubs.o ABSOLUTE
    _printf_return_value                     0x00000000   Number         0  stubs.o ABSOLUTE
    _printf_s                                0x00000000   Number         0  stubs.o ABSOLUTE
    _printf_sizespec                         0x00000000   Number         0  stubs.o ABSOLUTE
    _printf_str                              0x00000000   Number         0  stubs.o ABSOLUTE
    _printf_truncate_signed                  0x00000000   Number         0  stubs.o ABSOLUTE
    _printf_truncate_unsigned                0x00000000   Number         0  stubs.o ABSOLUTE
    _printf_u                                0x00000000   Number         0  stubs.o ABSOLUTE
    _printf_wc                               0x00000000   Number         0  stubs.o ABSOLUTE
    _printf_wctomb                           0x00000000   Number         0  stubs.o ABSOLUTE
    _printf_widthprec                        0x00000000   Number         0  stubs.o ABSOLUTE
    _printf_x                                0x00000000   Number         0  stubs.o ABSOLUTE
    __cpp_initialize__aeabi_                  - Undefined Weak Reference
    __cxa_finalize                            - Undefined Weak Reference
    _clock_init                               - Undefined Weak Reference
    _microlib_exit                            - Undefined Weak Reference
    __Vectors_Size                           0x000000ec   Number         0  startup_stm32f10x_md.o ABSOLUTE
    __Vectors                                0x08000000   Data           4  startup_stm32f10x_md.o(RESET)
    __Vectors_End                            0x080000ec   Data           0  startup_stm32f10x_md.o(RESET)
    __main                                   0x080000ed   Thumb Code     0  entry.o(.ARM.Collect$$$$00000000)
    _main_stk                                0x080000ed   Thumb Code     0  entry2.o(.ARM.Collect$$$$00000001)
    _main_scatterload                        0x080000f1   Thumb Code     0  entry5.o(.ARM.Collect$$$$00000004)
    __main_after_scatterload                 0x080000f5   Thumb Code     0  entry5.o(.ARM.Collect$$$$00000004)
    _main_clock                              0x080000f5   Thumb Code     0  entry7b.o(.ARM.Collect$$$$00000008)
    _main_cpp_init                           0x080000f5   Thumb Code     0  entry8b.o(.ARM.Collect$$$$0000000A)
    _main_init                               0x080000f5   Thumb Code     0  entry9a.o(.ARM.Collect$$$$0000000B)
    __rt_final_cpp                           0x080000fd   Thumb Code     0  entry10a.o(.ARM.Collect$$$$0000000D)
    __rt_final_exit                          0x080000fd   Thumb Code     0  entry11a.o(.ARM.Collect$$$$0000000F)
    Reset_Handler                            0x08000101   Thumb Code     8  startup_stm32f10x_md.o(.text)
    NMI_Handler                              0x08000109   Thumb Code     2  startup_stm32f10x_md.o(.text)
    HardFault_Handler                        0x0800010b   Thumb Code     2  startup_stm32f10x_md.o(.text)
    MemManage_Handler                        0x0800010d   Thumb Code     2  startup_stm32f10x_md.o(.text)
    BusFault_Handler                         0x0800010f   Thumb Code     2  startup_stm32f10x_md.o(.text)
    UsageFault_Handler                       0x08000111   Thumb Code     2  startup_stm32f10x_md.o(.text)
    SVC_Handler                              0x08000113   Thumb Code     2  startup_stm32f10x_md.o(.text)
    DebugMon_Handler                         0x08000115   Thumb Code     2  startup_stm32f10x_md.o(.text)
    PendSV_Handler                           0x08000117   Thumb Code     2  startup_stm32f10x_md.o(.text)
    SysTick_Handler                          0x08000119   Thumb Code     2  startup_stm32f10x_md.o(.text)
    ADC1_2_IRQHandler                        0x0800011b   Thumb Code     0  startup_stm32f10x_md.o(.text)
    CAN1_RX1_IRQHandler                      0x0800011b   Thumb Code     0  startup_stm32f10x_md.o(.text)
    CAN1_SCE_IRQHandler                      0x0800011b   Thumb Code     0  startup_stm32f10x_md.o(.text)
    DMA1_Channel1_IRQHandler                 0x0800011b   Thumb Code     0  startup_stm32f10x_md.o(.text)
    DMA1_Channel2_IRQHandler                 0x0800011b   Thumb Code     0  startup_stm32f10x_md.o(.text)
    DMA1_Channel3_IRQHandler                 0x0800011b   Thumb Code     0  startup_stm32f10x_md.o(.text)
    DMA1_Channel4_IRQHandler                 0x0800011b   Thumb Code     0  startup_stm32f10x_md.o(.text)
    DMA1_Channel5_IRQHandler                 0x0800011b   Thumb Code     0  startup_stm32f10x_md.o(.text)
    DMA1_Channel6_IRQHandler                 0x0800011b   Thumb Code     0  startup_stm32f10x_md.o(.text)
    DMA1_Channel7_IRQHandler                 0x0800011b   Thumb Code     0  startup_stm32f10x_md.o(.text)
    EXTI0_IRQHandler                         0x0800011b   Thumb Code     0  startup_stm32f10x_md.o(.text)
    EXTI15_10_IRQHandler                     0x0800011b   Thumb Code     0  startup_stm32f10x_md.o(.text)
    EXTI1_IRQHandler                         0x0800011b   Thumb Code     0  startup_stm32f10x_md.o(.text)
    EXTI2_IRQHandler                         0x0800011b   Thumb Code     0  startup_stm32f10x_md.o(.text)
    EXTI3_IRQHandler                         0x0800011b   Thumb Code     0  startup_stm32f10x_md.o(.text)
    EXTI4_IRQHandler                         0x0800011b   Thumb Code     0  startup_stm32f10x_md.o(.text)
    EXTI9_5_IRQHandler                       0x0800011b   Thumb Code     0  startup_stm32f10x_md.o(.text)
    FLASH_IRQHandler                         0x0800011b   Thumb Code     0  startup_stm32f10x_md.o(.text)
    I2C1_ER_IRQHandler                       0x0800011b   Thumb Code     0  startup_stm32f10x_md.o(.text)
    I2C1_EV_IRQHandler                       0x0800011b   Thumb Code     0  startup_stm32f10x_md.o(.text)
    I2C2_ER_IRQHandler                       0x0800011b   Thumb Code     0  startup_stm32f10x_md.o(.text)
    I2C2_EV_IRQHandler                       0x0800011b   Thumb Code     0  startup_stm32f10x_md.o(.text)
    PVD_IRQHandler                           0x0800011b   Thumb Code     0  startup_stm32f10x_md.o(.text)
    RCC_IRQHandler                           0x0800011b   Thumb Code     0  startup_stm32f10x_md.o(.text)
    RTCAlarm_IRQHandler                      0x0800011b   Thumb Code     0  startup_stm32f10x_md.o(.text)
    SPI1_IRQHandler                          0x0800011b   Thumb Code     0  startup_stm32f10x_md.o(.text)
    SPI2_IRQHandler                          0x0800011b   Thumb Code     0  startup_stm32f10x_md.o(.text)
    TAMPER_IRQHandler                        0x0800011b   Thumb Code     0  startup_stm32f10x_md.o(.text)
    TIM1_BRK_IRQHandler                      0x0800011b   Thumb Code     0  startup_stm32f10x_md.o(.text)
    TIM1_CC_IRQHandler                       0x0800011b   Thumb Code     0  startup_stm32f10x_md.o(.text)
    TIM1_TRG_COM_IRQHandler                  0x0800011b   Thumb Code     0  startup_stm32f10x_md.o(.text)
    TIM1_UP_IRQHandler                       0x0800011b   Thumb Code     0  startup_stm32f10x_md.o(.text)
    USART2_IRQHandler                        0x0800011b   Thumb Code     0  startup_stm32f10x_md.o(.text)
    USART3_IRQHandler                        0x0800011b   Thumb Code     0  startup_stm32f10x_md.o(.text)
    USBWakeUp_IRQHandler                     0x0800011b   Thumb Code     0  startup_stm32f10x_md.o(.text)
    USB_HP_CAN1_TX_IRQHandler                0x0800011b   Thumb Code     0  startup_stm32f10x_md.o(.text)
    USB_LP_CAN1_RX0_IRQHandler               0x0800011b   Thumb Code     0  startup_stm32f10x_md.o(.text)
    WWDG_IRQHandler                          0x0800011b   Thumb Code     0  startup_stm32f10x_md.o(.text)
    rand                                     0x08000125   Thumb Code    20  rand.o(.text)
    srand                                    0x08000139   Thumb Code     6  rand.o(.text)
    __aeabi_memcpy                           0x08000149   Thumb Code    36  memcpya.o(.text)
    __aeabi_memcpy4                          0x08000149   Thumb Code     0  memcpya.o(.text)
    __aeabi_memcpy8                          0x08000149   Thumb Code     0  memcpya.o(.text)
    __aeabi_memset                           0x0800016d   Thumb Code    14  memseta.o(.text)
    __aeabi_memset4                          0x0800016d   Thumb Code     0  memseta.o(.text)
    __aeabi_memset8                          0x0800016d   Thumb Code     0  memseta.o(.text)
    __aeabi_memclr                           0x0800017b   Thumb Code     4  memseta.o(.text)
    __aeabi_memclr4                          0x0800017b   Thumb Code     0  memseta.o(.text)
    __aeabi_memclr8                          0x0800017b   Thumb Code     0  memseta.o(.text)
    _memset$wrapper                          0x0800017f   Thumb Code    18  memseta.o(.text)
    strlen                                   0x08000191   Thumb Code    14  strlen.o(.text)
    __aeabi_dadd                             0x0800019f   Thumb Code   322  dadd.o(.text)
    __aeabi_dsub                             0x080002e1   Thumb Code     6  dadd.o(.text)
    __aeabi_drsub                            0x080002e7   Thumb Code     6  dadd.o(.text)
    __aeabi_dmul                             0x080002ed   Thumb Code   228  dmul.o(.text)
    __ARM_scalbn                             0x080003d1   Thumb Code    46  dscalb.o(.text)
    scalbn                                   0x080003d1   Thumb Code     0  dscalb.o(.text)
    __aeabi_ui2f                             0x080003ff   Thumb Code    10  ffltui.o(.text)
    __aeabi_i2d                              0x08000409   Thumb Code    34  dflti.o(.text)
    __aeabi_ui2d                             0x0800042b   Thumb Code    26  dfltui.o(.text)
    __aeabi_d2iz                             0x08000445   Thumb Code    62  dfixi.o(.text)
    __aeabi_d2uiz                            0x08000483   Thumb Code    50  dfixui.o(.text)
    __aeabi_f2d                              0x080004b5   Thumb Code    38  f2d.o(.text)
    __aeabi_cdcmpeq                          0x080004dd   Thumb Code     0  cdcmple.o(.text)
    __aeabi_cdcmple                          0x080004dd   Thumb Code    38  cdcmple.o(.text)
    __aeabi_cdrcmple                         0x08000505   Thumb Code    38  cdrcmple.o(.text)
    __aeabi_llsl                             0x0800052d   Thumb Code    30  llshl.o(.text)
    _ll_shift_l                              0x0800052d   Thumb Code     0  llshl.o(.text)
    __aeabi_llsr                             0x0800054b   Thumb Code    32  llushr.o(.text)
    _ll_ushift_r                             0x0800054b   Thumb Code     0  llushr.o(.text)
    __aeabi_lasr                             0x0800056b   Thumb Code    36  llsshr.o(.text)
    _ll_sshift_r                             0x0800056b   Thumb Code     0  llsshr.o(.text)
    __I$use$fp                               0x0800058f   Thumb Code     0  iusefp.o(.text)
    _float_round                             0x0800058f   Thumb Code    18  fepilogue.o(.text)
    _float_epilogue                          0x080005a1   Thumb Code    90  fepilogue.o(.text)
    _double_round                            0x080005fb   Thumb Code    26  depilogue.o(.text)
    _double_epilogue                         0x08000615   Thumb Code   164  depilogue.o(.text)
    __scatterload                            0x080006b9   Thumb Code    28  init.o(.text)
    __scatterload_rt2                        0x080006b9   Thumb Code     0  init.o(.text)
    __decompress                             0x080006dd   Thumb Code     0  __dczerorl2.o(.text)
    __decompress1                            0x080006dd   Thumb Code    92  __dczerorl2.o(.text)
    ADC_Cmd                                  0x08000739   Thumb Code    20  stm32f10x_adc.o(i.ADC_Cmd)
    ADC_DMACmd                               0x0800074d   Thumb Code    20  stm32f10x_adc.o(i.ADC_DMACmd)
    ADC_GetCalibrationStatus                 0x08000761   Thumb Code    14  stm32f10x_adc.o(i.ADC_GetCalibrationStatus)
    ADC_GetConversionValue                   0x0800076f   Thumb Code     6  stm32f10x_adc.o(i.ADC_GetConversionValue)
    ADC_GetResetCalibrationStatus            0x08000775   Thumb Code    14  stm32f10x_adc.o(i.ADC_GetResetCalibrationStatus)
    ADC_Init                                 0x08000785   Thumb Code    62  stm32f10x_adc.o(i.ADC_Init)
    ADC_RegularChannelConfig                 0x080007cd   Thumb Code   116  stm32f10x_adc.o(i.ADC_RegularChannelConfig)
    ADC_ResetCalibration                     0x08000841   Thumb Code    10  stm32f10x_adc.o(i.ADC_ResetCalibration)
    ADC_SoftwareStartConvCmd                 0x0800084b   Thumb Code    20  stm32f10x_adc.o(i.ADC_SoftwareStartConvCmd)
    ADC_StartCalibration                     0x0800085f   Thumb Code    10  stm32f10x_adc.o(i.ADC_StartCalibration)
    BKP_DeInit                               0x08000869   Thumb Code    18  stm32f10x_bkp.o(i.BKP_DeInit)
    BKP_ReadBackupRegister                   0x0800087d   Thumb Code    12  stm32f10x_bkp.o(i.BKP_ReadBackupRegister)
    BKP_WriteBackupRegister                  0x0800088d   Thumb Code    12  stm32f10x_bkp.o(i.BKP_WriteBackupRegister)
    Beep_reverse                             0x0800089d   Thumb Code    12  beep.o(i.Beep_reverse)
    CMP_Encrypted_ID                         0x080008ad   Thumb Code    66  encryptalog.o(i.CMP_Encrypted_ID)
    CancelalarmKEY                           0x080008fd   Thumb Code   100  key.o(i.CancelalarmKEY)
    Cancelalarm_detection                    0x08000971   Thumb Code    56  key.o(i.Cancelalarm_detection)
    ConvCalendarToSecTime                    0x080009b5   Thumb Code    32  rtc.o(i.ConvCalendarToSecTime)
    DMA_Cmd                                  0x080009d5   Thumb Code    20  stm32f10x_dma.o(i.DMA_Cmd)
    DMA_DeInit                               0x080009e9   Thumb Code   216  stm32f10x_dma.o(i.DMA_DeInit)
    DMA_Init                                 0x08000ac9   Thumb Code    58  stm32f10x_dma.o(i.DMA_Init)
    DS18B20_Check                            0x08000b05   Thumb Code   110  ds18b20.o(i.DS18B20_Check)
    DS18B20_GPIO                             0x08000b7d   Thumb Code    38  ds18b20.o(i.DS18B20_GPIO)
    DS18B20_Get_Temp                         0x08000ba9   Thumb Code    92  ds18b20.o(i.DS18B20_Get_Temp)
    DS18B20_Read_Bit                         0x08000c11   Thumb Code    92  ds18b20.o(i.DS18B20_Read_Bit)
    DS18B20_Read_Byte                        0x08000c75   Thumb Code    32  ds18b20.o(i.DS18B20_Read_Byte)
    DS18B20_Rst                              0x08000c95   Thumb Code    56  ds18b20.o(i.DS18B20_Rst)
    DS18B20_Start                            0x08000cd5   Thumb Code    26  ds18b20.o(i.DS18B20_Start)
    DS18B20_Write_Byte                       0x08000cf1   Thumb Code   104  ds18b20.o(i.DS18B20_Write_Byte)
    FLASH_ClearFlag                          0x08000d61   Thumb Code     6  stm32f10x_flash.o(i.FLASH_ClearFlag)
    FLASH_ErasePage                          0x08000d6d   Thumb Code    60  stm32f10x_flash.o(i.FLASH_ErasePage)
    FLASH_GetBank1Status                     0x08000dad   Thumb Code    34  stm32f10x_flash.o(i.FLASH_GetBank1Status)
    FLASH_Lock                               0x08000dd5   Thumb Code    12  stm32f10x_flash.o(i.FLASH_Lock)
    FLASH_ProgramWord                        0x08000de5   Thumb Code    80  stm32f10x_flash.o(i.FLASH_ProgramWord)
    FLASH_Unlock                             0x08000e39   Thumb Code    12  stm32f10x_flash.o(i.FLASH_Unlock)
    FLASH_WaitForLastOperation               0x08000e51   Thumb Code    36  stm32f10x_flash.o(i.FLASH_WaitForLastOperation)
    Fire_init                                0x08000e75   Thumb Code    42  fire_control.o(i.Fire_init)
    Fire_off                                 0x08000ea5   Thumb Code     8  fire_control.o(i.Fire_off)
    Fire_on                                  0x08000eb1   Thumb Code     8  fire_control.o(i.Fire_on)
    Formula_11                               0x08000ebd   Thumb Code    78  encryptalog.o(i.Formula_11)
    GPIO_Init                                0x08000f11   Thumb Code   158  stm32f10x_gpio.o(i.GPIO_Init)
    GPIO_ReadInputDataBit                    0x08000faf   Thumb Code    14  stm32f10x_gpio.o(i.GPIO_ReadInputDataBit)
    GPIO_ResetBits                           0x08000fbd   Thumb Code     4  stm32f10x_gpio.o(i.GPIO_ResetBits)
    GPIO_SetBits                             0x08000fc1   Thumb Code     4  stm32f10x_gpio.o(i.GPIO_SetBits)
    GetCheckCode_SUM_NOT                     0x08000fc5   Thumb Code    28  common.o(i.GetCheckCode_SUM_NOT)
    LED0_init                                0x08000fe1   Thumb Code    40  led.o(i.LED0_init)
    LED0_reverse                             0x0800100d   Thumb Code    12  led.o(i.LED0_reverse)
    LED1_init                                0x0800101d   Thumb Code    40  led.o(i.LED1_init)
    LED1_reverse                             0x08001049   Thumb Code    12  led.o(i.LED1_reverse)
    LED_init                                 0x08001059   Thumb Code    14  led.o(i.LED_init)
    Led0_Turn_on                             0x08001069   Thumb Code    10  led.o(i.Led0_Turn_on)
    Led1_Turn_off                            0x08001079   Thumb Code    10  led.o(i.Led1_Turn_off)
    Led1_Turn_on                             0x08001089   Thumb Code    10  led.o(i.Led1_Turn_on)
    NVIC_Configuration                       0x08001099   Thumb Code    42  time4.o(i.NVIC_Configuration)
    NVIC_Init                                0x080010c5   Thumb Code    90  misc.o(i.NVIC_Init)
    NVIC_PriorityGroupConfig                 0x08001129   Thumb Code    10  misc.o(i.NVIC_PriorityGroupConfig)
    OUT_FIRE_detection                       0x0800113d   Thumb Code    96  key.o(i.OUT_FIRE_detection)
    OutfireKEY                               0x080011b1   Thumb Code   100  key.o(i.OutfireKEY)
    PWR_BackupAccessCmd                      0x08001225   Thumb Code     6  stm32f10x_pwr.o(i.PWR_BackupAccessCmd)
    RCC_AHBPeriphClockCmd                    0x08001231   Thumb Code    18  stm32f10x_rcc.o(i.RCC_AHBPeriphClockCmd)
    RCC_APB1PeriphClockCmd                   0x08001249   Thumb Code    18  stm32f10x_rcc.o(i.RCC_APB1PeriphClockCmd)
    RCC_APB2PeriphClockCmd                   0x08001261   Thumb Code    18  stm32f10x_rcc.o(i.RCC_APB2PeriphClockCmd)
    RCC_BackupResetCmd                       0x08001279   Thumb Code     6  stm32f10x_rcc.o(i.RCC_BackupResetCmd)
    RCC_GetClocksFreq                        0x08001285   Thumb Code   130  stm32f10x_rcc.o(i.RCC_GetClocksFreq)
    RCC_GetFlagStatus                        0x08001319   Thumb Code    44  stm32f10x_rcc.o(i.RCC_GetFlagStatus)
    RCC_LSEConfig                            0x08001349   Thumb Code    28  stm32f10x_rcc.o(i.RCC_LSEConfig)
    RCC_RTCCLKCmd                            0x08001369   Thumb Code     6  stm32f10x_rcc.o(i.RCC_RTCCLKCmd)
    RCC_RTCCLKConfig                         0x08001375   Thumb Code    10  stm32f10x_rcc.o(i.RCC_RTCCLKConfig)
    RTC_ClearITPendingBit                    0x08001385   Thumb Code    10  stm32f10x_rtc.o(i.RTC_ClearITPendingBit)
    RTC_Configuration                        0x08001395   Thumb Code    88  rtc.o(i.RTC_Configuration)
    RTC_EnterConfigMode                      0x080013ed   Thumb Code    12  stm32f10x_rtc.o(i.RTC_EnterConfigMode)
    RTC_ExitConfigMode                       0x080013fd   Thumb Code    12  stm32f10x_rtc.o(i.RTC_ExitConfigMode)
    RTC_GetCounter                           0x0800140d   Thumb Code    16  stm32f10x_rtc.o(i.RTC_GetCounter)
    RTC_GetITStatus                          0x08001421   Thumb Code    28  stm32f10x_rtc.o(i.RTC_GetITStatus)
    RTC_IRQHandler                           0x08001441   Thumb Code    26  rtc.o(i.RTC_IRQHandler)
    RTC_ITConfig                             0x08001461   Thumb Code    18  stm32f10x_rtc.o(i.RTC_ITConfig)
    RTC_NVIC_Configuration                   0x08001479   Thumb Code    40  rtc.o(i.RTC_NVIC_Configuration)
    RTC_SetCounter                           0x080014a1   Thumb Code    26  stm32f10x_rtc.o(i.RTC_SetCounter)
    RTC_SetPrescaler                         0x080014c1   Thumb Code    28  stm32f10x_rtc.o(i.RTC_SetPrescaler)
    RTC_WaitForLastTask                      0x080014e1   Thumb Code    10  stm32f10x_rtc.o(i.RTC_WaitForLastTask)
    RTC_WaitForSynchro                       0x080014f1   Thumb Code    18  stm32f10x_rtc.o(i.RTC_WaitForSynchro)
    Read_UID                                 0x08001509   Thumb Code    40  encryptalog.o(i.Read_UID)
    STM32_CMP_Encrypted_ID                   0x08001539   Thumb Code    80  chip_uid.o(i.STM32_CMP_Encrypted_ID)
    STM32_Encrypted_ID                       0x080015a1   Thumb Code    32  chip_uid.o(i.STM32_Encrypted_ID)
    STM32_Read_ID                            0x080015c5   Thumb Code    40  chip_uid.o(i.STM32_Read_ID)
    SecTime                                  0x080015f5   Thumb Code   134  rtc.o(i.SecTime)
    SystemInit                               0x08001729   Thumb Code    52  system_stm32f10x.o(i.SystemInit)
    TIM2_IRQHandler                          0x08001769   Thumb Code    38  time2.o(i.TIM2_IRQHandler)
    TIM2_Init                                0x0800178f   Thumb Code    86  time2.o(i.TIM2_Init)
    TIM3_IRQHandler                          0x080017e5   Thumb Code    34  time3.o(i.TIM3_IRQHandler)
    TIM3_Init                                0x0800180d   Thumb Code    74  time3.o(i.TIM3_Init)
    TIM3_handle                              0x0800185d   Thumb Code    62  time3.o(i.TIM3_handle)
    TIM4_Configuration                       0x080018a5   Thumb Code    72  time4.o(i.TIM4_Configuration)
    TIM4_IRQHandler                          0x080018f1   Thumb Code    34  time4.o(i.TIM4_IRQHandler)
    TIM_ClearITPendingBit                    0x0800191d   Thumb Code     6  stm32f10x_tim.o(i.TIM_ClearITPendingBit)
    TIM_Cmd                                  0x08001923   Thumb Code    20  stm32f10x_tim.o(i.TIM_Cmd)
    TIM_GetITStatus                          0x08001937   Thumb Code    24  stm32f10x_tim.o(i.TIM_GetITStatus)
    TIM_ITConfig                             0x0800194f   Thumb Code    16  stm32f10x_tim.o(i.TIM_ITConfig)
    TIM_TimeBaseInit                         0x08001961   Thumb Code   114  stm32f10x_tim.o(i.TIM_TimeBaseInit)
    Time_GetUnixTime                         0x080019fd   Thumb Code     4  rtc.o(i.Time_GetUnixTime)
    USART1_IRQHandler                        0x08001a01   Thumb Code    44  usart1_driver.o(i.USART1_IRQHandler)
    USART_ClearFlag                          0x08001a35   Thumb Code     6  stm32f10x_usart.o(i.USART_ClearFlag)
    USART_ClearITPendingBit                  0x08001a3b   Thumb Code    12  stm32f10x_usart.o(i.USART_ClearITPendingBit)
    USART_Cmd                                0x08001a47   Thumb Code    20  stm32f10x_usart.o(i.USART_Cmd)
    USART_GetFlagStatus                      0x08001a5b   Thumb Code    14  stm32f10x_usart.o(i.USART_GetFlagStatus)
    USART_GetITStatus                        0x08001a69   Thumb Code    62  stm32f10x_usart.o(i.USART_GetITStatus)
    USART_ITConfig                           0x08001aa7   Thumb Code    48  stm32f10x_usart.o(i.USART_ITConfig)
    USART_Init                               0x08001ad9   Thumb Code   176  stm32f10x_usart.o(i.USART_Init)
    USART_ReceiveData                        0x08001b8d   Thumb Code     8  stm32f10x_usart.o(i.USART_ReceiveData)
    USART_SendData                           0x08001b95   Thumb Code     8  stm32f10x_usart.o(i.USART_SendData)
    __scatterload_copy                       0x08001b9d   Thumb Code    14  handlers.o(i.__scatterload_copy)
    __scatterload_null                       0x08001bab   Thumb Code     2  handlers.o(i.__scatterload_null)
    __scatterload_zeroinit                   0x08001bad   Thumb Code    14  handlers.o(i.__scatterload_zeroinit)
    alarm_led                                0x08001bbd   Thumb Code   100  fire_control.o(i.alarm_led)
    algo_processing                          0x08001c29   Thumb Code   446  algo.o(i.algo_processing)
    algorithm_deal                           0x08001e0d   Thumb Code   158  algo.o(i.algorithm_deal)
    auto_force_action                        0x08001ec1   Thumb Code    54  algo.o(i.auto_force_action)
    backup_begin                             0x08001f01   Thumb Code    30  data_backup.o(i.backup_begin)
    backup_buffer_handle                     0x08001f2d   Thumb Code    44  data_backup.o(i.backup_buffer_handle)
    backup_end                               0x08001f61   Thumb Code    94  data_backup.o(i.backup_end)
    beep_init                                0x08001fd1   Thumb Code    48  beep.o(i.beep_init)
    beep_off                                 0x08002005   Thumb Code     8  beep.o(i.beep_off)
    beep_on                                  0x08002011   Thumb Code     8  beep.o(i.beep_on)
    changeUID                                0x0800201d   Thumb Code    56  encryptalog.o(i.changeUID)
    clear_backups                            0x08002059   Thumb Code    42  data_backup.o(i.clear_backups)
    clear_flash                              0x08002091   Thumb Code    30  flash.o(i.clear_flash)
    delay                                    0x080020b5   Thumb Code     6  led.o(i.delay)
    feed_back                                0x08002155   Thumb Code    40  usart1_data.o(i.feed_back)
    get_all_sensor_value                     0x08002185   Thumb Code   186  adc.o(i.get_all_sensor_value)
    get_id_u8                                0x0800225d   Thumb Code    78  encryptalog.o(i.get_id_u8)
    get_u8_id                                0x080022ab   Thumb Code    78  chip_uid.o(i.get_u8_id)
    init_ad                                  0x080022f9   Thumb Code   268  adc.o(i.init_ad)
    key_GPIO_Configuration                   0x08002419   Thumb Code    66  key.o(i.key_GPIO_Configuration)
    main                                     0x08002461   Thumb Code    54  main.o(i.main)
    read_backups                             0x080024ad   Thumb Code    46  data_backup.o(i.read_backups)
    read_last_backup_time                    0x080024e5   Thumb Code    14  data_backup.o(i.read_last_backup_time)
    read_words_from_flash                    0x080024f9   Thumb Code    26  flash.o(i.read_words_from_flash)
    rtc_init                                 0x08002513   Thumb Code    14  rtc.o(i.rtc_init)
    save_words_to_flash                      0x08002521   Thumb Code    70  flash.o(i.save_words_to_flash)
    sensor_level_detect                      0x0800256d   Thumb Code   446  algo.o(i.sensor_level_detect)
    start_rct                                0x08002751   Thumb Code   104  rtc.o(i.start_rct)
    sysRandPuzzle                            0x080027c1   Thumb Code    46  chip_uid.o(i.sysRandPuzzle)
    sys_fault_handle                         0x080027f5   Thumb Code   324  algo.o(i.sys_fault_handle)
    sys_hw_init                              0x08002949   Thumb Code   116  main.o(i.sys_hw_init)
    sys_level_detect                         0x080029c9   Thumb Code   182  algo.o(i.sys_level_detect)
    timer2_init                              0x08002a95   Thumb Code    44  time2.o(i.timer2_init)
    timer3_init                              0x08002ac1   Thumb Code    44  time3.o(i.timer3_init)
    timer4_init                              0x08002aed   Thumb Code    14  time4.o(i.timer4_init)
    u32_to_u8_buf                            0x08002afd   Thumb Code    58  data_backup.o(i.u32_to_u8_buf)
    usart1_make_frame                        0x08002c31   Thumb Code   274  usart1_data.o(i.usart1_make_frame)
    usart1_packet_analy                      0x08002d49   Thumb Code   150  usart1_data.o(i.usart1_packet_analy)
    usart1_packet_detect                     0x08002de9   Thumb Code   132  usart1_data.o(i.usart1_packet_detect)
    voltage_CO                               0x08002ee9   Thumb Code    46  adc.o(i.voltage_CO)
    voltage_smog                             0x08002f1d   Thumb Code    48  adc.o(i.voltage_smog)
    window_value                             0x08002f50   Data         136  algo.o(.constdata)
    Region$$Table$$Base                      0x08002ff4   Number         0  anon$$obj.o(Region$$Table)
    Region$$Table$$Limit                     0x08003014   Number         0  anon$$obj.o(Region$$Table)
    HSEStartUpStatus                         0x20000014   Data           1  main.o(.data)
    alen_frame                               0x20000016   Data           2  main.o(.data)
    th_flg                                   0x20000018   Data           1  ds18b20.o(.data)
    sys_level                                0x20000020   Data           1  algo.o(.data)
    fire_state                               0x20000021   Data           1  algo.o(.data)
    sys_fault                                0x20000024   Data           4  algo.o(.data)
    cancellAlarmFlag                         0x20000064   Data           1  key.o(.data)
    keyForceFireFlag                         0x20000065   Data           1  key.o(.data)
    lngcounter                               0x20000068   Data           4  key.o(.data)
    BackNo                                   0x2000006c   Data           1  data_backup.o(.data)
    BackupFlag                               0x2000006d   Data           1  data_backup.o(.data)
    actType                                  0x2000006e   Data           1  data_backup.o(.data)
    encryptLockFlag                          0x20000070   Data           1  chip_uid.o(.data)
    dat                                      0x20000074   Data           4  chip_uid.o(.data)
    dat2                                     0x20000078   Data           4  chip_uid.o(.data)
    STM32_ID_addr                            0x2000007c   Data          12  chip_uid.o(.data)
    CurrentTime                              0x20000088   Data           4  time3.o(.data)
    preheatFlag                              0x2000008c   Data           1  time3.o(.data)
    cancelLastnum                            0x20000090   Data           4  time3.o(.data)
    preheat_num                              0x20000094   Data           4  time3.o(.data)
    Fml_Constant                             0x20000098   Data           4  encryptalog.o(.data)
    Fml_CRC16                                0x2000009c   Data           2  encryptalog.o(.data)
    C                                        0x200000a0   Data           4  encryptalog.o(.data)
    Result                                   0x200000a4   Data           4  encryptalog.o(.data)
    CHIP_ID_addr                             0x200000a8   Data          12  encryptalog.o(.data)
    system_delay                             0x200000b8   Data          20  delay.o(.data)
    usart1                                   0x200000cc   Data         796  usart1_driver.o(.data)
    FLASHStatus                              0x200003e8   Data           1  flash.o(.data)
    sys_sec_flag                             0x200003ec   Data           1  rtc.o(.data)
    time_now                                 0x200003f0   Data          36  rtc.o(.data)
    sensor_frame                             0x20000418   Data          21  main.o(.bss)
    ADCConvertedValue                        0x2000042e   Data          30  adc.o(.bss)
    pdat_arry_temp                           0x20000450   Data         256  algo.o(.bss)
    pdat_arry_co                             0x20000550   Data         256  algo.o(.bss)
    pdat_arry_smog                           0x20000650   Data         256  algo.o(.bss)
    algo_arry_temp                           0x20000750   Data         136  algo.o(.bss)
    algo_arry_co                             0x200007d8   Data         136  algo.o(.bss)
    algo_arry_smog                           0x20000860   Data         136  algo.o(.bss)
    fault_rcd_temp                           0x200008e8   Data          16  algo.o(.bss)
    fault_rcd_co                             0x200008f8   Data          16  algo.o(.bss)
    fault_rcd_smog                           0x20000908   Data          16  algo.o(.bss)
    sensor_cdat                              0x20000930   Data          24  algo.o(.bss)
    sensor_ins_level                         0x20000948   Data          13  algo.o(.bss)
    sensor_odat                              0x20000958   Data          24  algo.o(.bss)
    sysDataBackup                            0x20000970   Data          20  data_backup.o(.bss)
    backupsData                              0x20000984   Data          80  data_backup.o(.bss)
    UID                                      0x200009d4   Data          12  encryptalog.o(.bss)
    D                                        0x200009e0   Data          12  encryptalog.o(.bss)
    __initial_sp                             0x20000df0   Data           0  startup_stm32f10x_md.o(STACK)



==============================================================================

Memory Map of the image

  Image Entry point : 0x08000101

  Load Region LR_1 (Base: 0x08000000, Size: 0x0000342c, Max: 0xffffffff, ABSOLUTE, COMPRESSED[0x00003094])

    Execution Region ER_RO (Base: 0x08000000, Size: 0x00003014, Max: 0xffffffff, ABSOLUTE)

    Base Addr    Size         Type   Attr      Idx    E Section Name        Object

    0x08000000   0x000000ec   Data   RO            3    RESET               startup_stm32f10x_md.o
    0x080000ec   0x00000000   Code   RO         4112  * .ARM.Collect$$$$00000000  mc_w.l(entry.o)
    0x080000ec   0x00000004   Code   RO         4409    .ARM.Collect$$$$00000001  mc_w.l(entry2.o)
    0x080000f0   0x00000004   Code   RO         4412    .ARM.Collect$$$$00000004  mc_w.l(entry5.o)
    0x080000f4   0x00000000   Code   RO         4414    .ARM.Collect$$$$00000008  mc_w.l(entry7b.o)
    0x080000f4   0x00000000   Code   RO         4416    .ARM.Collect$$$$0000000A  mc_w.l(entry8b.o)
    0x080000f4   0x00000008   Code   RO         4417    .ARM.Collect$$$$0000000B  mc_w.l(entry9a.o)
    0x080000fc   0x00000000   Code   RO         4419    .ARM.Collect$$$$0000000D  mc_w.l(entry10a.o)
    0x080000fc   0x00000000   Code   RO         4421    .ARM.Collect$$$$0000000F  mc_w.l(entry11a.o)
    0x080000fc   0x00000004   Code   RO         4410    .ARM.Collect$$$$00002712  mc_w.l(entry2.o)
    0x08000100   0x00000024   Code   RO            4  * .text               startup_stm32f10x_md.o
    0x08000124   0x00000024   Code   RO         4115    .text               mc_w.l(rand.o)
    0x08000148   0x00000024   Code   RO         4118    .text               mc_w.l(memcpya.o)
    0x0800016c   0x00000024   Code   RO         4120    .text               mc_w.l(memseta.o)
    0x08000190   0x0000000e   Code   RO         4122    .text               mc_w.l(strlen.o)
    0x0800019e   0x0000014e   Code   RO         4387    .text               mf_w.l(dadd.o)
    0x080002ec   0x000000e4   Code   RO         4389    .text               mf_w.l(dmul.o)
    0x080003d0   0x0000002e   Code   RO         4391    .text               mf_w.l(dscalb.o)
    0x080003fe   0x0000000a   Code   RO         4393    .text               mf_w.l(ffltui.o)
    0x08000408   0x00000022   Code   RO         4395    .text               mf_w.l(dflti.o)
    0x0800042a   0x0000001a   Code   RO         4397    .text               mf_w.l(dfltui.o)
    0x08000444   0x0000003e   Code   RO         4399    .text               mf_w.l(dfixi.o)
    0x08000482   0x00000032   Code   RO         4401    .text               mf_w.l(dfixui.o)
    0x080004b4   0x00000026   Code   RO         4403    .text               mf_w.l(f2d.o)
    0x080004da   0x00000002   PAD
    0x080004dc   0x00000028   Code   RO         4405    .text               mf_w.l(cdcmple.o)
    0x08000504   0x00000028   Code   RO         4407    .text               mf_w.l(cdrcmple.o)
    0x0800052c   0x0000001e   Code   RO         4430    .text               mc_w.l(llshl.o)
    0x0800054a   0x00000020   Code   RO         4432    .text               mc_w.l(llushr.o)
    0x0800056a   0x00000024   Code   RO         4434    .text               mc_w.l(llsshr.o)
    0x0800058e   0x00000000   Code   RO         4436    .text               mc_w.l(iusefp.o)
    0x0800058e   0x0000006c   Code   RO         4437    .text               mf_w.l(fepilogue.o)
    0x080005fa   0x000000be   Code   RO         4439    .text               mf_w.l(depilogue.o)
    0x080006b8   0x00000024   Code   RO         4445    .text               mc_w.l(init.o)
    0x080006dc   0x0000005c   Code   RO         4457    .text               mc_w.l(__dczerorl2.o)
    0x08000738   0x00000014   Code   RO          118    i.ADC_Cmd           stm32f10x_adc.o
    0x0800074c   0x00000014   Code   RO          119    i.ADC_DMACmd        stm32f10x_adc.o
    0x08000760   0x0000000e   Code   RO          126    i.ADC_GetCalibrationStatus  stm32f10x_adc.o
    0x0800076e   0x00000006   Code   RO          127    i.ADC_GetConversionValue  stm32f10x_adc.o
    0x08000774   0x0000000e   Code   RO          132    i.ADC_GetResetCalibrationStatus  stm32f10x_adc.o
    0x08000782   0x00000002   PAD
    0x08000784   0x00000048   Code   RO          136    i.ADC_Init          stm32f10x_adc.o
    0x080007cc   0x00000074   Code   RO          140    i.ADC_RegularChannelConfig  stm32f10x_adc.o
    0x08000840   0x0000000a   Code   RO          141    i.ADC_ResetCalibration  stm32f10x_adc.o
    0x0800084a   0x00000014   Code   RO          143    i.ADC_SoftwareStartConvCmd  stm32f10x_adc.o
    0x0800085e   0x0000000a   Code   RO          145    i.ADC_StartCalibration  stm32f10x_adc.o
    0x08000868   0x00000012   Code   RO          336    i.BKP_DeInit        stm32f10x_bkp.o
    0x0800087a   0x00000002   PAD
    0x0800087c   0x00000010   Code   RO          341    i.BKP_ReadBackupRegister  stm32f10x_bkp.o
    0x0800088c   0x00000010   Code   RO          345    i.BKP_WriteBackupRegister  stm32f10x_bkp.o
    0x0800089c   0x00000010   Code   RO         3893    i.Beep_reverse      beep.o
    0x080008ac   0x00000050   Code   RO         3636    i.CMP_Encrypted_ID  encryptalog.o
    0x080008fc   0x00000074   Code   RO         3390    i.CancelalarmKEY    key.o
    0x08000970   0x00000044   Code   RO         3391    i.Cancelalarm_detection  key.o
    0x080009b4   0x00000020   Code   RO         4037    i.ConvCalendarToSecTime  rtc.o
    0x080009d4   0x00000014   Code   RO          788    i.DMA_Cmd           stm32f10x_dma.o
    0x080009e8   0x000000e0   Code   RO          789    i.DMA_DeInit        stm32f10x_dma.o
    0x08000ac8   0x0000003a   Code   RO          794    i.DMA_Init          stm32f10x_dma.o
    0x08000b02   0x00000002   PAD
    0x08000b04   0x00000078   Code   RO         3178    i.DS18B20_Check     ds18b20.o
    0x08000b7c   0x0000002c   Code   RO         3179    i.DS18B20_GPIO      ds18b20.o
    0x08000ba8   0x00000068   Code   RO         3180    i.DS18B20_Get_Temp  ds18b20.o
    0x08000c10   0x00000064   Code   RO         3181    i.DS18B20_Read_Bit  ds18b20.o
    0x08000c74   0x00000020   Code   RO         3182    i.DS18B20_Read_Byte  ds18b20.o
    0x08000c94   0x00000040   Code   RO         3183    i.DS18B20_Rst       ds18b20.o
    0x08000cd4   0x0000001a   Code   RO         3184    i.DS18B20_Start     ds18b20.o
    0x08000cee   0x00000002   PAD
    0x08000cf0   0x00000070   Code   RO         3185    i.DS18B20_Write_Byte  ds18b20.o
    0x08000d60   0x0000000c   Code   RO          906    i.FLASH_ClearFlag   stm32f10x_flash.o
    0x08000d6c   0x00000040   Code   RO          911    i.FLASH_ErasePage   stm32f10x_flash.o
    0x08000dac   0x00000028   Code   RO          912    i.FLASH_GetBank1Status  stm32f10x_flash.o
    0x08000dd4   0x00000010   Code   RO          921    i.FLASH_Lock        stm32f10x_flash.o
    0x08000de4   0x00000054   Code   RO          926    i.FLASH_ProgramWord  stm32f10x_flash.o
    0x08000e38   0x00000018   Code   RO          929    i.FLASH_Unlock      stm32f10x_flash.o
    0x08000e50   0x00000024   Code   RO          933    i.FLASH_WaitForLastOperation  stm32f10x_flash.o
    0x08000e74   0x00000030   Code   RO         3353    i.Fire_init         fire_control.o
    0x08000ea4   0x0000000c   Code   RO         3354    i.Fire_off          fire_control.o
    0x08000eb0   0x0000000c   Code   RO         3355    i.Fire_on           fire_control.o
    0x08000ebc   0x00000054   Code   RO         3637    i.Formula_11        encryptalog.o
    0x08000f10   0x0000009e   Code   RO         1204    i.GPIO_Init         stm32f10x_gpio.o
    0x08000fae   0x0000000e   Code   RO         1208    i.GPIO_ReadInputDataBit  stm32f10x_gpio.o
    0x08000fbc   0x00000004   Code   RO         1211    i.GPIO_ResetBits    stm32f10x_gpio.o
    0x08000fc0   0x00000004   Code   RO         1212    i.GPIO_SetBits      stm32f10x_gpio.o
    0x08000fc4   0x0000001c   Code   RO         3881    i.GetCheckCode_SUM_NOT  common.o
    0x08000fe0   0x0000002c   Code   RO         3757    i.LED0_init         led.o
    0x0800100c   0x00000010   Code   RO         3758    i.LED0_reverse      led.o
    0x0800101c   0x0000002c   Code   RO         3759    i.LED1_init         led.o
    0x08001048   0x00000010   Code   RO         3760    i.LED1_reverse      led.o
    0x08001058   0x0000000e   Code   RO         3761    i.LED_init          led.o
    0x08001066   0x00000002   PAD
    0x08001068   0x00000010   Code   RO         3763    i.Led0_Turn_on      led.o
    0x08001078   0x00000010   Code   RO         3764    i.Led1_Turn_off     led.o
    0x08001088   0x00000010   Code   RO         3765    i.Led1_Turn_on      led.o
    0x08001098   0x0000002a   Code   RO         3493    i.NVIC_Configuration  time4.o
    0x080010c2   0x00000002   PAD
    0x080010c4   0x00000064   Code   RO           10    i.NVIC_Init         misc.o
    0x08001128   0x00000014   Code   RO           11    i.NVIC_PriorityGroupConfig  misc.o
    0x0800113c   0x00000074   Code   RO         3392    i.OUT_FIRE_detection  key.o
    0x080011b0   0x00000074   Code   RO         3393    i.OutfireKEY        key.o
    0x08001224   0x0000000c   Code   RO         1555    i.PWR_BackupAccessCmd  stm32f10x_pwr.o
    0x08001230   0x00000018   Code   RO         1619    i.RCC_AHBPeriphClockCmd  stm32f10x_rcc.o
    0x08001248   0x00000018   Code   RO         1620    i.RCC_APB1PeriphClockCmd  stm32f10x_rcc.o
    0x08001260   0x00000018   Code   RO         1622    i.RCC_APB2PeriphClockCmd  stm32f10x_rcc.o
    0x08001278   0x0000000c   Code   RO         1625    i.RCC_BackupResetCmd  stm32f10x_rcc.o
    0x08001284   0x00000094   Code   RO         1630    i.RCC_GetClocksFreq  stm32f10x_rcc.o
    0x08001318   0x00000030   Code   RO         1631    i.RCC_GetFlagStatus  stm32f10x_rcc.o
    0x08001348   0x00000020   Code   RO         1638    i.RCC_LSEConfig     stm32f10x_rcc.o
    0x08001368   0x0000000c   Code   RO         1645    i.RCC_RTCCLKCmd     stm32f10x_rcc.o
    0x08001374   0x00000010   Code   RO         1646    i.RCC_RTCCLKConfig  stm32f10x_rcc.o
    0x08001384   0x00000010   Code   RO         1819    i.RTC_ClearITPendingBit  stm32f10x_rtc.o
    0x08001394   0x00000058   Code   RO         4039    i.RTC_Configuration  rtc.o
    0x080013ec   0x00000010   Code   RO         1820    i.RTC_EnterConfigMode  stm32f10x_rtc.o
    0x080013fc   0x00000010   Code   RO         1821    i.RTC_ExitConfigMode  stm32f10x_rtc.o
    0x0800140c   0x00000014   Code   RO         1822    i.RTC_GetCounter    stm32f10x_rtc.o
    0x08001420   0x00000020   Code   RO         1825    i.RTC_GetITStatus   stm32f10x_rtc.o
    0x08001440   0x00000020   Code   RO         4040    i.RTC_IRQHandler    rtc.o
    0x08001460   0x00000018   Code   RO         1826    i.RTC_ITConfig      stm32f10x_rtc.o
    0x08001478   0x00000028   Code   RO         4041    i.RTC_NVIC_Configuration  rtc.o
    0x080014a0   0x00000020   Code   RO         1828    i.RTC_SetCounter    stm32f10x_rtc.o
    0x080014c0   0x00000020   Code   RO         1829    i.RTC_SetPrescaler  stm32f10x_rtc.o
    0x080014e0   0x00000010   Code   RO         1830    i.RTC_WaitForLastTask  stm32f10x_rtc.o
    0x080014f0   0x00000018   Code   RO         1831    i.RTC_WaitForSynchro  stm32f10x_rtc.o
    0x08001508   0x00000030   Code   RO         3639    i.Read_UID          encryptalog.o
    0x08001538   0x00000068   Code   RO         3523    i.STM32_CMP_Encrypted_ID  chip_uid.o
    0x080015a0   0x00000024   Code   RO         3524    i.STM32_Encrypted_ID  chip_uid.o
    0x080015c4   0x00000030   Code   RO         3525    i.STM32_Read_ID     chip_uid.o
    0x080015f4   0x0000008c   Code   RO         4042    i.SecTime           rtc.o
    0x08001680   0x000000a8   Code   RO         3014    i.SetSysClockTo72   system_stm32f10x.o
    0x08001728   0x00000040   Code   RO         3016    i.SystemInit        system_stm32f10x.o
    0x08001768   0x00000026   Code   RO         3278    i.TIM2_IRQHandler   time2.o
    0x0800178e   0x00000056   Code   RO         3279    i.TIM2_Init         time2.o
    0x080017e4   0x00000028   Code   RO         3599    i.TIM3_IRQHandler   time3.o
    0x0800180c   0x00000050   Code   RO         3600    i.TIM3_Init         time3.o
    0x0800185c   0x00000048   Code   RO         3601    i.TIM3_handle       time3.o
    0x080018a4   0x0000004c   Code   RO         3494    i.TIM4_Configuration  time4.o
    0x080018f0   0x0000002c   Code   RO         3495    i.TIM4_IRQHandler   time4.o
    0x0800191c   0x00000006   Code   RO         2246    i.TIM_ClearITPendingBit  stm32f10x_tim.o
    0x08001922   0x00000014   Code   RO         2251    i.TIM_Cmd           stm32f10x_tim.o
    0x08001936   0x00000018   Code   RO         2272    i.TIM_GetITStatus   stm32f10x_tim.o
    0x0800194e   0x00000010   Code   RO         2276    i.TIM_ITConfig      stm32f10x_tim.o
    0x0800195e   0x00000002   PAD
    0x08001960   0x0000009c   Code   RO         2322    i.TIM_TimeBaseInit  stm32f10x_tim.o
    0x080019fc   0x00000004   Code   RO         4043    i.Time_GetUnixTime  rtc.o
    0x08001a00   0x00000034   Code   RO         3716    i.USART1_IRQHandler  usart1_driver.o
    0x08001a34   0x00000006   Code   RO         2770    i.USART_ClearFlag   stm32f10x_usart.o
    0x08001a3a   0x0000000c   Code   RO         2771    i.USART_ClearITPendingBit  stm32f10x_usart.o
    0x08001a46   0x00000014   Code   RO         2774    i.USART_Cmd         stm32f10x_usart.o
    0x08001a5a   0x0000000e   Code   RO         2777    i.USART_GetFlagStatus  stm32f10x_usart.o
    0x08001a68   0x0000003e   Code   RO         2778    i.USART_GetITStatus  stm32f10x_usart.o
    0x08001aa6   0x00000030   Code   RO         2780    i.USART_ITConfig    stm32f10x_usart.o
    0x08001ad6   0x00000002   PAD
    0x08001ad8   0x000000b4   Code   RO         2781    i.USART_Init        stm32f10x_usart.o
    0x08001b8c   0x00000008   Code   RO         2788    i.USART_ReceiveData  stm32f10x_usart.o
    0x08001b94   0x00000008   Code   RO         2791    i.USART_SendData    stm32f10x_usart.o
    0x08001b9c   0x0000000e   Code   RO         4451    i.__scatterload_copy  mc_w.l(handlers.o)
    0x08001baa   0x00000002   Code   RO         4452    i.__scatterload_null  mc_w.l(handlers.o)
    0x08001bac   0x0000000e   Code   RO         4453    i.__scatterload_zeroinit  mc_w.l(handlers.o)
    0x08001bba   0x00000002   PAD
    0x08001bbc   0x0000006c   Code   RO         3357    i.alarm_led         fire_control.o
    0x08001c28   0x000001e4   Code   RO         3302    i.algo_processing   algo.o
    0x08001e0c   0x000000b4   Code   RO         3303    i.algorithm_deal    algo.o
    0x08001ec0   0x00000040   Code   RO         3304    i.auto_force_action  algo.o
    0x08001f00   0x0000002c   Code   RO         3432    i.backup_begin      data_backup.o
    0x08001f2c   0x00000034   Code   RO         3433    i.backup_buffer_handle  data_backup.o
    0x08001f60   0x00000070   Code   RO         3434    i.backup_end        data_backup.o
    0x08001fd0   0x00000034   Code   RO         3894    i.beep_init         beep.o
    0x08002004   0x0000000c   Code   RO         3895    i.beep_off          beep.o
    0x08002010   0x0000000c   Code   RO         3896    i.beep_on           beep.o
    0x0800201c   0x0000003c   Code   RO         3640    i.changeUID         encryptalog.o
    0x08002058   0x00000038   Code   RO         3435    i.clear_backups     data_backup.o
    0x08002090   0x00000024   Code   RO         3992    i.clear_flash       flash.o
    0x080020b4   0x00000006   Code   RO         3766    i.delay             led.o
    0x080020ba   0x00000002   PAD
    0x080020bc   0x00000020   Code   RO         3683    i.delay_init        delay.o
    0x080020dc   0x00000034   Code   RO         3684    i.delay_ms          delay.o
    0x08002110   0x0000001c   Code   RO         3685    i.delay_seconds     delay.o
    0x0800212c   0x00000028   Code   RO         3686    i.delay_us          delay.o
    0x08002154   0x00000030   Code   RO         3569    i.feed_back         usart1_data.o
    0x08002184   0x000000d8   Code   RO         3237    i.get_all_sensor_value  adc.o
    0x0800225c   0x0000004e   Code   RO         3641    i.get_id_u8         encryptalog.o
    0x080022aa   0x0000004e   Code   RO         3526    i.get_u8_id         chip_uid.o
    0x080022f8   0x00000120   Code   RO         3238    i.init_ad           adc.o
    0x08002418   0x00000048   Code   RO         3394    i.key_GPIO_Configuration  key.o
    0x08002460   0x0000004c   Code   RO         3063    i.main              main.o
    0x080024ac   0x00000038   Code   RO         3436    i.read_backups      data_backup.o
    0x080024e4   0x00000014   Code   RO         3437    i.read_last_backup_time  data_backup.o
    0x080024f8   0x0000001a   Code   RO         3994    i.read_words_from_flash  flash.o
    0x08002512   0x0000000e   Code   RO         4045    i.rtc_init          rtc.o
    0x08002520   0x0000004c   Code   RO         3996    i.save_words_to_flash  flash.o
    0x0800256c   0x000001e4   Code   RO         3305    i.sensor_level_detect  algo.o
    0x08002750   0x00000070   Code   RO         4046    i.start_rct         rtc.o
    0x080027c0   0x00000034   Code   RO         3527    i.sysRandPuzzle     chip_uid.o
    0x080027f4   0x00000154   Code   RO         3306    i.sys_fault_handle  algo.o
    0x08002948   0x00000080   Code   RO         3064    i.sys_hw_init       main.o
    0x080029c8   0x000000cc   Code   RO         3307    i.sys_level_detect  algo.o
    0x08002a94   0x0000002c   Code   RO         3280    i.timer2_init       time2.o
    0x08002ac0   0x0000002c   Code   RO         3602    i.timer3_init       time3.o
    0x08002aec   0x0000000e   Code   RO         3496    i.timer4_init       time4.o
    0x08002afa   0x00000002   PAD
    0x08002afc   0x0000003a   Code   RO         3439    i.u32_to_u8_buf     data_backup.o
    0x08002b36   0x00000002   PAD
    0x08002b38   0x00000044   Code   RO         3717    i.usart1_get_input  usart1_driver.o
    0x08002b7c   0x000000b4   Code   RO         3718    i.usart1_init       usart1_driver.o
    0x08002c30   0x00000118   Code   RO         3570    i.usart1_make_frame  usart1_data.o
    0x08002d48   0x000000a0   Code   RO         3571    i.usart1_packet_analy  usart1_data.o
    0x08002de8   0x00000090   Code   RO         3572    i.usart1_packet_detect  usart1_data.o
    0x08002e78   0x0000003c   Code   RO         3719    i.usart1_put_bytes  usart1_driver.o
    0x08002eb4   0x00000034   Code   RO         3720    i.usart1_put_str    usart1_driver.o
    0x08002ee8   0x00000034   Code   RO         3239    i.voltage_CO        adc.o
    0x08002f1c   0x00000034   Code   RO         3241    i.voltage_smog      adc.o
    0x08002f50   0x00000088   Data   RO         3310    .constdata          algo.o
    0x08002fd8   0x0000001c   Data   RO         4048    .constdata          rtc.o
    0x08002ff4   0x00000020   Data   RO         4449    Region$$Table       anon$$obj.o


    Execution Region ER_RW (Base: 0x20000000, Size: 0x00000418, Max: 0xffffffff, ABSOLUTE, COMPRESSED[0x00000080])

    Base Addr    Size         Type   Attr      Idx    E Section Name        Object

    0x20000000   0x00000014   Data   RW         1650    .data               stm32f10x_rcc.o
    0x20000014   0x00000004   Data   RW         3066    .data               main.o
    0x20000018   0x00000001   Data   RW         3186    .data               ds18b20.o
    0x20000019   0x00000007   PAD
    0x20000020   0x00000040   Data   RW         3311    .data               algo.o
    0x20000060   0x00000001   Data   RW         3358    .data               fire_control.o
    0x20000061   0x00000003   PAD
    0x20000064   0x00000008   Data   RW         3395    .data               key.o
    0x2000006c   0x00000002   Data   RW         3441    .data               data_backup.o
    0x2000006e   0x00000001   Data   RW         3442    .data               data_backup.o
    0x2000006f   0x00000001   PAD
    0x20000070   0x00000018   Data   RW         3529    .data               chip_uid.o
    0x20000088   0x00000004   Data   RW         3603    .data               time3.o
    0x2000008c   0x0000000c   Data   RW         3604    .data               time3.o
    0x20000098   0x00000004   Data   RW         3643    .data               encryptalog.o
    0x2000009c   0x00000018   Data   RW         3644    .data               encryptalog.o
    0x200000b4   0x00000004   Data   RW         3687    .data               delay.o
    0x200000b8   0x00000014   Data   RW         3688    .data               delay.o
    0x200000cc   0x0000031c   Data   RW         3721    .data               usart1_driver.o
    0x200003e8   0x00000001   Data   RW         3998    .data               flash.o
    0x200003e9   0x00000003   PAD
    0x200003ec   0x00000028   Data   RW         4049    .data               rtc.o
    0x20000414   0x00000004   Data   RW         4116    .data               mc_w.l(rand.o)


    Execution Region ER_ZI (Base: 0x20000418, Size: 0x000009d8, Max: 0xffffffff, ABSOLUTE)

    Base Addr    Size         Type   Attr      Idx    E Section Name        Object

    0x20000418   0x00000015   Zero   RW         3065    .bss                main.o
    0x2000042d   0x00000001   PAD
    0x2000042e   0x0000001e   Zero   RW         3243    .bss                adc.o
    0x2000044c   0x00000004   PAD
    0x20000450   0x00000520   Zero   RW         3308    .bss                algo.o
    0x20000970   0x00000064   Zero   RW         3440    .bss                data_backup.o
    0x200009d4   0x00000018   Zero   RW         3642    .bss                encryptalog.o
    0x200009ec   0x00000004   PAD
    0x200009f0   0x00000400   Zero   RW            1    STACK               startup_stm32f10x_md.o


==============================================================================

Image component sizes


      Code (inc. data)   RO Data    RW Data    ZI Data      Debug   Object Name

       608         60          0          0         30       3410   adc.o
      1756        146        136         64       1312       7769   algo.o
        92         16          0          0          0       1928   beep.o
       318         42          0         24          0       3851   chip_uid.o
        28          0          0          0          0        635   common.o
       398         70          0          3        100       6054   data_backup.o
       152         16          0         24          0       2903   delay.o
       602         52          0          1          0       5483   ds18b20.o
       350         32          0         28         24       3788   encryptalog.o
       180         22          0          1          0       2661   fire_control.o
       138         12          0          1          0       2538   flash.o
       488         70          0          8          0       3563   key.o
       188         34          0          0          0       4889   led.o
       204         34          0          4         21       1900   main.o
       120         20          0          0          0     277415   misc.o
       462         20         28         40          0       6928   rtc.o
        36          8        236          0       1024        932   startup_stm32f10x_md.o
       302         10          0          0          0       8514   stm32f10x_adc.o
        50          8          0          0          0       3052   stm32f10x_bkp.o
       302          8          0          0          0       3210   stm32f10x_dma.o
       276         36          0          0          0       6337   stm32f10x_flash.o
       180          0          0          0          0       3784   stm32f10x_gpio.o
        12          6          0          0          0        582   stm32f10x_pwr.o
       340         62          0         20          0       8506   stm32f10x_rcc.o
       228         50          0          0          0       6570   stm32f10x_rtc.o
       222         42          0          0          0       4861   stm32f10x_tim.o
       358          4          0          0          0       7669   stm32f10x_usart.o
       232         20          0          0          0       1909   system_stm32f10x.o
       168          0          0          0          0       2116   time2.o
       236         22          0         16          0       3042   time3.o
       176         14          0          0          0       2533   time4.o
       632         52          0          0          0       3181   usart1_data.o
       412         36          0        796          0       4549   usart1_driver.o

    ----------------------------------------------------------------------
     10268       1024        432       1044       2520     407062   Object Totals
         0          0         32          0          0          0   (incl. Generated)
        22          0          0         14          9          0   (incl. Padding)

    ----------------------------------------------------------------------

      Code (inc. data)   RO Data    RW Data    ZI Data      Debug   Library Member Name

        92          0          0          0          0          0   __dczerorl2.o
         0          0          0          0          0          0   entry.o
         0          0          0          0          0          0   entry10a.o
         0          0          0          0          0          0   entry11a.o
         8          4          0          0          0          0   entry2.o
         4          0          0          0          0          0   entry5.o
         0          0          0          0          0          0   entry7b.o
         0          0          0          0          0          0   entry8b.o
         8          4          0          0          0          0   entry9a.o
        30          0          0          0          0          0   handlers.o
        36          8          0          0          0         68   init.o
         0          0          0          0          0          0   iusefp.o
        30          0          0          0          0         68   llshl.o
        36          0          0          0          0         68   llsshr.o
        32          0          0          0          0         68   llushr.o
        36          0          0          0          0         68   memcpya.o
        36          0          0          0          0        108   memseta.o
        36         10          0          4          0        136   rand.o
        14          0          0          0          0         68   strlen.o
        40          2          0          0          0         68   cdcmple.o
        40          2          0          0          0         68   cdrcmple.o
       334          0          0          0          0        144   dadd.o
       190          0          0          0          0        176   depilogue.o
        62          0          0          0          0         80   dfixi.o
        50          0          0          0          0         76   dfixui.o
        34          0          0          0          0         76   dflti.o
        26          0          0          0          0         76   dfltui.o
       228          0          0          0          0         92   dmul.o
        46          0          0          0          0         80   dscalb.o
        38          0          0          0          0         68   f2d.o
       108          0          0          0          0        168   fepilogue.o
        10          0          0          0          0         68   ffltui.o

    ----------------------------------------------------------------------
      1608         30          0          4          0       1892   Library Totals
         4          0          0          0          0          0   (incl. Padding)

    ----------------------------------------------------------------------

      Code (inc. data)   RO Data    RW Data    ZI Data      Debug   Library Name

       398         26          0          4          0        652   mc_w.l
      1206          4          0          0          0       1240   mf_w.l

    ----------------------------------------------------------------------
      1608         30          0          4          0       1892   Library Totals

    ----------------------------------------------------------------------

==============================================================================


      Code (inc. data)   RO Data    RW Data    ZI Data      Debug   

     11876       1054        432       1048       2520     399750   Grand Totals
     11876       1054        432        128       2520     399750   ELF Image Totals (compressed)
     11876       1054        432        128          0          0   ROM Totals

==============================================================================

    Total RO  Size (Code + RO Data)                12308 (  12.02kB)
    Total RW  Size (RW Data + ZI Data)              3568 (   3.48kB)
    Total ROM Size (Code + RO Data + RW Data)      12436 (  12.14kB)

==============================================================================

