ARM Linker, 5.03 [Build 24] [MDK-ARM Standard]

==============================================================================

Section Cross References

    startup_stm32f10x_md.o(RESET) refers to startup_stm32f10x_md.o(STACK) for __initial_sp
    startup_stm32f10x_md.o(RESET) refers to startup_stm32f10x_md.o(.text) for Reset_Handler
    startup_stm32f10x_md.o(RESET) refers to rtc.o(i.RTC_IRQHandler) for RTC_IRQHandler
    startup_stm32f10x_md.o(RESET) refers to time2.o(i.TIM2_IRQHandler) for TIM2_IRQHandler
    startup_stm32f10x_md.o(RESET) refers to time4.o(i.TIM4_IRQHandler) for TIM4_IRQHandler
    startup_stm32f10x_md.o(RESET) refers to usart1_driver.o(i.USART1_IRQHandler) for USART1_IRQHandler
    startup_stm32f10x_md.o(RESET) refers to usart2_driver.o(i.USART2_IRQHandler) for USART2_IRQHandler
    startup_stm32f10x_md.o(.text) refers to system_stm32f10x.o(i.SystemInit) for SystemInit
    startup_stm32f10x_md.o(.text) refers to entry.o(.ARM.Collect$$$$00000000) for __main
    stm32f10x_adc.o(i.ADC_DeInit) refers to stm32f10x_rcc.o(i.RCC_APB2PeriphResetCmd) for RCC_APB2PeriphResetCmd
    stm32f10x_bkp.o(i.BKP_DeInit) refers to stm32f10x_rcc.o(i.RCC_BackupResetCmd) for RCC_BackupResetCmd
    stm32f10x_can.o(i.CAN_DeInit) refers to stm32f10x_rcc.o(i.RCC_APB1PeriphResetCmd) for RCC_APB1PeriphResetCmd
    stm32f10x_can.o(i.CAN_GetITStatus) refers to stm32f10x_can.o(i.CheckITStatus) for CheckITStatus
    stm32f10x_can.o(i.CAN_Receive) refers to stm32f10x_can.o(i.CAN_FIFORelease) for CAN_FIFORelease
    stm32f10x_cec.o(i.CEC_DeInit) refers to stm32f10x_rcc.o(i.RCC_APB1PeriphResetCmd) for RCC_APB1PeriphResetCmd
    stm32f10x_dac.o(i.DAC_DeInit) refers to stm32f10x_rcc.o(i.RCC_APB1PeriphResetCmd) for RCC_APB1PeriphResetCmd
    stm32f10x_flash.o(i.FLASH_EnableWriteProtection) refers to stm32f10x_flash.o(i.FLASH_WaitForLastOperation) for FLASH_WaitForLastOperation
    stm32f10x_flash.o(i.FLASH_EraseAllBank1Pages) refers to stm32f10x_flash.o(i.FLASH_WaitForLastBank1Operation) for FLASH_WaitForLastBank1Operation
    stm32f10x_flash.o(i.FLASH_EraseAllPages) refers to stm32f10x_flash.o(i.FLASH_WaitForLastOperation) for FLASH_WaitForLastOperation
    stm32f10x_flash.o(i.FLASH_EraseOptionBytes) refers to stm32f10x_flash.o(i.FLASH_GetReadOutProtectionStatus) for FLASH_GetReadOutProtectionStatus
    stm32f10x_flash.o(i.FLASH_EraseOptionBytes) refers to stm32f10x_flash.o(i.FLASH_WaitForLastOperation) for FLASH_WaitForLastOperation
    stm32f10x_flash.o(i.FLASH_ErasePage) refers to stm32f10x_flash.o(i.FLASH_WaitForLastOperation) for FLASH_WaitForLastOperation
    stm32f10x_flash.o(i.FLASH_ProgramHalfWord) refers to stm32f10x_flash.o(i.FLASH_WaitForLastOperation) for FLASH_WaitForLastOperation
    stm32f10x_flash.o(i.FLASH_ProgramOptionByteData) refers to stm32f10x_flash.o(i.FLASH_WaitForLastOperation) for FLASH_WaitForLastOperation
    stm32f10x_flash.o(i.FLASH_ProgramWord) refers to stm32f10x_flash.o(i.FLASH_WaitForLastOperation) for FLASH_WaitForLastOperation
    stm32f10x_flash.o(i.FLASH_ReadOutProtection) refers to stm32f10x_flash.o(i.FLASH_WaitForLastOperation) for FLASH_WaitForLastOperation
    stm32f10x_flash.o(i.FLASH_UserOptionByteConfig) refers to stm32f10x_flash.o(i.FLASH_WaitForLastOperation) for FLASH_WaitForLastOperation
    stm32f10x_flash.o(i.FLASH_WaitForLastBank1Operation) refers to stm32f10x_flash.o(i.FLASH_GetBank1Status) for FLASH_GetBank1Status
    stm32f10x_flash.o(i.FLASH_WaitForLastOperation) refers to stm32f10x_flash.o(i.FLASH_GetBank1Status) for FLASH_GetBank1Status
    stm32f10x_gpio.o(i.GPIO_AFIODeInit) refers to stm32f10x_rcc.o(i.RCC_APB2PeriphResetCmd) for RCC_APB2PeriphResetCmd
    stm32f10x_gpio.o(i.GPIO_DeInit) refers to stm32f10x_rcc.o(i.RCC_APB2PeriphResetCmd) for RCC_APB2PeriphResetCmd
    stm32f10x_i2c.o(i.I2C_DeInit) refers to stm32f10x_rcc.o(i.RCC_APB1PeriphResetCmd) for RCC_APB1PeriphResetCmd
    stm32f10x_i2c.o(i.I2C_Init) refers to stm32f10x_rcc.o(i.RCC_GetClocksFreq) for RCC_GetClocksFreq
    stm32f10x_pwr.o(i.PWR_DeInit) refers to stm32f10x_rcc.o(i.RCC_APB1PeriphResetCmd) for RCC_APB1PeriphResetCmd
    stm32f10x_rcc.o(i.RCC_GetClocksFreq) refers to stm32f10x_rcc.o(.data) for .data
    stm32f10x_rcc.o(i.RCC_WaitForHSEStartUp) refers to stm32f10x_rcc.o(i.RCC_GetFlagStatus) for RCC_GetFlagStatus
    stm32f10x_rtc.o(i.RTC_SetAlarm) refers to stm32f10x_rtc.o(i.RTC_EnterConfigMode) for RTC_EnterConfigMode
    stm32f10x_rtc.o(i.RTC_SetAlarm) refers to stm32f10x_rtc.o(i.RTC_ExitConfigMode) for RTC_ExitConfigMode
    stm32f10x_rtc.o(i.RTC_SetCounter) refers to stm32f10x_rtc.o(i.RTC_EnterConfigMode) for RTC_EnterConfigMode
    stm32f10x_rtc.o(i.RTC_SetCounter) refers to stm32f10x_rtc.o(i.RTC_ExitConfigMode) for RTC_ExitConfigMode
    stm32f10x_rtc.o(i.RTC_SetPrescaler) refers to stm32f10x_rtc.o(i.RTC_EnterConfigMode) for RTC_EnterConfigMode
    stm32f10x_rtc.o(i.RTC_SetPrescaler) refers to stm32f10x_rtc.o(i.RTC_ExitConfigMode) for RTC_ExitConfigMode
[...]
    ../clib/microlib/string/memcpy.c         0x00000000   Number         0  memcpya.o ABSOLUTE
    ../clib/microlib/string/memcpy.c         0x00000000   Number         0  memcpyb.o ABSOLUTE
    ../clib/microlib/string/memset.c         0x00000000   Number         0  memseta.o ABSOLUTE
    ../clib/microlib/string/strlen.c         0x00000000   Number         0  strlen.o ABSOLUTE
    ../clib/microlib/stubs.s                 0x00000000   Number         0  iusefp.o ABSOLUTE
    ../fplib/microlib/d2f.c                  0x00000000   Number         0  d2f.o ABSOLUTE
    ../fplib/microlib/f2d.c                  0x00000000   Number         0  f2d.o ABSOLUTE
    ../fplib/microlib/fpadd.c                0x00000000   Number         0  dadd.o ABSOLUTE
    ../fplib/microlib/fpdiv.c                0x00000000   Number         0  ddiv.o ABSOLUTE
    ../fplib/microlib/fpepilogue.c           0x00000000   Number         0  fepilogue.o ABSOLUTE
    ../fplib/microlib/fpepilogue.c           0x00000000   Number         0  depilogue.o ABSOLUTE
    ../fplib/microlib/fpfix.c                0x00000000   Number         0  dfixul.o ABSOLUTE
    ../fplib/microlib/fpfix.c                0x00000000   Number         0  dfixi.o ABSOLUTE
    ../fplib/microlib/fpfix.c                0x00000000   Number         0  dfixui.o ABSOLUTE
    ../fplib/microlib/fpflt.c                0x00000000   Number         0  dfltui.o ABSOLUTE
    ../fplib/microlib/fpflt.c                0x00000000   Number         0  dflti.o ABSOLUTE
    ../fplib/microlib/fpmul.c                0x00000000   Number         0  dmul.o ABSOLUTE
    Libraries\CMSIS\CM3\CoreSupport\core_cm3.c 0x00000000   Number         0  core_cm3.o ABSOLUTE
    Libraries\CMSIS\CM3\DeviceSupport\ST\STM32F10x\startup\arm\startup_stm32f10x_md.s 0x00000000   Number         0  startup_stm32f10x_md.o ABSOLUTE
    Libraries\CMSIS\CM3\DeviceSupport\ST\STM32F10x\system_stm32f10x.c 0x00000000   Number         0  system_stm32f10x.o ABSOLUTE
    Libraries\STM32F10x_StdPeriph_Driver\src\misc.c 0x00000000   Number         0  misc.o ABSOLUTE
    Libraries\STM32F10x_StdPeriph_Driver\src\stm32f10x_adc.c 0x00000000   Number         0  stm32f10x_adc.o ABSOLUTE
    Libraries\STM32F10x_StdPeriph_Driver\src\stm32f10x_bkp.c 0x00000000   Number         0  stm32f10x_bkp.o ABSOLUTE
    Libraries\STM32F10x_StdPeriph_Driver\src\stm32f10x_can.c 0x00000000   Number         0  stm32f10x_can.o ABSOLUTE
    Libraries\STM32F10x_StdPeriph_Driver\src\stm32f10x_cec.c 0x00000000   Number         0  stm32f10x_cec.o ABSOLUTE
    Libraries\STM32F10x_StdPeriph_Driver\src\stm32f10x_crc.c 0x00000000   Number         0  stm32f10x_crc.o ABSOLUTE
    Libraries\STM32F10x_StdPeriph_Driver\src\stm32f10x_dac.c 0x00000000   Number         0  stm32f10x_dac.o ABSOLUTE
    Libraries\STM32F10x_StdPeriph_Driver\src\stm32f10x_dbgmcu.c 0x00000000   Number         0  stm32f10x_dbgmcu.o ABSOLUTE
    Libraries\STM32F10x_StdPeriph_Driver\src\stm32f10x_dma.c 0x00000000   Number         0  stm32f10x_dma.o ABSOLUTE
    Libraries\STM32F10x_StdPeriph_Driver\src\stm32f10x_exti.c 0x00000000   Number         0  stm32f10x_exti.o ABSOLUTE
    Libraries\STM32F10x_StdPeriph_Driver\src\stm32f10x_flash.c 0x00000000   Number         0  stm32f10x_flash.o ABSOLUTE
    Libraries\STM32F10x_StdPeriph_Driver\src\stm32f10x_fsmc.c 0x00000000   Number         0  stm32f10x_fsmc.o ABSOLUTE
    Libraries\STM32F10x_StdPeriph_Driver\src\stm32f10x_gpio.c 0x00000000   Number         0  stm32f10x_gpio.o ABSOLUTE
    Libraries\STM32F10x_StdPeriph_Driver\src\stm32f10x_i2c.c 0x00000000   Number         0  stm32f10x_i2c.o ABSOLUTE
    Libraries\STM32F10x_StdPeriph_Driver\src\stm32f10x_iwdg.c 0x00000000   Number         0  stm32f10x_iwdg.o ABSOLUTE
    Libraries\STM32F10x_StdPeriph_Driver\src\stm32f10x_pwr.c 0x00000000   Number         0  stm32f10x_pwr.o ABSOLUTE
    Libraries\STM32F10x_StdPeriph_Driver\src\stm32f10x_rcc.c 0x00000000   Number         0  stm32f10x_rcc.o ABSOLUTE
    Libraries\STM32F10x_StdPeriph_Driver\src\stm32f10x_rtc.c 0x00000000   Number         0  stm32f10x_rtc.o ABSOLUTE
    Libraries\STM32F10x_StdPeriph_Driver\src\stm32f10x_sdio.c 0x00000000   Number         0  stm32f10x_sdio.o ABSOLUTE
    Libraries\STM32F10x_StdPeriph_Driver\src\stm32f10x_spi.c 0x00000000   Number         0  stm32f10x_spi.o ABSOLUTE
    Libraries\STM32F10x_StdPeriph_Driver\src\stm32f10x_tim.c 0x00000000   Number         0  stm32f10x_tim.o ABSOLUTE
    Libraries\STM32F10x_StdPeriph_Driver\src\stm32f10x_usart.c 0x00000000   Number         0  stm32f10x_usart.o ABSOLUTE
    Libraries\STM32F10x_StdPeriph_Driver\src\stm32f10x_wwdg.c 0x00000000   Number         0  stm32f10x_wwdg.o ABSOLUTE
    Libraries\\CMSIS\\CM3\\CoreSupport\\core_cm3.c 0x00000000   Number         0  core_cm3.o ABSOLUTE
    SRC\App\ADC.c                            0x00000000   Number         0  adc.o ABSOLUTE
    SRC\App\Common.c                         0x00000000   Number         0  common.o ABSOLUTE
    SRC\App\DS18B20.c                        0x00000000   Number         0  ds18b20.o ABSOLUTE
    SRC\App\Fire_control.c                   0x00000000   Number         0  fire_control.o ABSOLUTE
    SRC\App\Time2.c                          0x00000000   Number         0  time2.o ABSOLUTE
    SRC\App\Time4.c                          0x00000000   Number         0  time4.o ABSOLUTE
    SRC\App\algo.c                           0x00000000   Number         0  algo.o ABSOLUTE
    SRC\App\chip_uid.c                       0x00000000   Number         0  chip_uid.o ABSOLUTE
    SRC\App\data_backup.c                    0x00000000   Number         0  data_backup.o ABSOLUTE
    SRC\App\key.c                            0x00000000   Number         0  key.o ABSOLUTE
    SRC\App\main.c                           0x00000000   Number         0  main.o ABSOLUTE
    SRC\App\usart2_data.c                    0x00000000   Number         0  usart2_data.o ABSOLUTE
    SRC\Drives\Beep.c                        0x00000000   Number         0  beep.o ABSOLUTE
    SRC\Drives\LED.c                         0x00000000   Number         0  led.o ABSOLUTE
    SRC\Drives\RS485.c                       0x00000000   Number         0  rs485.o ABSOLUTE
    SRC\Drives\RTC.c                         0x00000000   Number         0  rtc.o ABSOLUTE
    SRC\Drives\can.c                         0x00000000   Number         0  can.o ABSOLUTE
    SRC\Drives\delay.c                       0x00000000   Number         0  delay.o ABSOLUTE
    SRC\Drives\flash.c                       0x00000000   Number         0  flash.o ABSOLUTE
    SRC\Drives\usart1_driver.c               0x00000000   Number         0  usart1_driver.o ABSOLUTE
    SRC\Drives\usart2_driver.c               0x00000000   Number         0  usart2_driver.o ABSOLUTE
    cdrcmple.s                               0x00000000   Number         0  cdrcmple.o ABSOLUTE
    dc.s                                     0x00000000   Number         0  dc.o ABSOLUTE
    handlers.s                               0x00000000   Number         0  handlers.o ABSOLUTE
    init.s                                   0x00000000   Number         0  init.o ABSOLUTE
    RESET                                    0x08000000   Section      236  startup_stm32f10x_md.o(RESET)
    .ARM.Collect$$$$00000000                 0x080000ec   Section        0  entry.o(.ARM.Collect$$$$00000000)
    .ARM.Collect$$$$00000001                 0x080000ec   Section        4  entry2.o(.ARM.Collect$$$$00000001)
    .ARM.Collect$$$$00000004                 0x080000f0   Section        4  entry5.o(.ARM.Collect$$$$00000004)
    .ARM.Collect$$$$00000008                 0x080000f4   Section        0  entry7b.o(.ARM.Collect$$$$00000008)
    .ARM.Collect$$$$0000000A                 0x080000f4   Section        0  entry8b.o(.ARM.Collect$$$$0000000A)
    .ARM.Collect$$$$0000000B                 0x080000f4   Section        8  entry9a.o(.ARM.Collect$$$$0000000B)
    .ARM.Collect$$$$0000000D                 0x080000fc   Section        0  entry10a.o(.ARM.Collect$$$$0000000D)
    .ARM.Collect$$$$0000000F                 0x080000fc   Section        0  entry11a.o(.ARM.Collect$$$$0000000F)
    .ARM.Collect$$$$00002712                 0x080000fc   Section        4  entry2.o(.ARM.Collect$$$$00002712)
    __lit__00000000                          0x080000fc   Data           4  entry2.o(.ARM.Collect$$$$00002712)
    .text                                    0x08000100   Section       36  startup_stm32f10x_md.o(.text)
    .text                                    0x08000124   Section        0  memcpya.o(.text)
    .text                                    0x08000148   Section        0  memseta.o(.text)
    .text                                    0x0800016c   Section        0  strlen.o(.text)
    .text                                    0x0800017a   Section        0  dadd.o(.text)
    .text                                    0x080002c8   Section        0  dmul.o(.text)
    .text                                    0x080003ac   Section        0  dflti.o(.text)
    .text                                    0x080003ce   Section        0  dfltui.o(.text)
    .text                                    0x080003e8   Section        0  dfixi.o(.text)
    .text                                    0x08000426   Section        0  dfixui.o(.text)
    .text                                    0x08000458   Section        0  f2d.o(.text)
    .text                                    0x08000480   Section       40  cdrcmple.o(.text)
    .text                                    0x080004a8   Section        0  d2f.o(.text)
    .text                                    0x080004e0   Section        0  uldiv.o(.text)
    .text                                    0x08000542   Section        0  llshl.o(.text)
    .text                                    0x08000560   Section        0  llushr.o(.text)
    .text                                    0x08000580   Section        0  llsshr.o(.text)
    .text                                    0x080005a4   Section        0  iusefp.o(.text)
    .text                                    0x080005a4   Section        0  fepilogue.o(.text)
    .text                                    0x08000610   Section        0  depilogue.o(.text)
    .text                                    0x080006d0   Section       36  init.o(.text)
    .text                                    0x080006f4   Section        0  __dczerorl2.o(.text)
    i.ADC_Cmd                                0x08000750   Section        0  stm32f10x_adc.o(i.ADC_Cmd)
    i.ADC_DMACmd                             0x08000764   Section        0  stm32f10x_adc.o(i.ADC_DMACmd)
    i.ADC_GetCalibrationStatus               0x08000778   Section        0  stm32f10x_adc.o(i.ADC_GetCalibrationStatus)
    i.ADC_GetResetCalibrationStatus          0x08000786   Section        0  stm32f10x_adc.o(i.ADC_GetResetCalibrationStatus)
    i.ADC_Init                               0x08000794   Section        0  stm32f10x_adc.o(i.ADC_Init)
    i.ADC_RegularChannelConfig               0x080007dc   Section        0  stm32f10x_adc.o(i.ADC_RegularChannelConfig)
    i.ADC_ResetCalibration                   0x08000850   Section        0  stm32f10x_adc.o(i.ADC_ResetCalibration)
    i.ADC_SoftwareStartConvCmd               0x0800085a   Section        0  stm32f10x_adc.o(i.ADC_SoftwareStartConvCmd)
    i.ADC_StartCalibration                   0x0800086e   Section        0  stm32f10x_adc.o(i.ADC_StartCalibration)
    i.BKP_DeInit                             0x08000878   Section        0  stm32f10x_bkp.o(i.BKP_DeInit)
    i.BKP_ReadBackupRegister                 0x0800088c   Section        0  stm32f10x_bkp.o(i.BKP_ReadBackupRegister)
    i.BKP_WriteBackupRegister                0x0800089c   Section        0  stm32f10x_bkp.o(i.BKP_WriteBackupRegister)
    i.Beep_reverse                           0x080008ac   Section        0  beep.o(i.Beep_reverse)
    i.CancelalarmKEY                         0x080008bc   Section        0  key.o(i.CancelalarmKEY)
    i.Cancelalarm_detection                  0x08000930   Section        0  key.o(i.Cancelalarm_detection)
    i.ConvCalendarToSecTime                  0x08000988   Section        0  rtc.o(i.ConvCalendarToSecTime)
    i.ConvSecTimeToCalendar                  0x080009a8   Section        0  rtc.o(i.ConvSecTimeToCalendar)
    i.DMA_Cmd                                0x080009c6   Section        0  stm32f10x_dma.o(i.DMA_Cmd)
    i.DMA_DeInit                             0x080009dc   Section        0  stm32f10x_dma.o(i.DMA_DeInit)
    i.DMA_Init                               0x08000abc   Section        0  stm32f10x_dma.o(i.DMA_Init)
    i.DS18B20_Check                          0x08000af8   Section        0  ds18b20.o(i.DS18B20_Check)
    i.DS18B20_GPIO                           0x08000b6c   Section        0  ds18b20.o(i.DS18B20_GPIO)
    i.DS18B20_Get_Temp                       0x08000b98   Section        0  ds18b20.o(i.DS18B20_Get_Temp)
    i.DS18B20_Read_Bit                       0x08000bf0   Section        0  ds18b20.o(i.DS18B20_Read_Bit)
    i.DS18B20_Read_Byte                      0x08000c54   Section        0  ds18b20.o(i.DS18B20_Read_Byte)
    i.DS18B20_Rst                            0x08000c74   Section        0  ds18b20.o(i.DS18B20_Rst)
    i.DS18B20_Start                          0x08000cb4   Section        0  ds18b20.o(i.DS18B20_Start)
    i.DS18B20_Write_Byte                     0x08000cd0   Section        0  ds18b20.o(i.DS18B20_Write_Byte)
    i.FLASH_ClearFlag                        0x08000d40   Section        0  stm32f10x_flash.o(i.FLASH_ClearFlag)
    i.FLASH_ErasePage                        0x08000d4c   Section        0  stm32f10x_flash.o(i.FLASH_ErasePage)
    i.FLASH_GetBank1Status                   0x08000d8c   Section        0  stm32f10x_flash.o(i.FLASH_GetBank1Status)
    i.FLASH_Lock                             0x08000db4   Section        0  stm32f10x_flash.o(i.FLASH_Lock)
    i.FLASH_ProgramWord                      0x08000dc4   Section        0  stm32f10x_flash.o(i.FLASH_ProgramWord)
    i.FLASH_Unlock                           0x08000e18   Section        0  stm32f10x_flash.o(i.FLASH_Unlock)
    i.FLASH_WaitForLastOperation             0x08000e30   Section        0  stm32f10x_flash.o(i.FLASH_WaitForLastOperation)
    i.Fire_init                              0x08000e54   Section        0  fire_control.o(i.Fire_init)
    i.Fire_off                               0x08000e80   Section        0  fire_control.o(i.Fire_off)
    i.Fire_on                                0x08000e8c   Section        0  fire_control.o(i.Fire_on)
    i.GPIO_Init                              0x08000e98   Section        0  stm32f10x_gpio.o(i.GPIO_Init)
    i.GPIO_ReadInputDataBit                  0x08000f36   Section        0  stm32f10x_gpio.o(i.GPIO_ReadInputDataBit)
    i.GPIO_ResetBits                         0x08000f44   Section        0  stm32f10x_gpio.o(i.GPIO_ResetBits)
    i.GPIO_SetBits                           0x08000f48   Section        0  stm32f10x_gpio.o(i.GPIO_SetBits)
    i.GetCheckCode_SUM_NOT                   0x08000f4c   Section        0  common.o(i.GetCheckCode_SUM_NOT)
    i.LED0_init                              0x08000f68   Section        0  led.o(i.LED0_init)
    i.LED0_reverse                           0x08000f94   Section        0  led.o(i.LED0_reverse)
    i.LED1_init                              0x08000fa4   Section        0  led.o(i.LED1_init)
    i.LED1_reverse                           0x08000fd0   Section        0  led.o(i.LED1_reverse)
    i.LED_init                               0x08000fe0   Section        0  led.o(i.LED_init)
    i.Led0_Turn_on                           0x08000ff0   Section        0  led.o(i.Led0_Turn_on)
    i.Led1_Turn_off                          0x08001000   Section        0  led.o(i.Led1_Turn_off)
    i.NVIC_Configuration                     0x08001010   Section        0  time4.o(i.NVIC_Configuration)
    i.NVIC_Init                              0x0800103c   Section        0  misc.o(i.NVIC_Init)
    i.NVIC_PriorityGroupConfig               0x080010a0   Section        0  misc.o(i.NVIC_PriorityGroupConfig)
    i.OUT_FIRE_detection                     0x080010b4   Section        0  key.o(i.OUT_FIRE_detection)
    i.OutfireKEY                             0x08001114   Section        0  key.o(i.OutfireKEY)
    i.PWR_BackupAccessCmd                    0x08001188   Section        0  stm32f10x_pwr.o(i.PWR_BackupAccessCmd)
    i.QNEFHS_Level_decide                    0x08001194   Section        0  algo.o(i.QNEFHS_Level_decide)
    i.QNEFHS_Sensor_processing               0x08001404   Section        0  algo.o(i.QNEFHS_Sensor_processing)
    i.RCC_AHBPeriphClockCmd                  0x08001558   Section        0  stm32f10x_rcc.o(i.RCC_AHBPeriphClockCmd)
    i.RCC_APB1PeriphClockCmd                 0x08001570   Section        0  stm32f10x_rcc.o(i.RCC_APB1PeriphClockCmd)
    i.RCC_APB2PeriphClockCmd                 0x08001588   Section        0  stm32f10x_rcc.o(i.RCC_APB2PeriphClockCmd)
    i.RCC_BackupResetCmd                     0x080015a0   Section        0  stm32f10x_rcc.o(i.RCC_BackupResetCmd)
    i.RCC_Configuration_485                  0x080015ac   Section        0  rs485.o(i.RCC_Configuration_485)
    i.RCC_GetClocksFreq                      0x080015b4   Section        0  stm32f10x_rcc.o(i.RCC_GetClocksFreq)
    i.RCC_GetFlagStatus                      0x08001648   Section        0  stm32f10x_rcc.o(i.RCC_GetFlagStatus)
    i.RCC_LSEConfig                          0x08001678   Section        0  stm32f10x_rcc.o(i.RCC_LSEConfig)
    i.RCC_RTCCLKCmd                          0x08001698   Section        0  stm32f10x_rcc.o(i.RCC_RTCCLKCmd)
    i.RCC_RTCCLKConfig                       0x080016a4   Section        0  stm32f10x_rcc.o(i.RCC_RTCCLKConfig)
    i.RTC_ClearITPendingBit                  0x080016b4   Section        0  stm32f10x_rtc.o(i.RTC_ClearITPendingBit)
    i.RTC_Configuration                      0x080016c4   Section        0  rtc.o(i.RTC_Configuration)
    i.RTC_EnterConfigMode                    0x0800171c   Section        0  stm32f10x_rtc.o(i.RTC_EnterConfigMode)
    i.RTC_ExitConfigMode                     0x0800172c   Section        0  stm32f10x_rtc.o(i.RTC_ExitConfigMode)
    i.RTC_GetCounter                         0x0800173c   Section        0  stm32f10x_rtc.o(i.RTC_GetCounter)
    i.RTC_GetITStatus                        0x08001750   Section        0  stm32f10x_rtc.o(i.RTC_GetITStatus)
    i.RTC_IRQHandler                         0x08001770   Section        0  rtc.o(i.RTC_IRQHandler)
    i.RTC_ITConfig                           0x080017b0   Section        0  stm32f10x_rtc.o(i.RTC_ITConfig)
    i.RTC_NVIC_Configuration                 0x080017c8   Section        0  rtc.o(i.RTC_NVIC_Configuration)
    i.RTC_SetCounter                         0x080017f0   Section        0  stm32f10x_rtc.o(i.RTC_SetCounter)
    i.RTC_SetPrescaler                       0x08001810   Section        0  stm32f10x_rtc.o(i.RTC_SetPrescaler)
    i.RTC_WaitForLastTask                    0x08001830   Section        0  stm32f10x_rtc.o(i.RTC_WaitForLastTask)
    i.RTC_WaitForSynchro                     0x08001840   Section        0  stm32f10x_rtc.o(i.RTC_WaitForSynchro)
    i.STM32_CMP_Encrypted_ID                 0x08001858   Section        0  chip_uid.o(i.STM32_CMP_Encrypted_ID)
    i.STM32_Encrypted_ID                     0x080018ac   Section        0  chip_uid.o(i.STM32_Encrypted_ID)
    i.STM32_Read_ID                          0x080018e8   Section        0  chip_uid.o(i.STM32_Read_ID)
    i.SecTime                                0x08001918   Section        0  rtc.o(i.SecTime)
    i.SetSysClockTo72                        0x080019a4   Section        0  system_stm32f10x.o(i.SetSysClockTo72)
    SetSysClockTo72                          0x080019a5   Thumb Code   160  system_stm32f10x.o(i.SetSysClockTo72)
    i.SystemInit                             0x08001a4c   Section        0  system_stm32f10x.o(i.SystemInit)
    i.TIM2_IRQHandler                        0x08001a8c   Section        0  time2.o(i.TIM2_IRQHandler)
    i.TIM2_Init                              0x08001ab2   Section        0  time2.o(i.TIM2_Init)
    i.TIM4_Configuration                     0x08001b08   Section        0  time4.o(i.TIM4_Configuration)
    i.TIM4_IRQHandler                        0x08001b54   Section        0  time4.o(i.TIM4_IRQHandler)
    i.TIM_ClearITPendingBit                  0x08001b80   Section        0  stm32f10x_tim.o(i.TIM_ClearITPendingBit)
    i.TIM_Cmd                                0x08001b86   Section        0  stm32f10x_tim.o(i.TIM_Cmd)
    i.TIM_GetITStatus                        0x08001b9a   Section        0  stm32f10x_tim.o(i.TIM_GetITStatus)
    i.TIM_ITConfig                           0x08001bb2   Section        0  stm32f10x_tim.o(i.TIM_ITConfig)
    i.TIM_TimeBaseInit                       0x08001bc4   Section        0  stm32f10x_tim.o(i.TIM_TimeBaseInit)
    i.Time_GetUnixTime                       0x08001c60   Section        0  rtc.o(i.Time_GetUnixTime)
    i.USART1_485_Configuration               0x08001c64   Section        0  rs485.o(i.USART1_485_Configuration)
    i.USART1_IRQHandler                      0x08001c9c   Section        0  usart1_driver.o(i.USART1_IRQHandler)
    i.USART1_Init                            0x08001cf0   Section        0  usart1_driver.o(i.USART1_Init)
    USART1_Init                              0x08001cf1   Thumb Code   150  usart1_driver.o(i.USART1_Init)
    i.USART2_IRQHandler                      0x08001d90   Section        0  usart2_driver.o(i.USART2_IRQHandler)
    i.USART_ClearFlag                        0x08001dc4   Section        0  stm32f10x_usart.o(i.USART_ClearFlag)
    i.USART_ClearITPendingBit                0x08001dca   Section        0  stm32f10x_usart.o(i.USART_ClearITPendingBit)
    i.USART_Cmd                              0x08001dd6   Section        0  stm32f10x_usart.o(i.USART_Cmd)
    i.USART_GetFlagStatus                    0x08001dea   Section        0  stm32f10x_usart.o(i.USART_GetFlagStatus)
    i.USART_GetITStatus                      0x08001df8   Section        0  stm32f10x_usart.o(i.USART_GetITStatus)
    i.USART_ITConfig                         0x08001e36   Section        0  stm32f10x_usart.o(i.USART_ITConfig)
    i.USART_Init                             0x08001e68   Section        0  stm32f10x_usart.o(i.USART_Init)
    i.USART_ReceiveData                      0x08001f1c   Section        0  stm32f10x_usart.o(i.USART_ReceiveData)
    i.USART_SendData                         0x08001f24   Section        0  stm32f10x_usart.o(i.USART_SendData)
    i.__0printf$5                            0x08001f2c   Section        0  printf5.o(i.__0printf$5)
    i.__scatterload_copy                     0x08001f4c   Section       14  handlers.o(i.__scatterload_copy)
    i.__scatterload_null                     0x08001f5a   Section        2  handlers.o(i.__scatterload_null)
    i.__scatterload_zeroinit                 0x08001f5c   Section       14  handlers.o(i.__scatterload_zeroinit)
    i._printf_core                           0x08001f6c   Section        0  printf5.o(i._printf_core)
    _printf_core                             0x08001f6d   Thumb Code   658  printf5.o(i._printf_core)
    i.alarm_led                              0x0800222c   Section        0  fire_control.o(i.alarm_led)
    i.algorithm_deal                         0x08002280   Section        0  algo.o(i.algorithm_deal)
    i.backup_begin                           0x08002334   Section        0  data_backup.o(i.backup_begin)
    i.backup_end                             0x08002358   Section        0  data_backup.o(i.backup_end)
    i.beep_init                              0x080023c0   Section        0  beep.o(i.beep_init)
    i.beep_off                               0x080023f4   Section        0  beep.o(i.beep_off)
    i.clear_backups                          0x08002400   Section        0  data_backup.o(i.clear_backups)
    i.clear_flash                            0x08002438   Section        0  flash.o(i.clear_flash)
    i.delay                                  0x0800245c   Section        0  led.o(i.delay)
    i.delay_init                             0x08002464   Section        0  delay.o(i.delay_init)
    delay_init                               0x08002465   Thumb Code    26  delay.o(i.delay_init)
    i.delay_ms                               0x08002484   Section        0  delay.o(i.delay_ms)
    delay_ms                                 0x08002485   Thumb Code    46  delay.o(i.delay_ms)
    i.delay_seconds                          0x080024b8   Section        0  delay.o(i.delay_seconds)
    delay_seconds                            0x080024b9   Thumb Code    28  delay.o(i.delay_seconds)
    i.delay_us                               0x080024d4   Section        0  delay.o(i.delay_us)
    delay_us                                 0x080024d5   Thumb Code    36  delay.o(i.delay_us)
    i.feed_back                              0x080024fc   Section        0  usart2_data.o(i.feed_back)
    i.fputc                                  0x08002540   Section        0  main.o(i.fputc)
    i.get_all_sensor_value                   0x08002564   Section        0  adc.o(i.get_all_sensor_value)
    i.get_u8_id                              0x080025e8   Section        0  chip_uid.o(i.get_u8_id)
    i.init_ad                                0x08002638   Section        0  adc.o(i.init_ad)
    i.key_GPIO_Configuration                 0x08002758   Section        0  key.o(i.key_GPIO_Configuration)
    i.localtime_h                            0x080027a0   Section        0  rtc.o(i.localtime_h)
    i.main                                   0x08002848   Section        0  main.o(i.main)
    i.read_backups                           0x08002898   Section        0  data_backup.o(i.read_backups)
    i.read_last_backup_time                  0x080028d0   Section        0  data_backup.o(i.read_last_backup_time)
    i.read_words_from_flash                  0x080028ec   Section        0  flash.o(i.read_words_from_flash)
    i.rs485_enable                           0x08002908   Section        0  rs485.o(i.rs485_enable)
    i.rs485_init                             0x08002914   Section        0  rs485.o(i.rs485_init)
    i.rs485_port_config                      0x08002930   Section        0  rs485.o(i.rs485_port_config)
    i.rs485_put_bytes                        0x08002988   Section        0  rs485.o(i.rs485_put_bytes)
    i.rs485_rx_en                            0x080029d0   Section        0  rs485.o(i.rs485_rx_en)
    i.rs485_tx_en                            0x080029dc   Section        0  rs485.o(i.rs485_tx_en)
    i.rtc_init                               0x080029e8   Section        0  rtc.o(i.rtc_init)
    i.save_words_to_flash                    0x080029f8   Section        0  flash.o(i.save_words_to_flash)
    i.start_rct                              0x08002a44   Section        0  rtc.o(i.start_rct)
    i.sys_hw_init                            0x08002b68   Section        0  main.o(i.sys_hw_init)
    i.time_show                              0x08002bd0   Section        0  rtc.o(i.time_show)
    i.timer2_init                            0x08002c2c   Section        0  time2.o(i.timer2_init)
    i.timer4_init                            0x08002c58   Section        0  time4.o(i.timer4_init)
    i.u32_to_u8_buf                          0x08002c68   Section        0  data_backup.o(i.u32_to_u8_buf)
    i.usart1_put_bytes                       0x08002ca4   Section        0  usart1_driver.o(i.usart1_put_bytes)
    usart1_put_bytes                         0x08002ca5   Thumb Code    54  usart1_driver.o(i.usart1_put_bytes)
    i.usart1_put_str                         0x08002ce0   Section        0  usart1_driver.o(i.usart1_put_str)
    usart1_put_str                           0x08002ce1   Thumb Code    48  usart1_driver.o(i.usart1_put_str)
    i.usart2_get_input                       0x08002d14   Section        0  usart2_driver.o(i.usart2_get_input)
    usart2_get_input                         0x08002d15   Thumb Code    60  usart2_driver.o(i.usart2_get_input)
    i.usart2_init                            0x08002d58   Section        0  usart2_driver.o(i.usart2_init)
    usart2_init                              0x08002d59   Thumb Code   174  usart2_driver.o(i.usart2_init)
    i.usart2_make_frame                      0x08002e14   Section        0  usart2_data.o(i.usart2_make_frame)
    i.usart2_packet_analy                    0x08002ec0   Section        0  usart2_data.o(i.usart2_packet_analy)
    i.usart2_packet_detect                   0x08002fb8   Section        0  usart2_data.o(i.usart2_packet_detect)
    i.usart2_put_bytes                       0x08003044   Section        0  usart2_driver.o(i.usart2_put_bytes)
    usart2_put_bytes                         0x08003045   Thumb Code    54  usart2_driver.o(i.usart2_put_bytes)
    i.usart2_put_str                         0x08003080   Section        0  usart2_driver.o(i.usart2_put_str)
    usart2_put_str                           0x08003081   Thumb Code    48  usart2_driver.o(i.usart2_put_str)
    i.voltage_CO                             0x080030b4   Section        0  adc.o(i.voltage_CO)
    i.voltage_smog                           0x08003100   Section        0  adc.o(i.voltage_smog)
    .constdata                               0x08003150   Section      136  algo.o(.constdata)
    .constdata                               0x080031d8   Section       28  rtc.o(.constdata)
    leap_year                                0x080031d8   Data           4  rtc.o(.constdata)
    month_days                               0x080031dc   Data          12  rtc.o(.constdata)
    month_days                               0x080031e8   Data          12  rtc.o(.constdata)
    .data                                    0x20000000   Section       20  stm32f10x_rcc.o(.data)
    ADCPrescTable                            0x20000000   Data           4  stm32f10x_rcc.o(.data)
    APBAHBPrescTable                         0x20000004   Data          16  stm32f10x_rcc.o(.data)
    .data                                    0x20000014   Section        1  time2.o(.data)
    .data                                    0x20000018   Section       48  algo.o(.data)
    i_number                                 0x2000001c   Data           2  algo.o(.data)
    .data                                    0x20000048   Section        8  key.o(.data)
    .data                                    0x20000050   Section        4  data_backup.o(.data)
    .data                                    0x20000054   Section       12  chip_uid.o(.data)
    .data                                    0x20000060   Section        4  delay.o(.data)
    fac_us                                   0x20000060   Data           1  delay.o(.data)
    fac_ms                                   0x20000062   Data           2  delay.o(.data)
    .data                                    0x20000064   Section       20  delay.o(.data)
    .data                                    0x20000078   Section     1568  usart1_driver.o(.data)
    .data                                    0x20000698   Section      796  usart2_driver.o(.data)
    .data                                    0x200009b4   Section        1  flash.o(.data)
    .data                                    0x200009b8   Section       48  rtc.o(.data)
    .data                                    0x200009e8   Section        4  stdout.o(.data)
    .bss                                     0x200009ec   Section       13  main.o(.bss)
    .bss                                     0x200009fa   Section       30  adc.o(.bss)
    .bss                                     0x20000a18   Section     1176  algo.o(.bss)
    .bss                                     0x20000eb0   Section       60  data_backup.o(.bss)
    STACK                                    0x20000ef0   Section     1024  startup_stm32f10x_md.o(STACK)

    Global Symbols

    Symbol Name                              Value     Ov Type        Size  Object(Section)

    BuildAttributes$$THM_ISAv4$P$D$K$B$S$PE$A:L22UL41UL21$X:L11$S22US41US21$IEEE1$IW$USESV6$~STKCKD$USESV7$~SHL$OTIME$ROPI$EBA8$MICROLIB$REQ8$PRES8$EABIv2 0x00000000   Number         0  anon$$obj.o ABSOLUTE
    __ARM_use_no_argv                        0x00000000   Number         0  main.o ABSOLUTE
    _printf_a                                0x00000000   Number         0  stubs.o ABSOLUTE
    _printf_c                                0x00000000   Number         0  stubs.o ABSOLUTE
    _printf_charcount                        0x00000000   Number         0  stubs.o ABSOLUTE
    _printf_d                                0x00000000   Number         0  stubs.o ABSOLUTE
    _printf_e                                0x00000000   Number         0  stubs.o ABSOLUTE
    _printf_f                                0x00000000   Number         0  stubs.o ABSOLUTE
    _printf_flags                            0x00000000   Number         0  stubs.o ABSOLUTE
    _printf_fp_dec                           0x00000000   Number         0  stubs.o ABSOLUTE
    _printf_fp_hex                           0x00000000   Number         0  stubs.o ABSOLUTE
    _printf_g                                0x00000000   Number         0  stubs.o ABSOLUTE
    _printf_i                                0x00000000   Number         0  stubs.o ABSOLUTE
    _printf_int_dec                          0x00000000   Number         0  stubs.o ABSOLUTE
    _printf_l                                0x00000000   Number         0  stubs.o ABSOLUTE
    _printf_lc                               0x00000000   Number         0  stubs.o ABSOLUTE
    _printf_ll                               0x00000000   Number         0  stubs.o ABSOLUTE
    _printf_lld                              0x00000000   Number         0  stubs.o ABSOLUTE
    _printf_lli                              0x00000000   Number         0  stubs.o ABSOLUTE
    _printf_llo                              0x00000000   Number         0  stubs.o ABSOLUTE
    _printf_llu                              0x00000000   Number         0  stubs.o ABSOLUTE
    _printf_llx                              0x00000000   Number         0  stubs.o ABSOLUTE
    _printf_longlong_dec                     0x00000000   Number         0  stubs.o ABSOLUTE
    _printf_longlong_hex                     0x00000000   Number         0  stubs.o ABSOLUTE
    _printf_longlong_oct                     0x00000000   Number         0  stubs.o ABSOLUTE
    _printf_ls                               0x00000000   Number         0  stubs.o ABSOLUTE
    _printf_mbtowc                           0x00000000   Number         0  stubs.o ABSOLUTE
    _printf_n                                0x00000000   Number         0  stubs.o ABSOLUTE
    _printf_o                                0x00000000   Number         0  stubs.o ABSOLUTE
    _printf_p                                0x00000000   Number         0  stubs.o ABSOLUTE
    _printf_percent                          0x00000000   Number         0  stubs.o ABSOLUTE
    _printf_pre_padding                      0x00000000   Number         0  stubs.o ABSOLUTE
    _printf_return_value                     0x00000000   Number         0  stubs.o ABSOLUTE
    _printf_s                                0x00000000   Number         0  stubs.o ABSOLUTE
    _printf_sizespec                         0x00000000   Number         0  stubs.o ABSOLUTE
    _printf_str                              0x00000000   Number         0  stubs.o ABSOLUTE
    _printf_truncate_signed                  0x00000000   Number         0  stubs.o ABSOLUTE
    _printf_truncate_unsigned                0x00000000   Number         0  stubs.o ABSOLUTE
    _printf_u                                0x00000000   Number         0  stubs.o ABSOLUTE
    _printf_wc                               0x00000000   Number         0  stubs.o ABSOLUTE
    _printf_wctomb                           0x00000000   Number         0  stubs.o ABSOLUTE
    _printf_widthprec                        0x00000000   Number         0  stubs.o ABSOLUTE
    _printf_x                                0x00000000   Number         0  stubs.o ABSOLUTE
    __cpp_initialize__aeabi_                  - Undefined Weak Reference
    __cxa_finalize                            - Undefined Weak Reference
    _clock_init                               - Undefined Weak Reference
    _microlib_exit                            - Undefined Weak Reference
    __Vectors_Size                           0x000000ec   Number         0  startup_stm32f10x_md.o ABSOLUTE
    __Vectors                                0x08000000   Data           4  startup_stm32f10x_md.o(RESET)
    __Vectors_End                            0x080000ec   Data           0  startup_stm32f10x_md.o(RESET)
    __main                                   0x080000ed   Thumb Code     0  entry.o(.ARM.Collect$$$$00000000)
    _main_stk                                0x080000ed   Thumb Code     0  entry2.o(.ARM.Collect$$$$00000001)
    _main_scatterload                        0x080000f1   Thumb Code     0  entry5.o(.ARM.Collect$$$$00000004)
    __main_after_scatterload                 0x080000f5   Thumb Code     0  entry5.o(.ARM.Collect$$$$00000004)
    _main_clock                              0x080000f5   Thumb Code     0  entry7b.o(.ARM.Collect$$$$00000008)
    _main_cpp_init                           0x080000f5   Thumb Code     0  entry8b.o(.ARM.Collect$$$$0000000A)
    _main_init                               0x080000f5   Thumb Code     0  entry9a.o(.ARM.Collect$$$$0000000B)
    __rt_final_cpp                           0x080000fd   Thumb Code     0  entry10a.o(.ARM.Collect$$$$0000000D)
    __rt_final_exit                          0x080000fd   Thumb Code     0  entry11a.o(.ARM.Collect$$$$0000000F)
    Reset_Handler                            0x08000101   Thumb Code     8  startup_stm32f10x_md.o(.text)
    NMI_Handler                              0x08000109   Thumb Code     2  startup_stm32f10x_md.o(.text)
    HardFault_Handler                        0x0800010b   Thumb Code     2  startup_stm32f10x_md.o(.text)
    MemManage_Handler                        0x0800010d   Thumb Code     2  startup_stm32f10x_md.o(.text)
    BusFault_Handler                         0x0800010f   Thumb Code     2  startup_stm32f10x_md.o(.text)
    UsageFault_Handler                       0x08000111   Thumb Code     2  startup_stm32f10x_md.o(.text)
    SVC_Handler                              0x08000113   Thumb Code     2  startup_stm32f10x_md.o(.text)
    DebugMon_Handler                         0x08000115   Thumb Code     2  startup_stm32f10x_md.o(.text)
    PendSV_Handler                           0x08000117   Thumb Code     2  startup_stm32f10x_md.o(.text)
    SysTick_Handler                          0x08000119   Thumb Code     2  startup_stm32f10x_md.o(.text)
    ADC1_2_IRQHandler                        0x0800011b   Thumb Code     0  startup_stm32f10x_md.o(.text)
    CAN1_RX1_IRQHandler                      0x0800011b   Thumb Code     0  startup_stm32f10x_md.o(.text)
    CAN1_SCE_IRQHandler                      0x0800011b   Thumb Code     0  startup_stm32f10x_md.o(.text)
    DMA1_Channel1_IRQHandler                 0x0800011b   Thumb Code     0  startup_stm32f10x_md.o(.text)
    DMA1_Channel2_IRQHandler                 0x0800011b   Thumb Code     0  startup_stm32f10x_md.o(.text)
    DMA1_Channel3_IRQHandler                 0x0800011b   Thumb Code     0  startup_stm32f10x_md.o(.text)
    DMA1_Channel4_IRQHandler                 0x0800011b   Thumb Code     0  startup_stm32f10x_md.o(.text)
    DMA1_Channel5_IRQHandler                 0x0800011b   Thumb Code     0  startup_stm32f10x_md.o(.text)
    DMA1_Channel6_IRQHandler                 0x0800011b   Thumb Code     0  startup_stm32f10x_md.o(.text)
    DMA1_Channel7_IRQHandler                 0x0800011b   Thumb Code     0  startup_stm32f10x_md.o(.text)
    EXTI0_IRQHandler                         0x0800011b   Thumb Code     0  startup_stm32f10x_md.o(.text)
    EXTI15_10_IRQHandler                     0x0800011b   Thumb Code     0  startup_stm32f10x_md.o(.text)
    EXTI1_IRQHandler                         0x0800011b   Thumb Code     0  startup_stm32f10x_md.o(.text)
    EXTI2_IRQHandler                         0x0800011b   Thumb Code     0  startup_stm32f10x_md.o(.text)
    EXTI3_IRQHandler                         0x0800011b   Thumb Code     0  startup_stm32f10x_md.o(.text)
    EXTI4_IRQHandler                         0x0800011b   Thumb Code     0  startup_stm32f10x_md.o(.text)
    EXTI9_5_IRQHandler                       0x0800011b   Thumb Code     0  startup_stm32f10x_md.o(.text)
    FLASH_IRQHandler                         0x0800011b   Thumb Code     0  startup_stm32f10x_md.o(.text)
    I2C1_ER_IRQHandler                       0x0800011b   Thumb Code     0  startup_stm32f10x_md.o(.text)
    I2C1_EV_IRQHandler                       0x0800011b   Thumb Code     0  startup_stm32f10x_md.o(.text)
    I2C2_ER_IRQHandler                       0x0800011b   Thumb Code     0  startup_stm32f10x_md.o(.text)
    I2C2_EV_IRQHandler                       0x0800011b   Thumb Code     0  startup_stm32f10x_md.o(.text)
    PVD_IRQHandler                           0x0800011b   Thumb Code     0  startup_stm32f10x_md.o(.text)
    RCC_IRQHandler                           0x0800011b   Thumb Code     0  startup_stm32f10x_md.o(.text)
    RTCAlarm_IRQHandler                      0x0800011b   Thumb Code     0  startup_stm32f10x_md.o(.text)
    SPI1_IRQHandler                          0x0800011b   Thumb Code     0  startup_stm32f10x_md.o(.text)
    SPI2_IRQHandler                          0x0800011b   Thumb Code     0  startup_stm32f10x_md.o(.text)
    TAMPER_IRQHandler                        0x0800011b   Thumb Code     0  startup_stm32f10x_md.o(.text)
    TIM1_BRK_IRQHandler                      0x0800011b   Thumb Code     0  startup_stm32f10x_md.o(.text)
    TIM1_CC_IRQHandler                       0x0800011b   Thumb Code     0  startup_stm32f10x_md.o(.text)
    TIM1_TRG_COM_IRQHandler                  0x0800011b   Thumb Code     0  startup_stm32f10x_md.o(.text)
    TIM1_UP_IRQHandler                       0x0800011b   Thumb Code     0  startup_stm32f10x_md.o(.text)
    TIM3_IRQHandler                          0x0800011b   Thumb Code     0  startup_stm32f10x_md.o(.text)
    USART3_IRQHandler                        0x0800011b   Thumb Code     0  startup_stm32f10x_md.o(.text)
    USBWakeUp_IRQHandler                     0x0800011b   Thumb Code     0  startup_stm32f10x_md.o(.text)
    USB_HP_CAN1_TX_IRQHandler                0x0800011b   Thumb Code     0  startup_stm32f10x_md.o(.text)
    USB_LP_CAN1_RX0_IRQHandler               0x0800011b   Thumb Code     0  startup_stm32f10x_md.o(.text)
    WWDG_IRQHandler                          0x0800011b   Thumb Code     0  startup_stm32f10x_md.o(.text)
    __aeabi_memcpy                           0x08000125   Thumb Code    36  memcpya.o(.text)
    __aeabi_memcpy4                          0x08000125   Thumb Code     0  memcpya.o(.text)
    __aeabi_memcpy8                          0x08000125   Thumb Code     0  memcpya.o(.text)
    __aeabi_memset                           0x08000149   Thumb Code    14  memseta.o(.text)
    __aeabi_memset4                          0x08000149   Thumb Code     0  memseta.o(.text)
    __aeabi_memset8                          0x08000149   Thumb Code     0  memseta.o(.text)
    __aeabi_memclr                           0x08000157   Thumb Code     4  memseta.o(.text)
    __aeabi_memclr4                          0x08000157   Thumb Code     0  memseta.o(.text)
    __aeabi_memclr8                          0x08000157   Thumb Code     0  memseta.o(.text)
    _memset$wrapper                          0x0800015b   Thumb Code    18  memseta.o(.text)
    strlen                                   0x0800016d   Thumb Code    14  strlen.o(.text)
    __aeabi_dadd                             0x0800017b   Thumb Code   322  dadd.o(.text)
    __aeabi_dsub                             0x080002bd   Thumb Code     6  dadd.o(.text)
    __aeabi_drsub                            0x080002c3   Thumb Code     6  dadd.o(.text)
    __aeabi_dmul                             0x080002c9   Thumb Code   228  dmul.o(.text)
    __aeabi_i2d                              0x080003ad   Thumb Code    34  dflti.o(.text)
    __aeabi_ui2d                             0x080003cf   Thumb Code    26  dfltui.o(.text)
    __aeabi_d2iz                             0x080003e9   Thumb Code    62  dfixi.o(.text)
    __aeabi_d2uiz                            0x08000427   Thumb Code    50  dfixui.o(.text)
    __aeabi_f2d                              0x08000459   Thumb Code    38  f2d.o(.text)
    __aeabi_cdrcmple                         0x08000481   Thumb Code    38  cdrcmple.o(.text)
    __aeabi_d2f                              0x080004a9   Thumb Code    56  d2f.o(.text)
    __aeabi_uldivmod                         0x080004e1   Thumb Code    98  uldiv.o(.text)
    __aeabi_llsl                             0x08000543   Thumb Code    30  llshl.o(.text)
    _ll_shift_l                              0x08000543   Thumb Code     0  llshl.o(.text)
    __aeabi_llsr                             0x08000561   Thumb Code    32  llushr.o(.text)
    _ll_ushift_r                             0x08000561   Thumb Code     0  llushr.o(.text)
    __aeabi_lasr                             0x08000581   Thumb Code    36  llsshr.o(.text)
    _ll_sshift_r                             0x08000581   Thumb Code     0  llsshr.o(.text)
    __I$use$fp                               0x080005a5   Thumb Code     0  iusefp.o(.text)
    _float_round                             0x080005a5   Thumb Code    18  fepilogue.o(.text)
    _float_epilogue                          0x080005b7   Thumb Code    90  fepilogue.o(.text)
    _double_round                            0x08000611   Thumb Code    26  depilogue.o(.text)
    _double_epilogue                         0x0800062b   Thumb Code   164  depilogue.o(.text)
    __scatterload                            0x080006d1   Thumb Code    28  init.o(.text)
    __scatterload_rt2                        0x080006d1   Thumb Code     0  init.o(.text)
    __decompress                             0x080006f5   Thumb Code     0  __dczerorl2.o(.text)
    __decompress1                            0x080006f5   Thumb Code    92  __dczerorl2.o(.text)
    ADC_Cmd                                  0x08000751   Thumb Code    20  stm32f10x_adc.o(i.ADC_Cmd)
    ADC_DMACmd                               0x08000765   Thumb Code    20  stm32f10x_adc.o(i.ADC_DMACmd)
    ADC_GetCalibrationStatus                 0x08000779   Thumb Code    14  stm32f10x_adc.o(i.ADC_GetCalibrationStatus)
    ADC_GetResetCalibrationStatus            0x08000787   Thumb Code    14  stm32f10x_adc.o(i.ADC_GetResetCalibrationStatus)
    ADC_Init                                 0x08000795   Thumb Code    62  stm32f10x_adc.o(i.ADC_Init)
    ADC_RegularChannelConfig                 0x080007dd   Thumb Code   116  stm32f10x_adc.o(i.ADC_RegularChannelConfig)
    ADC_ResetCalibration                     0x08000851   Thumb Code    10  stm32f10x_adc.o(i.ADC_ResetCalibration)
    ADC_SoftwareStartConvCmd                 0x0800085b   Thumb Code    20  stm32f10x_adc.o(i.ADC_SoftwareStartConvCmd)
    ADC_StartCalibration                     0x0800086f   Thumb Code    10  stm32f10x_adc.o(i.ADC_StartCalibration)
    BKP_DeInit                               0x08000879   Thumb Code    18  stm32f10x_bkp.o(i.BKP_DeInit)
    BKP_ReadBackupRegister                   0x0800088d   Thumb Code    12  stm32f10x_bkp.o(i.BKP_ReadBackupRegister)
    BKP_WriteBackupRegister                  0x0800089d   Thumb Code    12  stm32f10x_bkp.o(i.BKP_WriteBackupRegister)
    Beep_reverse                             0x080008ad   Thumb Code    12  beep.o(i.Beep_reverse)
    CancelalarmKEY                           0x080008bd   Thumb Code   100  key.o(i.CancelalarmKEY)
    Cancelalarm_detection                    0x08000931   Thumb Code    56  key.o(i.Cancelalarm_detection)
    ConvCalendarToSecTime                    0x08000989   Thumb Code    32  rtc.o(i.ConvCalendarToSecTime)
    ConvSecTimeToCalendar                    0x080009a9   Thumb Code    30  rtc.o(i.ConvSecTimeToCalendar)
    DMA_Cmd                                  0x080009c7   Thumb Code    20  stm32f10x_dma.o(i.DMA_Cmd)
    DMA_DeInit                               0x080009dd   Thumb Code   216  stm32f10x_dma.o(i.DMA_DeInit)
    DMA_Init                                 0x08000abd   Thumb Code    58  stm32f10x_dma.o(i.DMA_Init)
    DS18B20_Check                            0x08000af9   Thumb Code   108  ds18b20.o(i.DS18B20_Check)
    DS18B20_GPIO                             0x08000b6d   Thumb Code    38  ds18b20.o(i.DS18B20_GPIO)
    DS18B20_Get_Temp                         0x08000b99   Thumb Code    80  ds18b20.o(i.DS18B20_Get_Temp)
    DS18B20_Read_Bit                         0x08000bf1   Thumb Code    92  ds18b20.o(i.DS18B20_Read_Bit)
    DS18B20_Read_Byte                        0x08000c55   Thumb Code    32  ds18b20.o(i.DS18B20_Read_Byte)
    DS18B20_Rst                              0x08000c75   Thumb Code    56  ds18b20.o(i.DS18B20_Rst)
    DS18B20_Start                            0x08000cb5   Thumb Code    26  ds18b20.o(i.DS18B20_Start)
    DS18B20_Write_Byte                       0x08000cd1   Thumb Code   104  ds18b20.o(i.DS18B20_Write_Byte)
    FLASH_ClearFlag                          0x08000d41   Thumb Code     6  stm32f10x_flash.o(i.FLASH_ClearFlag)
    FLASH_ErasePage                          0x08000d4d   Thumb Code    60  stm32f10x_flash.o(i.FLASH_ErasePage)
    FLASH_GetBank1Status                     0x08000d8d   Thumb Code    34  stm32f10x_flash.o(i.FLASH_GetBank1Status)
    FLASH_Lock                               0x08000db5   Thumb Code    12  stm32f10x_flash.o(i.FLASH_Lock)
    FLASH_ProgramWord                        0x08000dc5   Thumb Code    80  stm32f10x_flash.o(i.FLASH_ProgramWord)
    FLASH_Unlock                             0x08000e19   Thumb Code    12  stm32f10x_flash.o(i.FLASH_Unlock)
    FLASH_WaitForLastOperation               0x08000e31   Thumb Code    36  stm32f10x_flash.o(i.FLASH_WaitForLastOperation)
    Fire_init                                0x08000e55   Thumb Code    38  fire_control.o(i.Fire_init)
    Fire_off                                 0x08000e81   Thumb Code     8  fire_control.o(i.Fire_off)
    Fire_on                                  0x08000e8d   Thumb Code     8  fire_control.o(i.Fire_on)
    GPIO_Init                                0x08000e99   Thumb Code   158  stm32f10x_gpio.o(i.GPIO_Init)
    GPIO_ReadInputDataBit                    0x08000f37   Thumb Code    14  stm32f10x_gpio.o(i.GPIO_ReadInputDataBit)
    GPIO_ResetBits                           0x08000f45   Thumb Code     4  stm32f10x_gpio.o(i.GPIO_ResetBits)
    GPIO_SetBits                             0x08000f49   Thumb Code     4  stm32f10x_gpio.o(i.GPIO_SetBits)
    GetCheckCode_SUM_NOT                     0x08000f4d   Thumb Code    28  common.o(i.GetCheckCode_SUM_NOT)
    LED0_init                                0x08000f69   Thumb Code    40  led.o(i.LED0_init)
    LED0_reverse                             0x08000f95   Thumb Code    12  led.o(i.LED0_reverse)
    LED1_init                                0x08000fa5   Thumb Code    40  led.o(i.LED1_init)
    LED1_reverse                             0x08000fd1   Thumb Code    12  led.o(i.LED1_reverse)
    LED_init                                 0x08000fe1   Thumb Code    14  led.o(i.LED_init)
    Led0_Turn_on                             0x08000ff1   Thumb Code    10  led.o(i.Led0_Turn_on)
    Led1_Turn_off                            0x08001001   Thumb Code    10  led.o(i.Led1_Turn_off)
    NVIC_Configuration                       0x08001011   Thumb Code    42  time4.o(i.NVIC_Configuration)
    NVIC_Init                                0x0800103d   Thumb Code    90  misc.o(i.NVIC_Init)
    NVIC_PriorityGroupConfig                 0x080010a1   Thumb Code    10  misc.o(i.NVIC_PriorityGroupConfig)
    OUT_FIRE_detection                       0x080010b5   Thumb Code    62  key.o(i.OUT_FIRE_detection)
    OutfireKEY                               0x08001115   Thumb Code   100  key.o(i.OutfireKEY)
    PWR_BackupAccessCmd                      0x08001189   Thumb Code     6  stm32f10x_pwr.o(i.PWR_BackupAccessCmd)
    QNEFHS_Level_decide                      0x08001195   Thumb Code   562  algo.o(i.QNEFHS_Level_decide)
    QNEFHS_Sensor_processing                 0x08001405   Thumb Code   300  algo.o(i.QNEFHS_Sensor_processing)
    RCC_AHBPeriphClockCmd                    0x08001559   Thumb Code    18  stm32f10x_rcc.o(i.RCC_AHBPeriphClockCmd)
    RCC_APB1PeriphClockCmd                   0x08001571   Thumb Code    18  stm32f10x_rcc.o(i.RCC_APB1PeriphClockCmd)
    RCC_APB2PeriphClockCmd                   0x08001589   Thumb Code    18  stm32f10x_rcc.o(i.RCC_APB2PeriphClockCmd)
    RCC_BackupResetCmd                       0x080015a1   Thumb Code     6  stm32f10x_rcc.o(i.RCC_BackupResetCmd)
    RCC_Configuration_485                    0x080015ad   Thumb Code     8  rs485.o(i.RCC_Configuration_485)
    RCC_GetClocksFreq                        0x080015b5   Thumb Code   130  stm32f10x_rcc.o(i.RCC_GetClocksFreq)
    RCC_GetFlagStatus                        0x08001649   Thumb Code    44  stm32f10x_rcc.o(i.RCC_GetFlagStatus)
    RCC_LSEConfig                            0x08001679   Thumb Code    28  stm32f10x_rcc.o(i.RCC_LSEConfig)
    RCC_RTCCLKCmd                            0x08001699   Thumb Code     6  stm32f10x_rcc.o(i.RCC_RTCCLKCmd)
    RCC_RTCCLKConfig                         0x080016a5   Thumb Code    10  stm32f10x_rcc.o(i.RCC_RTCCLKConfig)
    RTC_ClearITPendingBit                    0x080016b5   Thumb Code    10  stm32f10x_rtc.o(i.RTC_ClearITPendingBit)
    RTC_Configuration                        0x080016c5   Thumb Code    88  rtc.o(i.RTC_Configuration)
    RTC_EnterConfigMode                      0x0800171d   Thumb Code    12  stm32f10x_rtc.o(i.RTC_EnterConfigMode)
    RTC_ExitConfigMode                       0x0800172d   Thumb Code    12  stm32f10x_rtc.o(i.RTC_ExitConfigMode)
    RTC_GetCounter                           0x0800173d   Thumb Code    16  stm32f10x_rtc.o(i.RTC_GetCounter)
    RTC_GetITStatus                          0x08001751   Thumb Code    28  stm32f10x_rtc.o(i.RTC_GetITStatus)
    RTC_IRQHandler                           0x08001771   Thumb Code    54  rtc.o(i.RTC_IRQHandler)
    RTC_ITConfig                             0x080017b1   Thumb Code    18  stm32f10x_rtc.o(i.RTC_ITConfig)
    RTC_NVIC_Configuration                   0x080017c9   Thumb Code    40  rtc.o(i.RTC_NVIC_Configuration)
    RTC_SetCounter                           0x080017f1   Thumb Code    26  stm32f10x_rtc.o(i.RTC_SetCounter)
    RTC_SetPrescaler                         0x08001811   Thumb Code    28  stm32f10x_rtc.o(i.RTC_SetPrescaler)
    RTC_WaitForLastTask                      0x08001831   Thumb Code    10  stm32f10x_rtc.o(i.RTC_WaitForLastTask)
    RTC_WaitForSynchro                       0x08001841   Thumb Code    18  stm32f10x_rtc.o(i.RTC_WaitForSynchro)
    STM32_CMP_Encrypted_ID                   0x08001859   Thumb Code    54  chip_uid.o(i.STM32_CMP_Encrypted_ID)
    STM32_Encrypted_ID                       0x080018ad   Thumb Code    52  chip_uid.o(i.STM32_Encrypted_ID)
    STM32_Read_ID                            0x080018e9   Thumb Code    40  chip_uid.o(i.STM32_Read_ID)
    SecTime                                  0x08001919   Thumb Code   134  rtc.o(i.SecTime)
    SystemInit                               0x08001a4d   Thumb Code    52  system_stm32f10x.o(i.SystemInit)
    TIM2_IRQHandler                          0x08001a8d   Thumb Code    38  time2.o(i.TIM2_IRQHandler)
    TIM2_Init                                0x08001ab3   Thumb Code    86  time2.o(i.TIM2_Init)
    TIM4_Configuration                       0x08001b09   Thumb Code    72  time4.o(i.TIM4_Configuration)
    TIM4_IRQHandler                          0x08001b55   Thumb Code    34  time4.o(i.TIM4_IRQHandler)
    TIM_ClearITPendingBit                    0x08001b81   Thumb Code     6  stm32f10x_tim.o(i.TIM_ClearITPendingBit)
    TIM_Cmd                                  0x08001b87   Thumb Code    20  stm32f10x_tim.o(i.TIM_Cmd)
    TIM_GetITStatus                          0x08001b9b   Thumb Code    24  stm32f10x_tim.o(i.TIM_GetITStatus)
    TIM_ITConfig                             0x08001bb3   Thumb Code    16  stm32f10x_tim.o(i.TIM_ITConfig)
    TIM_TimeBaseInit                         0x08001bc5   Thumb Code   114  stm32f10x_tim.o(i.TIM_TimeBaseInit)
    Time_GetUnixTime                         0x08001c61   Thumb Code     4  rtc.o(i.Time_GetUnixTime)
    USART1_485_Configuration                 0x08001c65   Thumb Code    52  rs485.o(i.USART1_485_Configuration)
    USART1_IRQHandler                        0x08001c9d   Thumb Code    74  usart1_driver.o(i.USART1_IRQHandler)
    USART2_IRQHandler                        0x08001d91   Thumb Code    44  usart2_driver.o(i.USART2_IRQHandler)
    USART_ClearFlag                          0x08001dc5   Thumb Code     6  stm32f10x_usart.o(i.USART_ClearFlag)
    USART_ClearITPendingBit                  0x08001dcb   Thumb Code    12  stm32f10x_usart.o(i.USART_ClearITPendingBit)
    USART_Cmd                                0x08001dd7   Thumb Code    20  stm32f10x_usart.o(i.USART_Cmd)
    USART_GetFlagStatus                      0x08001deb   Thumb Code    14  stm32f10x_usart.o(i.USART_GetFlagStatus)
    USART_GetITStatus                        0x08001df9   Thumb Code    62  stm32f10x_usart.o(i.USART_GetITStatus)
    USART_ITConfig                           0x08001e37   Thumb Code    48  stm32f10x_usart.o(i.USART_ITConfig)
    USART_Init                               0x08001e69   Thumb Code   176  stm32f10x_usart.o(i.USART_Init)
    USART_ReceiveData                        0x08001f1d   Thumb Code     8  stm32f10x_usart.o(i.USART_ReceiveData)
    USART_SendData                           0x08001f25   Thumb Code     8  stm32f10x_usart.o(i.USART_SendData)
    __0printf$5                              0x08001f2d   Thumb Code    22  printf5.o(i.__0printf$5)
    __1printf$5                              0x08001f2d   Thumb Code     0  printf5.o(i.__0printf$5)
    __2printf                                0x08001f2d   Thumb Code     0  printf5.o(i.__0printf$5)
    __scatterload_copy                       0x08001f4d   Thumb Code    14  handlers.o(i.__scatterload_copy)
    __scatterload_null                       0x08001f5b   Thumb Code     2  handlers.o(i.__scatterload_null)
    __scatterload_zeroinit                   0x08001f5d   Thumb Code    14  handlers.o(i.__scatterload_zeroinit)
    alarm_led                                0x0800222d   Thumb Code    84  fire_control.o(i.alarm_led)
    algorithm_deal                           0x08002281   Thumb Code   158  algo.o(i.algorithm_deal)
    backup_begin                             0x08002335   Thumb Code    28  data_backup.o(i.backup_begin)
    backup_end                               0x08002359   Thumb Code    90  data_backup.o(i.backup_end)
    beep_init                                0x080023c1   Thumb Code    48  beep.o(i.beep_init)
    beep_off                                 0x080023f5   Thumb Code     8  beep.o(i.beep_off)
    clear_backups                            0x08002401   Thumb Code    42  data_backup.o(i.clear_backups)
    clear_flash                              0x08002439   Thumb Code    30  flash.o(i.clear_flash)
    delay                                    0x0800245d   Thumb Code     6  led.o(i.delay)
    feed_back                                0x080024fd   Thumb Code    46  usart2_data.o(i.feed_back)
    fputc                                    0x08002541   Thumb Code    30  main.o(i.fputc)
    get_all_sensor_value                     0x08002565   Thumb Code   108  adc.o(i.get_all_sensor_value)
    get_u8_id                                0x080025e9   Thumb Code    78  chip_uid.o(i.get_u8_id)
    init_ad                                  0x08002639   Thumb Code   268  adc.o(i.init_ad)
    key_GPIO_Configuration                   0x08002759   Thumb Code    66  key.o(i.key_GPIO_Configuration)
    localtime_h                              0x080027a1   Thumb Code   164  rtc.o(i.localtime_h)
    main                                     0x08002849   Thumb Code    52  main.o(i.main)
    read_backups                             0x08002899   Thumb Code    46  data_backup.o(i.read_backups)
    read_last_backup_time                    0x080028d1   Thumb Code    18  data_backup.o(i.read_last_backup_time)
    read_words_from_flash                    0x080028ed   Thumb Code    26  flash.o(i.read_words_from_flash)
    rs485_enable                             0x08002909   Thumb Code     8  rs485.o(i.rs485_enable)
    rs485_init                               0x08002915   Thumb Code    26  rs485.o(i.rs485_init)
    rs485_port_config                        0x08002931   Thumb Code    84  rs485.o(i.rs485_port_config)
    rs485_put_bytes                          0x08002989   Thumb Code    68  rs485.o(i.rs485_put_bytes)
    rs485_rx_en                              0x080029d1   Thumb Code     8  rs485.o(i.rs485_rx_en)
    rs485_tx_en                              0x080029dd   Thumb Code     8  rs485.o(i.rs485_tx_en)
    rtc_init                                 0x080029e9   Thumb Code    14  rtc.o(i.rtc_init)
    save_words_to_flash                      0x080029f9   Thumb Code    70  flash.o(i.save_words_to_flash)
    start_rct                                0x08002a45   Thumb Code   136  rtc.o(i.start_rct)
    sys_hw_init                              0x08002b69   Thumb Code    82  main.o(i.sys_hw_init)
    time_show                                0x08002bd1   Thumb Code    58  rtc.o(i.time_show)
    timer2_init                              0x08002c2d   Thumb Code    44  time2.o(i.timer2_init)
    timer4_init                              0x08002c59   Thumb Code    14  time4.o(i.timer4_init)
    u32_to_u8_buf                            0x08002c69   Thumb Code    58  data_backup.o(i.u32_to_u8_buf)
    usart2_make_frame                        0x08002e15   Thumb Code   162  usart2_data.o(i.usart2_make_frame)
    usart2_packet_analy                      0x08002ec1   Thumb Code   140  usart2_data.o(i.usart2_packet_analy)
    usart2_packet_detect                     0x08002fb9   Thumb Code   126  usart2_data.o(i.usart2_packet_detect)
    voltage_CO                               0x080030b5   Thumb Code    62  adc.o(i.voltage_CO)
    voltage_smog                             0x08003101   Thumb Code    64  adc.o(i.voltage_smog)
    window_value                             0x08003150   Data         136  algo.o(.constdata)
    Region$$Table$$Base                      0x080031f4   Number         0  anon$$obj.o(Region$$Table)
    Region$$Table$$Limit                     0x08003214   Number         0  anon$$obj.o(Region$$Table)
    Preheat_flag_time                        0x20000014   Data           1  time2.o(.data)
    three_sensor_level                       0x20000018   Data           1  algo.o(.data)
    Fire_state                               0x20000019   Data           1  algo.o(.data)
    three_sensor_num                         0x2000001a   Data           2  algo.o(.data)
    Tem_NUM_LEVEL_arry                       0x2000001e   Data           4  algo.o(.data)
    CO_NUM_LEVEL_arry                        0x20000022   Data           4  algo.o(.data)
    SMOG_NUM_LEVEL_arry                      0x20000026   Data           4  algo.o(.data)
    eigenvalue_tem                           0x20000030   Data           8  algo.o(.data)
    eigenvalue_CO                            0x20000038   Data           8  algo.o(.data)
    eigenvalue_Smog                          0x20000040   Data           8  algo.o(.data)
    Cancel_alarm_flag                        0x20000048   Data           1  key.o(.data)
    lngcounter                               0x2000004c   Data           4  key.o(.data)
    BackNo                                   0x20000050   Data           1  data_backup.o(.data)
    BackupFlag                               0x20000051   Data           1  data_backup.o(.data)
    currentFireLevel                         0x20000052   Data           1  data_backup.o(.data)
    actType                                  0x20000053   Data           1  data_backup.o(.data)
    STM32_ID_addr                            0x20000054   Data          12  chip_uid.o(.data)
    system_delay                             0x20000064   Data          20  delay.o(.data)
    usart1                                   0x20000078   Data        1568  usart1_driver.o(.data)
    usart2                                   0x20000698   Data         796  usart2_driver.o(.data)
    FLASHStatus                              0x200009b4   Data           1  flash.o(.data)
    sys_sec_flag                             0x200009b8   Data           1  rtc.o(.data)
    CurrentTime                              0x200009bc   Data           4  rtc.o(.data)
    preheat_num                              0x200009c0   Data           4  rtc.o(.data)
    time_now                                 0x200009c4   Data          36  rtc.o(.data)
    __stdout                                 0x200009e8   Data           4  stdout.o(.data)
    sensor_frame                             0x200009ec   Data          13  main.o(.bss)
    ADCConvertedValue                        0x200009fa   Data          30  adc.o(.bss)
    data_reserve_arry_tem                    0x20000a18   Data         256  algo.o(.bss)
    data_deal_arry_tem                       0x20000b18   Data         136  algo.o(.bss)
    data_reserve_arry_CO                     0x20000ba0   Data         256  algo.o(.bss)
    data_deal_arry_CO                        0x20000ca0   Data         136  algo.o(.bss)
    data_reserve_arry_SMOG                   0x20000d28   Data         256  algo.o(.bss)
    data_deal_arry_SMOG                      0x20000e28   Data         136  algo.o(.bss)
    sysDataBackup                            0x20000eb0   Data          20  data_backup.o(.bss)
    backupsData                              0x20000ec4   Data          40  data_backup.o(.bss)
    __initial_sp                             0x200012f0   Data           0  startup_stm32f10x_md.o(STACK)



==============================================================================

Memory Map of the image

  Image Entry point : 0x08000101

  Load Region LR_1 (Base: 0x08000000, Size: 0x00003c00, Max: 0xffffffff, ABSOLUTE, COMPRESSED[0x00003280])

    Execution Region ER_RO (Base: 0x08000000, Size: 0x00003214, Max: 0xffffffff, ABSOLUTE)

    Base Addr    Size         Type   Attr      Idx    E Section Name        Object

    0x08000000   0x000000ec   Data   RO            3    RESET               startup_stm32f10x_md.o
    0x080000ec   0x00000000   Code   RO         4054  * .ARM.Collect$$$$00000000  mc_w.l(entry.o)
    0x080000ec   0x00000004   Code   RO         4344    .ARM.Collect$$$$00000001  mc_w.l(entry2.o)
    0x080000f0   0x00000004   Code   RO         4347    .ARM.Collect$$$$00000004  mc_w.l(entry5.o)
    0x080000f4   0x00000000   Code   RO         4349    .ARM.Collect$$$$00000008  mc_w.l(entry7b.o)
    0x080000f4   0x00000000   Code   RO         4351    .ARM.Collect$$$$0000000A  mc_w.l(entry8b.o)
    0x080000f4   0x00000008   Code   RO         4352    .ARM.Collect$$$$0000000B  mc_w.l(entry9a.o)
    0x080000fc   0x00000000   Code   RO         4354    .ARM.Collect$$$$0000000D  mc_w.l(entry10a.o)
    0x080000fc   0x00000000   Code   RO         4356    .ARM.Collect$$$$0000000F  mc_w.l(entry11a.o)
    0x080000fc   0x00000004   Code   RO         4345    .ARM.Collect$$$$00002712  mc_w.l(entry2.o)
    0x08000100   0x00000024   Code   RO            4  * .text               startup_stm32f10x_md.o
    0x08000124   0x00000024   Code   RO         4057    .text               mc_w.l(memcpya.o)
    0x08000148   0x00000024   Code   RO         4059    .text               mc_w.l(memseta.o)
    0x0800016c   0x0000000e   Code   RO         4061    .text               mc_w.l(strlen.o)
    0x0800017a   0x0000014e   Code   RO         4326    .text               mf_w.l(dadd.o)
    0x080002c8   0x000000e4   Code   RO         4328    .text               mf_w.l(dmul.o)
    0x080003ac   0x00000022   Code   RO         4330    .text               mf_w.l(dflti.o)
    0x080003ce   0x0000001a   Code   RO         4332    .text               mf_w.l(dfltui.o)
    0x080003e8   0x0000003e   Code   RO         4334    .text               mf_w.l(dfixi.o)
    0x08000426   0x00000032   Code   RO         4336    .text               mf_w.l(dfixui.o)
    0x08000458   0x00000026   Code   RO         4338    .text               mf_w.l(f2d.o)
    0x0800047e   0x00000002   PAD
    0x08000480   0x00000028   Code   RO         4340    .text               mf_w.l(cdrcmple.o)
    0x080004a8   0x00000038   Code   RO         4342    .text               mf_w.l(d2f.o)
    0x080004e0   0x00000062   Code   RO         4361    .text               mc_w.l(uldiv.o)
    0x08000542   0x0000001e   Code   RO         4363    .text               mc_w.l(llshl.o)
    0x08000560   0x00000020   Code   RO         4365    .text               mc_w.l(llushr.o)
    0x08000580   0x00000024   Code   RO         4367    .text               mc_w.l(llsshr.o)
    0x080005a4   0x00000000   Code   RO         4369    .text               mc_w.l(iusefp.o)
    0x080005a4   0x0000006c   Code   RO         4370    .text               mf_w.l(fepilogue.o)
    0x08000610   0x000000be   Code   RO         4372    .text               mf_w.l(depilogue.o)
    0x080006ce   0x00000002   PAD
    0x080006d0   0x00000024   Code   RO         4378    .text               mc_w.l(init.o)
    0x080006f4   0x0000005c   Code   RO         4388    .text               mc_w.l(__dczerorl2.o)
    0x08000750   0x00000014   Code   RO          118    i.ADC_Cmd           stm32f10x_adc.o
    0x08000764   0x00000014   Code   RO          119    i.ADC_DMACmd        stm32f10x_adc.o
    0x08000778   0x0000000e   Code   RO          126    i.ADC_GetCalibrationStatus  stm32f10x_adc.o
    0x08000786   0x0000000e   Code   RO          132    i.ADC_GetResetCalibrationStatus  stm32f10x_adc.o
    0x08000794   0x00000048   Code   RO          136    i.ADC_Init          stm32f10x_adc.o
    0x080007dc   0x00000074   Code   RO          140    i.ADC_RegularChannelConfig  stm32f10x_adc.o
    0x08000850   0x0000000a   Code   RO          141    i.ADC_ResetCalibration  stm32f10x_adc.o
    0x0800085a   0x00000014   Code   RO          143    i.ADC_SoftwareStartConvCmd  stm32f10x_adc.o
    0x0800086e   0x0000000a   Code   RO          145    i.ADC_StartCalibration  stm32f10x_adc.o
    0x08000878   0x00000012   Code   RO          336    i.BKP_DeInit        stm32f10x_bkp.o
    0x0800088a   0x00000002   PAD
    0x0800088c   0x00000010   Code   RO          341    i.BKP_ReadBackupRegister  stm32f10x_bkp.o
    0x0800089c   0x00000010   Code   RO          345    i.BKP_WriteBackupRegister  stm32f10x_bkp.o
    0x080008ac   0x00000010   Code   RO         3838    i.Beep_reverse      beep.o
    0x080008bc   0x00000074   Code   RO         3372    i.CancelalarmKEY    key.o
    0x08000930   0x00000058   Code   RO         3373    i.Cancelalarm_detection  key.o
    0x08000988   0x00000020   Code   RO         3982    i.ConvCalendarToSecTime  rtc.o
    0x080009a8   0x0000001e   Code   RO         3983    i.ConvSecTimeToCalendar  rtc.o
    0x080009c6   0x00000014   Code   RO          788    i.DMA_Cmd           stm32f10x_dma.o
    0x080009da   0x00000002   PAD
    0x080009dc   0x000000e0   Code   RO          789    i.DMA_DeInit        stm32f10x_dma.o
    0x08000abc   0x0000003a   Code   RO          794    i.DMA_Init          stm32f10x_dma.o
    0x08000af6   0x00000002   PAD
    0x08000af8   0x00000074   Code   RO         3176    i.DS18B20_Check     ds18b20.o
    0x08000b6c   0x0000002c   Code   RO         3177    i.DS18B20_GPIO      ds18b20.o
    0x08000b98   0x00000058   Code   RO         3178    i.DS18B20_Get_Temp  ds18b20.o
    0x08000bf0   0x00000064   Code   RO         3179    i.DS18B20_Read_Bit  ds18b20.o
    0x08000c54   0x00000020   Code   RO         3180    i.DS18B20_Read_Byte  ds18b20.o
    0x08000c74   0x00000040   Code   RO         3181    i.DS18B20_Rst       ds18b20.o
    0x08000cb4   0x0000001a   Code   RO         3182    i.DS18B20_Start     ds18b20.o
    0x08000cce   0x00000002   PAD
    0x08000cd0   0x00000070   Code   RO         3183    i.DS18B20_Write_Byte  ds18b20.o
    0x08000d40   0x0000000c   Code   RO          906    i.FLASH_ClearFlag   stm32f10x_flash.o
    0x08000d4c   0x00000040   Code   RO          911    i.FLASH_ErasePage   stm32f10x_flash.o
    0x08000d8c   0x00000028   Code   RO          912    i.FLASH_GetBank1Status  stm32f10x_flash.o
    0x08000db4   0x00000010   Code   RO          921    i.FLASH_Lock        stm32f10x_flash.o
    0x08000dc4   0x00000054   Code   RO          926    i.FLASH_ProgramWord  stm32f10x_flash.o
    0x08000e18   0x00000018   Code   RO          929    i.FLASH_Unlock      stm32f10x_flash.o
    0x08000e30   0x00000024   Code   RO          933    i.FLASH_WaitForLastOperation  stm32f10x_flash.o
    0x08000e54   0x0000002c   Code   RO         3336    i.Fire_init         fire_control.o
    0x08000e80   0x0000000c   Code   RO         3337    i.Fire_off          fire_control.o
    0x08000e8c   0x0000000c   Code   RO         3338    i.Fire_on           fire_control.o
    0x08000e98   0x0000009e   Code   RO         1204    i.GPIO_Init         stm32f10x_gpio.o
    0x08000f36   0x0000000e   Code   RO         1208    i.GPIO_ReadInputDataBit  stm32f10x_gpio.o
    0x08000f44   0x00000004   Code   RO         1211    i.GPIO_ResetBits    stm32f10x_gpio.o
    0x08000f48   0x00000004   Code   RO         1212    i.GPIO_SetBits      stm32f10x_gpio.o
    0x08000f4c   0x0000001c   Code   RO         3826    i.GetCheckCode_SUM_NOT  common.o
    0x08000f68   0x0000002c   Code   RO         3703    i.LED0_init         led.o
    0x08000f94   0x00000010   Code   RO         3704    i.LED0_reverse      led.o
    0x08000fa4   0x0000002c   Code   RO         3705    i.LED1_init         led.o
    0x08000fd0   0x00000010   Code   RO         3706    i.LED1_reverse      led.o
    0x08000fe0   0x0000000e   Code   RO         3707    i.LED_init          led.o
    0x08000fee   0x00000002   PAD
    0x08000ff0   0x00000010   Code   RO         3709    i.Led0_Turn_on      led.o
    0x08001000   0x00000010   Code   RO         3710    i.Led1_Turn_off     led.o
    0x08001010   0x0000002a   Code   RO         3504    i.NVIC_Configuration  time4.o
    0x0800103a   0x00000002   PAD
    0x0800103c   0x00000064   Code   RO           10    i.NVIC_Init         misc.o
    0x080010a0   0x00000014   Code   RO           11    i.NVIC_PriorityGroupConfig  misc.o
    0x080010b4   0x00000060   Code   RO         3374    i.OUT_FIRE_detection  key.o
    0x08001114   0x00000074   Code   RO         3375    i.OutfireKEY        key.o
    0x08001188   0x0000000c   Code   RO         1555    i.PWR_BackupAccessCmd  stm32f10x_pwr.o
    0x08001194   0x00000270   Code   RO         3305    i.QNEFHS_Level_decide  algo.o
    0x08001404   0x00000154   Code   RO         3306    i.QNEFHS_Sensor_processing  algo.o
    0x08001558   0x00000018   Code   RO         1619    i.RCC_AHBPeriphClockCmd  stm32f10x_rcc.o
    0x08001570   0x00000018   Code   RO         1620    i.RCC_APB1PeriphClockCmd  stm32f10x_rcc.o
    0x08001588   0x00000018   Code   RO         1622    i.RCC_APB2PeriphClockCmd  stm32f10x_rcc.o
    0x080015a0   0x0000000c   Code   RO         1625    i.RCC_BackupResetCmd  stm32f10x_rcc.o
    0x080015ac   0x00000008   Code   RO         3868    i.RCC_Configuration_485  rs485.o
    0x080015b4   0x00000094   Code   RO         1630    i.RCC_GetClocksFreq  stm32f10x_rcc.o
    0x08001648   0x00000030   Code   RO         1631    i.RCC_GetFlagStatus  stm32f10x_rcc.o
    0x08001678   0x00000020   Code   RO         1638    i.RCC_LSEConfig     stm32f10x_rcc.o
    0x08001698   0x0000000c   Code   RO         1645    i.RCC_RTCCLKCmd     stm32f10x_rcc.o
    0x080016a4   0x00000010   Code   RO         1646    i.RCC_RTCCLKConfig  stm32f10x_rcc.o
    0x080016b4   0x00000010   Code   RO         1819    i.RTC_ClearITPendingBit  stm32f10x_rtc.o
    0x080016c4   0x00000058   Code   RO         3984    i.RTC_Configuration  rtc.o
    0x0800171c   0x00000010   Code   RO         1820    i.RTC_EnterConfigMode  stm32f10x_rtc.o
    0x0800172c   0x00000010   Code   RO         1821    i.RTC_ExitConfigMode  stm32f10x_rtc.o
    0x0800173c   0x00000014   Code   RO         1822    i.RTC_GetCounter    stm32f10x_rtc.o
    0x08001750   0x00000020   Code   RO         1825    i.RTC_GetITStatus   stm32f10x_rtc.o
    0x08001770   0x00000040   Code   RO         3985    i.RTC_IRQHandler    rtc.o
    0x080017b0   0x00000018   Code   RO         1826    i.RTC_ITConfig      stm32f10x_rtc.o
    0x080017c8   0x00000028   Code   RO         3986    i.RTC_NVIC_Configuration  rtc.o
    0x080017f0   0x00000020   Code   RO         1828    i.RTC_SetCounter    stm32f10x_rtc.o
    0x08001810   0x00000020   Code   RO         1829    i.RTC_SetPrescaler  stm32f10x_rtc.o
    0x08001830   0x00000010   Code   RO         1830    i.RTC_WaitForLastTask  stm32f10x_rtc.o
    0x08001840   0x00000018   Code   RO         1831    i.RTC_WaitForSynchro  stm32f10x_rtc.o
    0x08001858   0x00000054   Code   RO         3534    i.STM32_CMP_Encrypted_ID  chip_uid.o
    0x080018ac   0x0000003c   Code   RO         3535    i.STM32_Encrypted_ID  chip_uid.o
    0x080018e8   0x00000030   Code   RO         3536    i.STM32_Read_ID     chip_uid.o
    0x08001918   0x0000008c   Code   RO         3987    i.SecTime           rtc.o
    0x080019a4   0x000000a8   Code   RO         3014    i.SetSysClockTo72   system_stm32f10x.o
    0x08001a4c   0x00000040   Code   RO         3016    i.SystemInit        system_stm32f10x.o
    0x08001a8c   0x00000026   Code   RO         3271    i.TIM2_IRQHandler   time2.o
    0x08001ab2   0x00000056   Code   RO         3272    i.TIM2_Init         time2.o
    0x08001b08   0x0000004c   Code   RO         3505    i.TIM4_Configuration  time4.o
    0x08001b54   0x0000002c   Code   RO         3506    i.TIM4_IRQHandler   time4.o
    0x08001b80   0x00000006   Code   RO         2246    i.TIM_ClearITPendingBit  stm32f10x_tim.o
    0x08001b86   0x00000014   Code   RO         2251    i.TIM_Cmd           stm32f10x_tim.o
    0x08001b9a   0x00000018   Code   RO         2272    i.TIM_GetITStatus   stm32f10x_tim.o
    0x08001bb2   0x00000010   Code   RO         2276    i.TIM_ITConfig      stm32f10x_tim.o
    0x08001bc2   0x00000002   PAD
    0x08001bc4   0x0000009c   Code   RO         2322    i.TIM_TimeBaseInit  stm32f10x_tim.o
    0x08001c60   0x00000004   Code   RO         3988    i.Time_GetUnixTime  rtc.o
    0x08001c64   0x00000038   Code   RO         3869    i.USART1_485_Configuration  rs485.o
    0x08001c9c   0x00000054   Code   RO         3632    i.USART1_IRQHandler  usart1_driver.o
    0x08001cf0   0x000000a0   Code   RO         3633    i.USART1_Init       usart1_driver.o
    0x08001d90   0x00000034   Code   RO         3665    i.USART2_IRQHandler  usart2_driver.o
    0x08001dc4   0x00000006   Code   RO         2770    i.USART_ClearFlag   stm32f10x_usart.o
    0x08001dca   0x0000000c   Code   RO         2771    i.USART_ClearITPendingBit  stm32f10x_usart.o
    0x08001dd6   0x00000014   Code   RO         2774    i.USART_Cmd         stm32f10x_usart.o
    0x08001dea   0x0000000e   Code   RO         2777    i.USART_GetFlagStatus  stm32f10x_usart.o
    0x08001df8   0x0000003e   Code   RO         2778    i.USART_GetITStatus  stm32f10x_usart.o
    0x08001e36   0x00000030   Code   RO         2780    i.USART_ITConfig    stm32f10x_usart.o
    0x08001e66   0x00000002   PAD
    0x08001e68   0x000000b4   Code   RO         2781    i.USART_Init        stm32f10x_usart.o
    0x08001f1c   0x00000008   Code   RO         2788    i.USART_ReceiveData  stm32f10x_usart.o
    0x08001f24   0x00000008   Code   RO         2791    i.USART_SendData    stm32f10x_usart.o
    0x08001f2c   0x00000020   Code   RO         4198    i.__0printf$5       mc_w.l(printf5.o)
    0x08001f4c   0x0000000e   Code   RO         4382    i.__scatterload_copy  mc_w.l(handlers.o)
    0x08001f5a   0x00000002   Code   RO         4383    i.__scatterload_null  mc_w.l(handlers.o)
    0x08001f5c   0x0000000e   Code   RO         4384    i.__scatterload_zeroinit  mc_w.l(handlers.o)
    0x08001f6a   0x00000002   PAD
    0x08001f6c   0x000002c0   Code   RO         4205    i._printf_core      mc_w.l(printf5.o)
    0x0800222c   0x00000054   Code   RO         3340    i.alarm_led         fire_control.o
    0x08002280   0x000000b4   Code   RO         3307    i.algorithm_deal    algo.o
    0x08002334   0x00000024   Code   RO         3414    i.backup_begin      data_backup.o
    0x08002358   0x00000068   Code   RO         3416    i.backup_end        data_backup.o
    0x080023c0   0x00000034   Code   RO         3839    i.beep_init         beep.o
    0x080023f4   0x0000000c   Code   RO         3840    i.beep_off          beep.o
    0x08002400   0x00000038   Code   RO         3418    i.clear_backups     data_backup.o
    0x08002438   0x00000024   Code   RO         3937    i.clear_flash       flash.o
    0x0800245c   0x00000006   Code   RO         3712    i.delay             led.o
    0x08002462   0x00000002   PAD
    0x08002464   0x00000020   Code   RO         3599    i.delay_init        delay.o
    0x08002484   0x00000034   Code   RO         3600    i.delay_ms          delay.o
    0x080024b8   0x0000001c   Code   RO         3601    i.delay_seconds     delay.o
    0x080024d4   0x00000028   Code   RO         3602    i.delay_us          delay.o
    0x080024fc   0x00000044   Code   RO         3568    i.feed_back         usart2_data.o
    0x08002540   0x00000024   Code   RO         3063    i.fputc             main.o
    0x08002564   0x00000084   Code   RO         3229    i.get_all_sensor_value  adc.o
    0x080025e8   0x0000004e   Code   RO         3537    i.get_u8_id         chip_uid.o
    0x08002636   0x00000002   PAD
    0x08002638   0x00000120   Code   RO         3230    i.init_ad           adc.o
    0x08002758   0x00000048   Code   RO         3376    i.key_GPIO_Configuration  key.o
    0x080027a0   0x000000a8   Code   RO         3989    i.localtime_h       rtc.o
    0x08002848   0x00000050   Code   RO         3064    i.main              main.o
    0x08002898   0x00000038   Code   RO         3422    i.read_backups      data_backup.o
    0x080028d0   0x0000001c   Code   RO         3423    i.read_last_backup_time  data_backup.o
    0x080028ec   0x0000001a   Code   RO         3939    i.read_words_from_flash  flash.o
    0x08002906   0x00000002   PAD
    0x08002908   0x0000000c   Code   RO         3871    i.rs485_enable      rs485.o
    0x08002914   0x0000001a   Code   RO         3872    i.rs485_init        rs485.o
    0x0800292e   0x00000002   PAD
    0x08002930   0x00000058   Code   RO         3873    i.rs485_port_config  rs485.o
    0x08002988   0x00000048   Code   RO         3874    i.rs485_put_bytes   rs485.o
    0x080029d0   0x0000000c   Code   RO         3877    i.rs485_rx_en       rs485.o
    0x080029dc   0x0000000c   Code   RO         3878    i.rs485_tx_en       rs485.o
    0x080029e8   0x0000000e   Code   RO         3990    i.rtc_init          rtc.o
    0x080029f6   0x00000002   PAD
    0x080029f8   0x0000004c   Code   RO         3941    i.save_words_to_flash  flash.o
    0x08002a44   0x00000124   Code   RO         3991    i.start_rct         rtc.o
    0x08002b68   0x00000068   Code   RO         3065    i.sys_hw_init       main.o
    0x08002bd0   0x0000005c   Code   RO         3992    i.time_show         rtc.o
    0x08002c2c   0x0000002c   Code   RO         3273    i.timer2_init       time2.o
    0x08002c58   0x0000000e   Code   RO         3507    i.timer4_init       time4.o
    0x08002c66   0x00000002   PAD
    0x08002c68   0x0000003a   Code   RO         3425    i.u32_to_u8_buf     data_backup.o
    0x08002ca2   0x00000002   PAD
    0x08002ca4   0x0000003c   Code   RO         3634    i.usart1_put_bytes  usart1_driver.o
    0x08002ce0   0x00000034   Code   RO         3635    i.usart1_put_str    usart1_driver.o
    0x08002d14   0x00000044   Code   RO         3666    i.usart2_get_input  usart2_driver.o
    0x08002d58   0x000000bc   Code   RO         3667    i.usart2_init       usart2_driver.o
    0x08002e14   0x000000ac   Code   RO         3569    i.usart2_make_frame  usart2_data.o
    0x08002ec0   0x000000f8   Code   RO         3570    i.usart2_packet_analy  usart2_data.o
    0x08002fb8   0x0000008c   Code   RO         3571    i.usart2_packet_detect  usart2_data.o
    0x08003044   0x0000003c   Code   RO         3668    i.usart2_put_bytes  usart2_driver.o
    0x08003080   0x00000034   Code   RO         3669    i.usart2_put_str    usart2_driver.o
    0x080030b4   0x0000004c   Code   RO         3231    i.voltage_CO        adc.o
    0x08003100   0x0000004c   Code   RO         3233    i.voltage_smog      adc.o
    0x0800314c   0x00000004   PAD
    0x08003150   0x00000088   Data   RO         3310    .constdata          algo.o
    0x080031d8   0x0000001c   Data   RO         3993    .constdata          rtc.o
    0x080031f4   0x00000020   Data   RO         4380    Region$$Table       anon$$obj.o


    Execution Region ER_RW (Base: 0x20000000, Size: 0x000009ec, Max: 0xffffffff, ABSOLUTE, COMPRESSED[0x0000006c])

    Base Addr    Size         Type   Attr      Idx    E Section Name        Object

    0x20000000   0x00000014   Data   RW         1650    .data               stm32f10x_rcc.o
    0x20000014   0x00000001   Data   RW         3277    .data               time2.o
    0x20000015   0x00000003   PAD
    0x20000018   0x00000030   Data   RW         3311    .data               algo.o
    0x20000048   0x00000008   Data   RW         3377    .data               key.o
    0x20000050   0x00000004   Data   RW         3427    .data               data_backup.o
    0x20000054   0x0000000c   Data   RW         3539    .data               chip_uid.o
    0x20000060   0x00000004   Data   RW         3603    .data               delay.o
    0x20000064   0x00000014   Data   RW         3604    .data               delay.o
    0x20000078   0x00000620   Data   RW         3636    .data               usart1_driver.o
    0x20000698   0x0000031c   Data   RW         3670    .data               usart2_driver.o
    0x200009b4   0x00000001   Data   RW         3943    .data               flash.o
    0x200009b5   0x00000003   PAD
    0x200009b8   0x00000030   Data   RW         3994    .data               rtc.o
    0x200009e8   0x00000004   Data   RW         4358    .data               mc_w.l(stdout.o)


    Execution Region ER_ZI (Base: 0x200009ec, Size: 0x00000904, Max: 0xffffffff, ABSOLUTE)

    Base Addr    Size         Type   Attr      Idx    E Section Name        Object

    0x200009ec   0x0000000d   Zero   RW         3066    .bss                main.o
    0x200009f9   0x00000001   PAD
    0x200009fa   0x0000001e   Zero   RW         3235    .bss                adc.o
    0x20000a18   0x00000498   Zero   RW         3308    .bss                algo.o
    0x20000eb0   0x0000003c   Zero   RW         3426    .bss                data_backup.o
    0x20000eec   0x00000004   PAD
    0x20000ef0   0x00000400   Zero   RW            1    STACK               startup_stm32f10x_md.o


==============================================================================

Image component sizes


      Code (inc. data)   RO Data    RW Data    ZI Data      Debug   Object Name

       572         70          0          0         30       3465   adc.o
      1144        124        136         48       1176       3873   algo.o
        80         12          0          0          0       1258   beep.o
       270         46          0         12          0       2702   chip_uid.o
        28          0          0          0          0        571   common.o
       338         56          0          4         60       4684   data_backup.o
       152         16          0         24          0       2471   delay.o
       582         46          0          0          0       4734   ds18b20.o
       152         14          0          0          0       1889   fire_control.o
       138         12          0          1          0       2186   flash.o
       488        104          0          8          0       3051   key.o
       172         28          0          0          0       3774   led.o
       220         56          0          0         13       5419   main.o
       120         20          0          0          0     282431   misc.o
       286         24          0          0          0       4263   rs485.o
       964        210         28         48          0       6790   rtc.o
        36          8        236          0       1024        880   startup_stm32f10x_md.o
       296         10          0          0          0       7193   stm32f10x_adc.o
        50          8          0          0          0       2772   stm32f10x_bkp.o
       302          8          0          0          0       2922   stm32f10x_dma.o
       276         36          0          0          0       5769   stm32f10x_flash.o
       180          0          0          0          0       3424   stm32f10x_gpio.o
        12          6          0          0          0        510   stm32f10x_pwr.o
       340         62          0         20          0       7722   stm32f10x_rcc.o
       228         50          0          0          0       5786   stm32f10x_rtc.o
       222         42          0          0          0       4433   stm32f10x_tim.o
       358          4          0          0          0       6965   stm32f10x_usart.o
       232         20          0          0          0       1693   system_stm32f10x.o
       168          0          0          1          0       2502   time2.o
       176         14          0          0          0       2181   time4.o
       356         30          0       1568          0       3813   usart1_driver.o
       628        160          0          0          0       2733   usart2_data.o
       420         40          0        796          0       3997   usart2_driver.o

    ----------------------------------------------------------------------
     10020       1340        432       2536       2308     398856   Object Totals
         0          0         32          0          0          0   (incl. Generated)
        34          4          0          6          5          0   (incl. Padding)

    ----------------------------------------------------------------------

      Code (inc. data)   RO Data    RW Data    ZI Data      Debug   Library Member Name

        92          0          0          0          0          0   __dczerorl2.o
         0          0          0          0          0          0   entry.o
         0          0          0          0          0          0   entry10a.o
         0          0          0          0          0          0   entry11a.o
         8          4          0          0          0          0   entry2.o
         4          0          0          0          0          0   entry5.o
         0          0          0          0          0          0   entry7b.o
         0          0          0          0          0          0   entry8b.o
         8          4          0          0          0          0   entry9a.o
        30          0          0          0          0          0   handlers.o
        36          8          0          0          0         68   init.o
         0          0          0          0          0          0   iusefp.o
        30          0          0          0          0         68   llshl.o
        36          0          0          0          0         68   llsshr.o
        32          0          0          0          0         68   llushr.o
        36          0          0          0          0         68   memcpya.o
        36          0          0          0          0        108   memseta.o
       736         56          0          0          0        184   printf5.o
         0          0          0          4          0          0   stdout.o
        14          0          0          0          0         68   strlen.o
        98          0          0          0          0         92   uldiv.o
        40          2          0          0          0         68   cdrcmple.o
        56          0          0          0          0         88   d2f.o
       334          0          0          0          0        144   dadd.o
       190          0          0          0          0        176   depilogue.o
        62          0          0          0          0         80   dfixi.o
        50          0          0          0          0         76   dfixui.o
        34          0          0          0          0         76   dflti.o
        26          0          0          0          0         76   dfltui.o
       228          0          0          0          0         92   dmul.o
        38          0          0          0          0         68   f2d.o
       108          0          0          0          0        168   fepilogue.o

    ----------------------------------------------------------------------
      2368         74          0          4          0       1904   Library Totals
         6          0          0          0          0          0   (incl. Padding)

    ----------------------------------------------------------------------

      Code (inc. data)   RO Data    RW Data    ZI Data      Debug   Library Name

      1196         72          0          4          0        792   mc_w.l
      1166          2          0          0          0       1112   mf_w.l

    ----------------------------------------------------------------------
      2368         74          0          4          0       1904   Library Totals

    ----------------------------------------------------------------------

==============================================================================


      Code (inc. data)   RO Data    RW Data    ZI Data      Debug   

     12388       1414        432       2540       2308     391660   Grand Totals
     12388       1414        432        108       2308     391660   ELF Image Totals (compressed)
     12388       1414        432        108          0          0   ROM Totals

==============================================================================

    Total RO  Size (Code + RO Data)                12820 (  12.52kB)
    Total RW  Size (RW Data + ZI Data)              4848 (   4.73kB)
    Total ROM Size (Code + RO Data + RW Data)      12928 (  12.63kB)

==============================================================================

